Component: ARM Compiler 5.05 (build 41) Tool: armlink [4d0eb9]

==============================================================================

Section Cross References

    stm32f0_discovery.o(i.STM_EVAL_LEDInit) refers to stm32f0xx_rcc.o(i.RCC_AHBPeriphClockCmd) for RCC_AHBPeriphClockCmd
    stm32f0_discovery.o(i.STM_EVAL_LEDInit) refers to stm32f0xx_gpio.o(i.GPIO_Init) for GPIO_Init
    stm32f0_discovery.o(i.STM_EVAL_LEDInit) refers to led.o(.constdata) for GPIO_CLK
    stm32f0_discovery.o(i.STM_EVAL_LEDInit) refers to led.o(.data) for GPIO_PORT
    stm32f0_discovery.o(i.STM_EVAL_LEDOff) refers to led.o(.constdata) for GPIO_PIN
    stm32f0_discovery.o(i.STM_EVAL_LEDOff) refers to led.o(.data) for GPIO_PORT
    stm32f0_discovery.o(i.STM_EVAL_LEDOn) refers to led.o(.constdata) for GPIO_PIN
    stm32f0_discovery.o(i.STM_EVAL_LEDOn) refers to led.o(.data) for GPIO_PORT
    stm32f0_discovery.o(i.STM_EVAL_LEDToggle) refers to led.o(.data) for GPIO_PORT
    stm32f0_discovery.o(i.STM_EVAL_LEDToggle) refers to led.o(.constdata) for GPIO_PIN
    stm32f0_discovery.o(i.STM_EVAL_PBGetState) refers to stm32f0xx_gpio.o(i.GPIO_ReadInputDataBit) for GPIO_ReadInputDataBit
    stm32f0_discovery.o(i.STM_EVAL_PBGetState) refers to stm32f0_discovery.o(.constdata) for BUTTON_PIN
    stm32f0_discovery.o(i.STM_EVAL_PBGetState) refers to stm32f0_discovery.o(.data) for BUTTON_PORT
    stm32f0_discovery.o(i.STM_EVAL_PBInit) refers to stm32f0xx_rcc.o(i.RCC_AHBPeriphClockCmd) for RCC_AHBPeriphClockCmd
    stm32f0_discovery.o(i.STM_EVAL_PBInit) refers to stm32f0xx_rcc.o(i.RCC_APB2PeriphClockCmd) for RCC_APB2PeriphClockCmd
    stm32f0_discovery.o(i.STM_EVAL_PBInit) refers to stm32f0xx_gpio.o(i.GPIO_Init) for GPIO_Init
    stm32f0_discovery.o(i.STM_EVAL_PBInit) refers to stm32f0xx_syscfg.o(i.SYSCFG_EXTILineConfig) for SYSCFG_EXTILineConfig
    stm32f0_discovery.o(i.STM_EVAL_PBInit) refers to stm32f0xx_exti.o(i.EXTI_Init) for EXTI_Init
    stm32f0_discovery.o(i.STM_EVAL_PBInit) refers to stm32f0xx_misc.o(i.NVIC_Init) for NVIC_Init
    stm32f0_discovery.o(i.STM_EVAL_PBInit) refers to stm32f0_discovery.o(.constdata) for BUTTON_CLK
    stm32f0_discovery.o(i.STM_EVAL_PBInit) refers to stm32f0_discovery.o(.data) for BUTTON_PORT
    startup_stm32f0xx.o(STACK) refers (Special) to heapauxi.o(.text) for __use_two_region_memory
    startup_stm32f0xx.o(HEAP) refers (Special) to heapauxi.o(.text) for __use_two_region_memory
    startup_stm32f0xx.o(RESET) refers (Special) to heapauxi.o(.text) for __use_two_region_memory
    startup_stm32f0xx.o(RESET) refers to startup_stm32f0xx.o(STACK) for __initial_sp
    startup_stm32f0xx.o(RESET) refers to startup_stm32f0xx.o(.text) for Reset_Handler
    startup_stm32f0xx.o(RESET) refers to stm32f0xx_it.o(i.NMI_Handler) for NMI_Handler
    startup_stm32f0xx.o(RESET) refers to stm32f0xx_it.o(i.HardFault_Handler) for HardFault_Handler
    startup_stm32f0xx.o(RESET) refers to stm32f0xx_it.o(i.SVC_Handler) for SVC_Handler
    startup_stm32f0xx.o(RESET) refers to stm32f0xx_it.o(i.PendSV_Handler) for PendSV_Handler
    startup_stm32f0xx.o(RESET) refers to stm32f0xx_it.o(i.SysTick_Handler) for SysTick_Handler
    startup_stm32f0xx.o(RESET) refers to stm32f0xx_it.o(i.RTC_IRQHandler) for RTC_IRQHandler
    startup_stm32f0xx.o(RESET) refers to stm32f0xx_it.o(i.EXTI0_1_IRQHandler) for EXTI0_1_IRQHandler
    startup_stm32f0xx.o(RESET) refers to stm32f0xx_it.o(i.EXTI4_15_IRQHandler) for EXTI4_15_IRQHandler
    startup_stm32f0xx.o(RESET) refers to stm32f0xx_it.o(i.TIM3_IRQHandler) for TIM3_IRQHandler
    startup_stm32f0xx.o(RESET) refers to usart1.o(i.USART1_IRQHandler) for USART1_IRQHandler
    startup_stm32f0xx.o(RESET) refers to usart1.o(i.USART2_IRQHandler) for USART2_IRQHandler
    startup_stm32f0xx.o(.text) refers (Special) to heapauxi.o(.text) for __use_two_region_memory
    startup_stm32f0xx.o(.text) refers to system_stm32f0xx.o(i.SystemInit) for SystemInit
    startup_stm32f0xx.o(.text) refers to __main.o(!!!main) for __main
    startup_stm32f0xx.o(.text) refers to startup_stm32f0xx.o(HEAP) for Heap_Mem
    startup_stm32f0xx.o(.text) refers to startup_stm32f0xx.o(STACK) for Stack_Mem
    main.o(i.Delay) refers to main.o(.data) for TimingDelay
    main.o(i.RTC_Config) refers to stm32f0xx_rcc.o(i.RCC_APB1PeriphClockCmd) for RCC_APB1PeriphClockCmd
    main.o(i.RTC_Config) refers to stm32f0xx_pwr.o(i.PWR_BackupAccessCmd) for PWR_BackupAccessCmd
    main.o(i.RTC_Config) refers to stm32f0xx_rcc.o(i.RCC_BackupResetCmd) for RCC_BackupResetCmd
    main.o(i.RTC_Config) refers to stm32f0xx_rcc.o(i.RCC_LSICmd) for RCC_LSICmd
    main.o(i.RTC_Config) refers to stm32f0xx_rcc.o(i.RCC_GetFlagStatus) for RCC_GetFlagStatus
    main.o(i.RTC_Config) refers to stm32f0xx_rcc.o(i.RCC_RTCCLKConfig) for RCC_RTCCLKConfig
    main.o(i.RTC_Config) refers to stm32f0xx_rcc.o(i.RCC_RTCCLKCmd) for RCC_RTCCLKCmd
    main.o(i.RTC_Config) refers to stm32f0xx_rtc.o(i.RTC_WaitForSynchro) for RTC_WaitForSynchro
[...]
    i.TIM_PrescalerConfig                    0x08007b94   Section        0  stm32f0xx_tim.o(i.TIM_PrescalerConfig)
    i.TIM_SetCompare3                        0x08007b9a   Section        0  stm32f0xx_tim.o(i.TIM_SetCompare3)
    i.TIM_TimeBaseInit                       0x08007ba0   Section        0  stm32f0xx_tim.o(i.TIM_TimeBaseInit)
    i.UART0_ReceiveData                      0x08007c1c   Section        0  usart1.o(i.UART0_ReceiveData)
    i.UDPSendData                            0x08007c5c   Section        0  gsm.o(i.UDPSendData)
    i.USART1_IRQHandler                      0x08007d98   Section        0  usart1.o(i.USART1_IRQHandler)
    i.USART2_IRQHandler                      0x08007fb0   Section        0  usart1.o(i.USART2_IRQHandler)
    i.USART_ClearITPendingBit                0x080081b4   Section        0  stm32f0xx_usart.o(i.USART_ClearITPendingBit)
    i.USART_Cmd                              0x080081c6   Section        0  stm32f0xx_usart.o(i.USART_Cmd)
    i.USART_DeInit                           0x080081e0   Section        0  stm32f0xx_usart.o(i.USART_DeInit)
    i.USART_GetITStatus                      0x08008220   Section        0  stm32f0xx_usart.o(i.USART_GetITStatus)
    i.USART_ITConfig                         0x0800826e   Section        0  stm32f0xx_usart.o(i.USART_ITConfig)
    i.USART_Init                             0x080082b0   Section        0  stm32f0xx_usart.o(i.USART_Init)
    i.USART_ReceiveData                      0x080083a4   Section        0  stm32f0xx_usart.o(i.USART_ReceiveData)
    i.USART_SendData                         0x080083ae   Section        0  stm32f0xx_usart.o(i.USART_SendData)
    i.UbxConfig                              0x080083b8   Section        0  usart1.o(i.UbxConfig)
    i.WaitGSMOK                              0x08008468   Section        0  gsm.o(i.WaitGSMOK)
    i.WaitGSMOK1                             0x080084f0   Section        0  gsm.o(i.WaitGSMOK1)
    i.__ARM_common_switch8                   0x08008580   Section        0  smscmd.o(i.__ARM_common_switch8)
    i.analysis                               0x0800859c   Section        0  gprs.o(i.analysis)
    i.analysis_sms                           0x08008648   Section        0  smscmd.o(i.analysis_sms)
    i.asciitodate                            0x080092b0   Section        0  gprs.o(i.asciitodate)
    i.asciitodirection                       0x08009560   Section        0  gprs.o(i.asciitodirection)
    i.asciitohex                             0x080095fc   Section        0  gsm.o(i.asciitohex)
    i.asciitolatitude                        0x08009708   Section        0  gprs.o(i.asciitolatitude)
    i.asciitospeed                           0x080097c8   Section        0  gprs.o(i.asciitospeed)
    i.cmd_0002                               0x08009888   Section        0  gprs.o(i.cmd_0002)
    i.cmd_0200                               0x0800990c   Section        0  gprs.o(i.cmd_0200)
    i.cmd_CHINESE_POSITION_rece              0x08009960   Section        0  gprs.o(i.cmd_CHINESE_POSITION_rece)
    i.cmd_CSKMG                              0x080099e4   Section        0  smscmd.o(i.cmd_CSKMG)
    i.cmd_GENERAL_RESPONSION                 0x08009a48   Section        0  gprs.o(i.cmd_GENERAL_RESPONSION)
    i.cmd_INQUIRE_CHINESE_POSITION           0x08009af4   Section        0  gprs.o(i.cmd_INQUIRE_CHINESE_POSITION)
    i.cmd_INQUIRE_ONE_TERMINAL_PARAMETER     0x08009c98   Section        0  gprs.o(i.cmd_INQUIRE_ONE_TERMINAL_PARAMETER)
    i.cmd_INQUIRE_POSITION                   0x0800a138   Section        0  gprs.o(i.cmd_INQUIRE_POSITION)
    i.cmd_INQUIRE_TERMINAL_PARAMETER         0x0800a17c   Section        0  gprs.o(i.cmd_INQUIRE_TERMINAL_PARAMETER)
    i.cmd_OIL_BREAK                          0x0800a584   Section        0  gprs.o(i.cmd_OIL_BREAK)
    i.cmd_SET_GPRS_SERVICER                  0x0800a61c   Section        0  gprs.o(i.cmd_SET_GPRS_SERVICER)
    i.cmd_SET_TERMINAL_PARAMETER             0x0800a620   Section        0  gprs.o(i.cmd_SET_TERMINAL_PARAMETER)
    i.constructor                            0x0800a90c   Section        0  gprs.o(i.constructor)
    i.ddi_uart_Write                         0x0800a9c4   Section        0  usart1.o(i.ddi_uart_Write)
    i.ddi_uart_init                          0x0800aa20   Section        0  usart1.o(i.ddi_uart_init)
    i.ddi_uart_open                          0x0800ab3c   Section        0  usart1.o(i.ddi_uart_open)
    i.delayms                                0x0800ac70   Section        0  i2c_lsm330.o(i.delayms)
    i.delayus                                0x0800acb8   Section        0  i2c_lsm330.o(i.delayus)
    i.energy                                 0x0800acf0   Section        0  main.o(i.energy)
    i.get_ACC_CHECK_status                   0x0800b05c   Section        0  led.o(i.get_ACC_CHECK_status)
    i.get_ALARM_status                       0x0800b076   Section        0  led.o(i.get_ALARM_status)
    i.get_GSM_RING_status                    0x0800b090   Section        0  led.o(i.get_GSM_RING_status)
    i.get_SHAKE_status                       0x0800b0ac   Section        0  led.o(i.get_SHAKE_status)
    i.hex2BCD_ASCII                          0x0800b0c4   Section        0  gsm.o(i.hex2BCD_ASCII)
    i.hex2BCD_ASCII1                         0x0800b20c   Section        0  gsm.o(i.hex2BCD_ASCII1)
    i.hextoascii                             0x0800b22c   Section        0  gsm.o(i.hextoascii)
    i.lsm330_SDA_IN                          0x0800b284   Section        0  i2c_lsm330.o(i.lsm330_SDA_IN)
    i.lsm330_SDA_OUT                         0x0800b2ac   Section        0  i2c_lsm330.o(i.lsm330_SDA_OUT)
    i.main                                   0x0800b2d8   Section        0  main.o(i.main)
    i.porttou32                              0x0800bc2c   Section        0  gprs.o(i.porttou32)
    i.send_chinese_sms                       0x0800bc5c   Section        0  gsm.o(i.send_chinese_sms)
    i.send_location_gprs                     0x0800bda8   Section        0  gprs.o(i.send_location_gprs)
    i.setSMS                                 0x0800c2c8   Section        0  smscmd.o(i.setSMS)
    i.set_GPS_POWERON                        0x0800c408   Section        0  led.o(i.set_GPS_POWERON)
    i.set_GSM_SLEEP                          0x0800c428   Section        0  led.o(i.set_GSM_SLEEP)
    i.set_Impact                             0x0800c44c   Section        0  lsm330dlc_driver.o(i.set_Impact)
    i.set_OIL_BREAK                          0x0800c472   Section        0  led.o(i.set_OIL_BREAK)
    i.sub_cxcs                               0x0800c498   Section        0  smscmd.o(i.sub_cxcs)
    i.swapHLchar                             0x0800c8e8   Section        0  gprs.o(i.swapHLchar)
    i.sys_Init                               0x0800c910   Section        0  main.o(i.sys_Init)
    i.u32toport                              0x0800c96c   Section        0  gprs.o(i.u32toport)
    x$fpl$fmul                               0x0800ca0c   Section      176  fmul.o(x$fpl$fmul)
    .constdata                               0x0800cabc   Section       86  main.o(.constdata)
    x$fpl$usenofp                            0x0800cabc   Section        0  usenofp.o(x$fpl$usenofp)
    .constdata                               0x0800cb12   Section      182  usart1.o(.constdata)
    .constdata                               0x0800cbc8   Section      103  gsm.o(.constdata)
    .constdata                               0x0800cc2f   Section       64  fdiv.o(.constdata)
    fdiv_tab                                 0x0800cc2f   Data          64  fdiv.o(.constdata)
    .conststring                             0x0800cc70   Section       68  main.o(.conststring)
    .conststring                             0x0800ccb4   Section       69  gprs.o(.conststring)
    .data                                    0x20000000   Section       94  main.o(.data)
    TimingDelay                              0x20000044   Data           4  main.o(.data)
    .data                                    0x20000060   Section       61  stm32f0xx_it.o(.data)
    tencounter                               0x2000009a   Data           1  stm32f0xx_it.o(.data)
    proGPRSCmdFlag_counter                   0x2000009b   Data           1  stm32f0xx_it.o(.data)
    alarm_counter                            0x2000009c   Data           1  stm32f0xx_it.o(.data)
    .data                                    0x200000a0   Section       20  system_stm32f0xx.o(.data)
    .data                                    0x200000b4   Section        7  usart1.o(.data)
    dollar                                   0x200000b9   Data           1  usart1.o(.data)
    gprmc                                    0x200000ba   Data           1  usart1.o(.data)
    .data                                    0x200000bb   Section        2  gsm.o(.data)
    .data                                    0x200000c0   Section       32  gprs.o(.data)
    i                                        0x200000cc   Data           4  gprs.o(.data)
    ptmp                                     0x200000d0   Data           4  gprs.o(.data)
    ptmp                                     0x200000d4   Data           4  gprs.o(.data)
    i                                        0x200000d8   Data           4  gprs.o(.data)
    ptmp                                     0x200000dc   Data           4  gprs.o(.data)
    .data                                    0x200000e0   Section        4  gps.o(.data)
    .data                                    0x200000e4   Section       16  smscmd.o(.data)
    .data                                    0x200000f4   Section        9  lsm330dlc_driver.o(.data)
    ODR_old_value                            0x200000fc   Data           1  lsm330dlc_driver.o(.data)
    .data                                    0x200000fd   Section       16  stm32f0xx_rcc.o(.data)
    APBAHBPrescTable                         0x200000fd   Data          16  stm32f0xx_rcc.o(.data)
    .bss                                     0x20000110   Section     1488  main.o(.bss)
    .bss                                     0x200006e0   Section      672  usart1.o(.bss)
    .bss                                     0x20000980   Section      217  smscmd.o(.bss)
    .bss                                     0x20000a5c   Section       96  libspace.o(.bss)
    HEAP                                     0x20000ac0   Section        2  startup_stm32f0xx.o(HEAP)
    Heap_Mem                                 0x20000ac0   Data           2  startup_stm32f0xx.o(HEAP)
    STACK                                    0x20000ac8   Section     4096  startup_stm32f0xx.o(STACK)
    Stack_Mem                                0x20000ac8   Data        4096  startup_stm32f0xx.o(STACK)
    __initial_sp                             0x20001ac8   Data           0  startup_stm32f0xx.o(STACK)

    Global Symbols

    Symbol Name                              Value     Ov Type        Size  Object(Section)

    BuildAttributes$$THM_ISAv3M$S$PE$A:L22$X:L11$S22$IEEE1$IW$USESV6$~STKCKD$USESV7$~SHL$OSPACE$ROPI$EBA8$UX$STANDARDLIB$REQ8$PRES8$EABIv2 0x00000000   Number         0  anon$$obj.o ABSOLUTE
    __ARM_use_no_argv                        0x00000000   Number         0  main.o ABSOLUTE
    __ARM_exceptions_init                     - Undefined Weak Reference
    __alloca_initialize                       - Undefined Weak Reference
    __arm_preinit_                            - Undefined Weak Reference
    __cpp_initialize__aeabi_                  - Undefined Weak Reference
    __cxa_finalize                            - Undefined Weak Reference
    __rt_locale                               - Undefined Weak Reference
    __sigvec_lookup                           - Undefined Weak Reference
    _atexit_init                              - Undefined Weak Reference
    _call_atexit_fns                          - Undefined Weak Reference
    _clock_init                               - Undefined Weak Reference
    _fp_trap_init                             - Undefined Weak Reference
    _fp_trap_shutdown                         - Undefined Weak Reference
    _get_lc_collate                           - Undefined Weak Reference
    _get_lc_ctype                             - Undefined Weak Reference
    _get_lc_monetary                          - Undefined Weak Reference
    _get_lc_numeric                           - Undefined Weak Reference
    _get_lc_time                              - Undefined Weak Reference
    _getenv_init                              - Undefined Weak Reference
    _handle_redirection                       - Undefined Weak Reference
    _init_alloc                               - Undefined Weak Reference
    _init_user_alloc                          - Undefined Weak Reference
    _initio                                   - Undefined Weak Reference
    _rand_init                                - Undefined Weak Reference
    _signal_finish                            - Undefined Weak Reference
    _signal_init                              - Undefined Weak Reference
    _terminate_alloc                          - Undefined Weak Reference
    _terminate_user_alloc                     - Undefined Weak Reference
    _terminateio                              - Undefined Weak Reference
    __Vectors_Size                           0x000000c0   Number         0  startup_stm32f0xx.o ABSOLUTE
    __Vectors                                0x08000000   Data           4  startup_stm32f0xx.o(RESET)
    __Vectors_End                            0x080000c0   Data           0  startup_stm32f0xx.o(RESET)
    __main                                   0x080000c1   Thumb Code     8  __main.o(!!!main)
    __scatterload                            0x080000c9   Thumb Code     0  __scatter.o(!!!scatter)
    __scatterload_rt2                        0x080000c9   Thumb Code    52  __scatter.o(!!!scatter)
    __scatterload_rt2_thumb_only             0x080000c9   Thumb Code     0  __scatter.o(!!!scatter)
    __scatterload_null                       0x080000d9   Thumb Code     0  __scatter.o(!!!scatter)
    __scatterload_copy                       0x08000105   Thumb Code    26  __scatter_copy.o(!!handler_copy)
    __scatterload_zeroinit                   0x08000121   Thumb Code    28  __scatter_zi.o(!!handler_zi)
    __rt_lib_init                            0x0800013d   Thumb Code     0  libinit.o(.ARM.Collect$$libinit$$00000000)
    __rt_lib_init_alloca_1                   0x0800013f   Thumb Code     0  libinit2.o(.ARM.Collect$$libinit$$0000002E)
    __rt_lib_init_argv_1                     0x0800013f   Thumb Code     0  libinit2.o(.ARM.Collect$$libinit$$0000002C)
    __rt_lib_init_atexit_1                   0x0800013f   Thumb Code     0  libinit2.o(.ARM.Collect$$libinit$$0000001B)
    __rt_lib_init_clock_1                    0x0800013f   Thumb Code     0  libinit2.o(.ARM.Collect$$libinit$$00000021)
    __rt_lib_init_cpp_1                      0x0800013f   Thumb Code     0  libinit2.o(.ARM.Collect$$libinit$$00000032)
    __rt_lib_init_exceptions_1               0x0800013f   Thumb Code     0  libinit2.o(.ARM.Collect$$libinit$$00000030)
    __rt_lib_init_fp_1                       0x0800013f   Thumb Code     0  libinit2.o(.ARM.Collect$$libinit$$00000002)
    __rt_lib_init_fp_trap_1                  0x0800013f   Thumb Code     0  libinit2.o(.ARM.Collect$$libinit$$0000001F)
    __rt_lib_init_getenv_1                   0x0800013f   Thumb Code     0  libinit2.o(.ARM.Collect$$libinit$$00000023)
    __rt_lib_init_heap_1                     0x0800013f   Thumb Code     0  libinit2.o(.ARM.Collect$$libinit$$0000000A)
    __rt_lib_init_lc_collate_1               0x0800013f   Thumb Code     0  libinit2.o(.ARM.Collect$$libinit$$00000011)
    __rt_lib_init_lc_ctype_1                 0x0800013f   Thumb Code     0  libinit2.o(.ARM.Collect$$libinit$$00000013)
    __rt_lib_init_lc_monetary_1              0x0800013f   Thumb Code     0  libinit2.o(.ARM.Collect$$libinit$$00000015)
    __rt_lib_init_lc_numeric_1               0x0800013f   Thumb Code     0  libinit2.o(.ARM.Collect$$libinit$$00000017)
    __rt_lib_init_lc_time_1                  0x0800013f   Thumb Code     0  libinit2.o(.ARM.Collect$$libinit$$00000019)
    __rt_lib_init_preinit_1                  0x0800013f   Thumb Code     0  libinit2.o(.ARM.Collect$$libinit$$00000004)
    __rt_lib_init_rand_1                     0x0800013f   Thumb Code     0  libinit2.o(.ARM.Collect$$libinit$$0000000E)
    __rt_lib_init_return                     0x0800013f   Thumb Code     0  libinit2.o(.ARM.Collect$$libinit$$00000033)
    __rt_lib_init_signal_1                   0x0800013f   Thumb Code     0  libinit2.o(.ARM.Collect$$libinit$$0000001D)
    __rt_lib_init_stdio_1                    0x0800013f   Thumb Code     0  libinit2.o(.ARM.Collect$$libinit$$00000025)
    __rt_lib_init_user_alloc_1               0x0800013f   Thumb Code     0  libinit2.o(.ARM.Collect$$libinit$$0000000C)
    __rt_lib_shutdown                        0x08000141   Thumb Code     0  libshutdown.o(.ARM.Collect$$libshutdown$$00000000)
    __rt_lib_shutdown_fp_trap_1              0x08000143   Thumb Code     0  libshutdown2.o(.ARM.Collect$$libshutdown$$00000006)
    __rt_lib_shutdown_heap_1                 0x08000143   Thumb Code     0  libshutdown2.o(.ARM.Collect$$libshutdown$$0000000E)
    __rt_lib_shutdown_return                 0x08000143   Thumb Code     0  libshutdown2.o(.ARM.Collect$$libshutdown$$0000000F)
    __rt_lib_shutdown_signal_1               0x08000143   Thumb Code     0  libshutdown2.o(.ARM.Collect$$libshutdown$$00000009)
    __rt_lib_shutdown_stdio_1                0x08000143   Thumb Code     0  libshutdown2.o(.ARM.Collect$$libshutdown$$00000003)
    __rt_lib_shutdown_user_alloc_1           0x08000143   Thumb Code     0  libshutdown2.o(.ARM.Collect$$libshutdown$$0000000B)
    __rt_entry                               0x08000145   Thumb Code     0  __rtentry.o(.ARM.Collect$$rtentry$$00000000)
    __rt_entry_presh_1                       0x08000145   Thumb Code     0  __rtentry2.o(.ARM.Collect$$rtentry$$00000002)
    __rt_entry_sh                            0x08000145   Thumb Code     0  __rtentry4.o(.ARM.Collect$$rtentry$$00000004)
    __rt_entry_li                            0x0800014b   Thumb Code     0  __rtentry2.o(.ARM.Collect$$rtentry$$0000000A)
    __rt_entry_postsh_1                      0x0800014b   Thumb Code     0  __rtentry2.o(.ARM.Collect$$rtentry$$00000009)
    __rt_entry_main                          0x0800014f   Thumb Code     0  __rtentry2.o(.ARM.Collect$$rtentry$$0000000D)
    __rt_entry_postli_1                      0x0800014f   Thumb Code     0  __rtentry2.o(.ARM.Collect$$rtentry$$0000000C)
    __rt_exit                                0x08000157   Thumb Code     0  rtexit.o(.ARM.Collect$$rtexit$$00000000)
    __rt_exit_ls                             0x08000159   Thumb Code     0  rtexit2.o(.ARM.Collect$$rtexit$$00000003)
    __rt_exit_prels_1                        0x08000159   Thumb Code     0  rtexit2.o(.ARM.Collect$$rtexit$$00000002)
    __rt_exit_exit                           0x0800015d   Thumb Code     0  rtexit2.o(.ARM.Collect$$rtexit$$00000004)
    __aeabi_memcpy4                          0x08000165   Thumb Code    56  rt_memcpy.o(.emb_text)
    __aeabi_memcpy8                          0x08000165   Thumb Code     0  rt_memcpy.o(.emb_text)
    Reset_Handler                            0x0800019d   Thumb Code     8  startup_stm32f0xx.o(.text)
    ADC1_COMP_IRQHandler                     0x080001af   Thumb Code     0  startup_stm32f0xx.o(.text)
    CEC_IRQHandler                           0x080001af   Thumb Code     0  startup_stm32f0xx.o(.text)
    DMA1_Channel1_IRQHandler                 0x080001af   Thumb Code     0  startup_stm32f0xx.o(.text)
    DMA1_Channel2_3_IRQHandler               0x080001af   Thumb Code     0  startup_stm32f0xx.o(.text)
    DMA1_Channel4_5_IRQHandler               0x080001af   Thumb Code     0  startup_stm32f0xx.o(.text)
    EXTI2_3_IRQHandler                       0x080001af   Thumb Code     0  startup_stm32f0xx.o(.text)
    FLASH_IRQHandler                         0x080001af   Thumb Code     0  startup_stm32f0xx.o(.text)
    I2C1_IRQHandler                          0x080001af   Thumb Code     0  startup_stm32f0xx.o(.text)
    I2C2_IRQHandler                          0x080001af   Thumb Code     0  startup_stm32f0xx.o(.text)
    PVD_IRQHandler                           0x080001af   Thumb Code     0  startup_stm32f0xx.o(.text)
    RCC_IRQHandler                           0x080001af   Thumb Code     0  startup_stm32f0xx.o(.text)
    SPI1_IRQHandler                          0x080001af   Thumb Code     0  startup_stm32f0xx.o(.text)
    SPI2_IRQHandler                          0x080001af   Thumb Code     0  startup_stm32f0xx.o(.text)
    TIM14_IRQHandler                         0x080001af   Thumb Code     0  startup_stm32f0xx.o(.text)
    TIM15_IRQHandler                         0x080001af   Thumb Code     0  startup_stm32f0xx.o(.text)
    TIM16_IRQHandler                         0x080001af   Thumb Code     0  startup_stm32f0xx.o(.text)
    TIM17_IRQHandler                         0x080001af   Thumb Code     0  startup_stm32f0xx.o(.text)
    TIM1_BRK_UP_TRG_COM_IRQHandler           0x080001af   Thumb Code     0  startup_stm32f0xx.o(.text)
    TIM1_CC_IRQHandler                       0x080001af   Thumb Code     0  startup_stm32f0xx.o(.text)
    TIM2_IRQHandler                          0x080001af   Thumb Code     0  startup_stm32f0xx.o(.text)
    TIM6_DAC_IRQHandler                      0x080001af   Thumb Code     0  startup_stm32f0xx.o(.text)
    TS_IRQHandler                            0x080001af   Thumb Code     0  startup_stm32f0xx.o(.text)
    WWDG_IRQHandler                          0x080001af   Thumb Code     0  startup_stm32f0xx.o(.text)
    __user_initial_stackheap                 0x080001b1   Thumb Code     0  startup_stm32f0xx.o(.text)
    strncat                                  0x080001d5   Thumb Code    36  strncat.o(.text)
    strstr                                   0x080001f9   Thumb Code    40  strstr.o(.text)
    strlen                                   0x08000221   Thumb Code    62  strlen.o(.text)
    strncmp                                  0x08000265   Thumb Code   154  strncmp.o(.text)
    strcat                                   0x08000305   Thumb Code    24  strcat.o(.text)
    __aeabi_memcpy                           0x0800031d   Thumb Code   130  rt_memcpy.o(.text)
    __rt_memcpy                              0x0800031d   Thumb Code     0  rt_memcpy.o(.text)
    _memset_w                                0x0800039f   Thumb Code    26  rt_memclr.o(.text)
    _memset                                  0x080003b9   Thumb Code    30  rt_memclr.o(.text)
    __aeabi_memclr                           0x080003d7   Thumb Code     4  rt_memclr.o(.text)
    __rt_memclr                              0x080003d7   Thumb Code     0  rt_memclr.o(.text)
    __aeabi_memclr4                          0x080003db   Thumb Code     0  rt_memclr.o(.text)
    __aeabi_memclr8                          0x080003db   Thumb Code     0  rt_memclr.o(.text)
    __rt_memclr_w                            0x080003db   Thumb Code     4  rt_memclr.o(.text)
    strncpy                                  0x080003e1   Thumb Code   104  strncpy.o(.text)
    __aeabi_uidiv                            0x0800044d   Thumb Code     0  aeabi_sdiv.o(.text)
    __aeabi_uidivmod                         0x0800044d   Thumb Code    20  aeabi_sdiv.o(.text)
    __aeabi_idiv                             0x08000461   Thumb Code     0  aeabi_sdiv.o(.text)
    __aeabi_idivmod                          0x08000461   Thumb Code   326  aeabi_sdiv.o(.text)
    __use_two_region_memory                  0x080005a7   Thumb Code     2  heapauxi.o(.text)
    __rt_heap_escrow$2region                 0x080005a9   Thumb Code     2  heapauxi.o(.text)
    __rt_heap_expand$2region                 0x080005ab   Thumb Code     2  heapauxi.o(.text)
    __aeabi_d2uiz                            0x080005ad   Thumb Code     0  dfixui.o(.text)
    _dfixu                                   0x080005ad   Thumb Code    68  dfixui.o(.text)
    __aeabi_dmul                             0x080005f5   Thumb Code     0  dmul.o(.text)
    _dmul                                    0x080005f5   Thumb Code   558  dmul.o(.text)
    __aeabi_f2d                              0x0800083d   Thumb Code     0  f2d.o(.text)
    _f2d                                     0x0800083d   Thumb Code    80  f2d.o(.text)
    __aeabi_fdiv                             0x08000891   Thumb Code     0  fdiv.o(.text)
    _fdiv                                    0x08000891   Thumb Code   334  fdiv.o(.text)
    _frdiv                                   0x080009df   Thumb Code     8  fdiv.o(.text)
    __aeabi_f2uiz                            0x080009f1   Thumb Code     0  ffixui.o(.text)
    _ffixu                                   0x080009f1   Thumb Code    48  ffixui.o(.text)
    __aeabi_i2f_normalise                    0x08000a21   Thumb Code    72  fflti.o(.text)
    __aeabi_i2f                              0x08000a69   Thumb Code    16  fflti.o(.text)
    _fflt                                    0x08000a69   Thumb Code     0  fflti.o(.text)
    __aeabi_ui2f                             0x08000a79   Thumb Code     6  fflti.o(.text)
    _ffltu                                   0x08000a79   Thumb Code     0  fflti.o(.text)
    __user_setup_stackheap                   0x08000a7f   Thumb Code    62  sys_stackheap_outer.o(.text)
    exit                                     0x08000abd   Thumb Code    12  exit.o(.text)
    __user_libspace                          0x08000ac9   Thumb Code     8  libspace.o(.text)
    __user_perproc_libspace                  0x08000ac9   Thumb Code     0  libspace.o(.text)
    __user_perthread_libspace                0x08000ac9   Thumb Code     0  libspace.o(.text)
    _sys_exit                                0x08000ad1   Thumb Code     8  sys_exit.o(.text)
    __I$use$semihosting                      0x08000add   Thumb Code     0  use_no_semi.o(.text)
    __use_no_semihosting_swi                 0x08000add   Thumb Code     2  use_no_semi.o(.text)
    __semihosting_library_function           0x08000adf   Thumb Code     0  indicate_semi.o(.text)
    ADC1_Config                              0x08000ae1   Thumb Code   146  adc.o(i.ADC1_Config)
    ADC_AutoPowerOffCmd                      0x08000b7d   Thumb Code    28  stm32f0xx_adc.o(i.ADC_AutoPowerOffCmd)
    ADC_ChannelConfig                        0x08000b99   Thumb Code    24  stm32f0xx_adc.o(i.ADC_ChannelConfig)
    ADC_Cmd                                  0x08000bb1   Thumb Code    24  stm32f0xx_adc.o(i.ADC_Cmd)
    ADC_DeInit                               0x08000bc9   Thumb Code    28  stm32f0xx_adc.o(i.ADC_DeInit)
    ADC_GetCalibrationFactor                 0x08000be9   Thumb Code    60  stm32f0xx_adc.o(i.ADC_GetCalibrationFactor)
    ADC_GetConversionValue                   0x08000c25   Thumb Code     8  stm32f0xx_adc.o(i.ADC_GetConversionValue)
    ADC_GetFlagStatus                        0x08000c2d   Thumb Code    48  stm32f0xx_adc.o(i.ADC_GetFlagStatus)
    ADC_Init                                 0x08000c5d   Thumb Code    40  stm32f0xx_adc.o(i.ADC_Init)
    ADC_StartOfConversion                    0x08000c89   Thumb Code    10  stm32f0xx_adc.o(i.ADC_StartOfConversion)
    ADC_StopOfConversion                     0x08000c93   Thumb Code    10  stm32f0xx_adc.o(i.ADC_StopOfConversion)
    ADC_WaitModeCmd                          0x08000c9d   Thumb Code    28  stm32f0xx_adc.o(i.ADC_WaitModeCmd)
    BatteryStatusGet                         0x08000cb9   Thumb Code    98  gsm.o(i.BatteryStatusGet)
    ClrGSMBuff                               0x08000d35   Thumb Code    20  gsm.o(i.ClrGSMBuff)
    Cmd_ACC                                  0x08000d51   Thumb Code   236  smscmd.o(i.Cmd_ACC)
    Cmd_CXCS                                 0x08000e95   Thumb Code   168  smscmd.o(i.Cmd_CXCS)
    Cmd_CXZD                                 0x08000f55   Thumb Code   588  smscmd.o(i.Cmd_CXZD)
    Cmd_CellID                               0x08001239   Thumb Code   194  smscmd.o(i.Cmd_CellID)
    Cmd_DelAll                               0x08001371   Thumb Code   200  smscmd.o(i.Cmd_DelAll)
    Cmd_DelNum                               0x080014d5   Thumb Code     2  smscmd.o(i.Cmd_DelNum)
    Cmd_DeviceInfo                           0x080014d9   Thumb Code   650  smscmd.o(i.Cmd_DeviceInfo)
    Cmd_Duration                             0x080017f1   Thumb Code   530  smscmd.o(i.Cmd_Duration)
    Cmd_ENAUTOSMS                            0x08001a6d   Thumb Code   232  smscmd.o(i.Cmd_ENAUTOSMS)
    Cmd_IMEI                                 0x08001bb9   Thumb Code   198  smscmd.o(i.Cmd_IMEI)
    Cmd_Initial                              0x08001cd1   Thumb Code    92  smscmd.o(i.Cmd_Initial)
    Cmd_NewNum                               0x08001d75   Thumb Code   320  smscmd.o(i.Cmd_NewNum)
    Cmd_NoLimit                              0x08001f4d   Thumb Code     2  smscmd.o(i.Cmd_NoLimit)
    Cmd_Position                             0x08001f51   Thumb Code    82  smscmd.o(i.Cmd_Position)
    Cmd_ReadSpeedLimit                       0x08001fe5   Thumb Code     2  smscmd.o(i.Cmd_ReadSpeedLimit)
    Cmd_SETM                                 0x08001fe9   Thumb Code  1352  smscmd.o(i.Cmd_SETM)
    Cmd_SetMode                              0x08002539   Thumb Code   388  smscmd.o(i.Cmd_SetMode)
    Cmd_SetNET                               0x080027a9   Thumb Code   880  smscmd.o(i.Cmd_SetNET)
    Cmd_SetPsw                               0x08002ba9   Thumb Code   190  smscmd.o(i.Cmd_SetPsw)
    Cmd_SetUpTime                            0x08002ce9   Thumb Code     2  smscmd.o(i.Cmd_SetUpTime)
    Cmd_SetWakeTime                          0x08002ced   Thumb Code   436  smscmd.o(i.Cmd_SetWakeTime)
    Cmd_Setmid                               0x08002f01   Thumb Code   280  smscmd.o(i.Cmd_Setmid)
    Cmd_ShowRegNum                           0x08003091   Thumb Code   206  smscmd.o(i.Cmd_ShowRegNum)
    Cmd_SleepTime                            0x080031b9   Thumb Code   458  smscmd.o(i.Cmd_SleepTime)
    Cmd_SpeedLimit                           0x080033ed   Thumb Code   518  smscmd.o(i.Cmd_SpeedLimit)
    Cmd_relay                                0x08003661   Thumb Code   216  smscmd.o(i.Cmd_relay)
    Cmd_shocks                               0x08003795   Thumb Code   314  smscmd.o(i.Cmd_shocks)
    DebugOut                                 0x0800391d   Thumb Code     2  gsm.o(i.DebugOut)
    EXTI0_1_IRQHandler                       0x0800391f   Thumb Code    20  stm32f0xx_it.o(i.EXTI0_1_IRQHandler)
    EXTI4_15_IRQHandler                      0x08003935   Thumb Code   374  stm32f0xx_it.o(i.EXTI4_15_IRQHandler)
    EXTI_ClearITPendingBit                   0x08003aed   Thumb Code     6  stm32f0xx_exti.o(i.EXTI_ClearITPendingBit)
    EXTI_GetITStatus                         0x08003af9   Thumb Code    36  stm32f0xx_exti.o(i.EXTI_GetITStatus)
    EXTI_Init                                0x08003b21   Thumb Code   132  stm32f0xx_exti.o(i.EXTI_Init)
    FLASH_ClearFlag                          0x08003ba9   Thumb Code     6  stm32f0xx_flash.o(i.FLASH_ClearFlag)
    FLASH_ErasePage                          0x08003bb5   Thumb Code    72  stm32f0xx_flash.o(i.FLASH_ErasePage)
    FLASH_GetStatus                          0x08003c01   Thumb Code    54  stm32f0xx_flash.o(i.FLASH_GetStatus)
    FLASH_Lock                               0x08003c3d   Thumb Code    14  stm32f0xx_flash.o(i.FLASH_Lock)
    FLASH_ProgramWord                        0x08003c51   Thumb Code   104  stm32f0xx_flash.o(i.FLASH_ProgramWord)
    FLASH_Unlock                             0x08003cbd   Thumb Code    24  stm32f0xx_flash.o(i.FLASH_Unlock)
    FLASH_WaitForLastOperation               0x08003ce1   Thumb Code    40  stm32f0xx_flash.o(i.FLASH_WaitForLastOperation)
    GPIO_Init                                0x08003d09   Thumb Code   144  stm32f0xx_gpio.o(i.GPIO_Init)
    GPIO_PinAFConfig                         0x08003d99   Thumb Code    68  stm32f0xx_gpio.o(i.GPIO_PinAFConfig)
    GPIO_ReadInputDataBit                    0x08003ddd   Thumb Code    20  stm32f0xx_gpio.o(i.GPIO_ReadInputDataBit)
    GPIO_ResetBits                           0x08003df1   Thumb Code     4  stm32f0xx_gpio.o(i.GPIO_ResetBits)
    GPIO_SetBits                             0x08003df5   Thumb Code     4  stm32f0xx_gpio.o(i.GPIO_SetBits)
    GPS_on                                   0x08003df9   Thumb Code    20  usart1.o(i.GPS_on)
    GSM_Power                                0x08003e0d   Thumb Code   154  led.o(i.GSM_Power)
    GSM_reset                                0x08003ec5   Thumb Code    28  led.o(i.GSM_reset)
    GetAvailableGPSInfoV                     0x08003ee1   Thumb Code   124  gps.o(i.GetAvailableGPSInfoV)
    GetGPRSStatus                            0x08003f81   Thumb Code   114  gsm.o(i.GetGPRSStatus)
    GetVoltage                               0x08004021   Thumb Code   138  adc.o(i.GetVoltage)
    Get_Adc                                  0x080040b1   Thumb Code    96  adc.o(i.Get_Adc)
    HardFault_Handler                        0x08004115   Thumb Code     4  stm32f0xx_it.o(i.HardFault_Handler)
    IIC_lsm330_Ack                           0x08004119   Thumb Code    52  i2c_lsm330.o(i.IIC_lsm330_Ack)
    IIC_lsm330_Init                          0x08004151   Thumb Code    92  i2c_lsm330.o(i.IIC_lsm330_Init)
    IIC_lsm330_NAck                          0x080041b1   Thumb Code    52  i2c_lsm330.o(i.IIC_lsm330_NAck)
    IIC_lsm330_Read_Byte                     0x080041e9   Thumb Code    88  i2c_lsm330.o(i.IIC_lsm330_Read_Byte)
    IIC_lsm330_Send_Byte                     0x08004245   Thumb Code   102  i2c_lsm330.o(i.IIC_lsm330_Send_Byte)
    IIC_lsm330_Start                         0x080042b1   Thumb Code    52  i2c_lsm330.o(i.IIC_lsm330_Start)
    IIC_lsm330_Stop                          0x080042e9   Thumb Code    52  i2c_lsm330.o(i.IIC_lsm330_Stop)
    IIC_lsm330_Wait_Ack                      0x08004321   Thumb Code    78  i2c_lsm330.o(i.IIC_lsm330_Wait_Ack)
    IO_Init                                  0x08004375   Thumb Code   388  led.o(i.IO_Init)
    IWDG_Enable                              0x08004501   Thumb Code     8  stm32f0xx_iwdg.o(i.IWDG_Enable)
    IWDG_Feed                                0x08004511   Thumb Code     8  wdg.o(i.IWDG_Feed)
    IWDG_Init                                0x08004519   Thumb Code    34  wdg.o(i.IWDG_Init)
    IWDG_ReloadCounter                       0x08004541   Thumb Code     8  stm32f0xx_iwdg.o(i.IWDG_ReloadCounter)
    IWDG_SetPrescaler                        0x08004551   Thumb Code     6  stm32f0xx_iwdg.o(i.IWDG_SetPrescaler)
    IWDG_SetReload                           0x0800455d   Thumb Code     6  stm32f0xx_iwdg.o(i.IWDG_SetReload)
    IWDG_WriteAccessCmd                      0x08004569   Thumb Code     6  stm32f0xx_iwdg.o(i.IWDG_WriteAccessCmd)
    InitialSetting                           0x08004575   Thumb Code  3214  set_system_use_uart.o(i.InitialSetting)
    LMS330DLC_AccGetDataRate                 0x08005461   Thumb Code    86  lsm330dlc_driver.o(i.LMS330DLC_AccGetDataRate)
    LMS330DLC_AccSetIrqDuration              0x080054bd   Thumb Code    56  lsm330dlc_driver.o(i.LMS330DLC_AccSetIrqDuration)
    LMS330DLC_AccSetThreshold                0x080054f9   Thumb Code   232  lsm330dlc_driver.o(i.LMS330DLC_AccSetThreshold)
    LMS330DLC_FIFOModeEnable                 0x080055f5   Thumb Code   520  lsm330dlc_driver.o(i.LMS330DLC_FIFOModeEnable)
    LMS330DLC_GetWHO_AM_I                    0x080057fd   Thumb Code    22  lsm330dlc_driver.o(i.LMS330DLC_GetWHO_AM_I)
    LMS330DLC_HPFAOI1Enable                  0x08005813   Thumb Code    54  lsm330dlc_driver.o(i.LMS330DLC_HPFAOI1Enable)
    LMS330DLC_HPFAOI2Enable                  0x08005849   Thumb Code    60  lsm330dlc_driver.o(i.LMS330DLC_HPFAOI2Enable)
    LMS330DLC_HPFClickEnable                 0x08005885   Thumb Code    60  lsm330dlc_driver.o(i.LMS330DLC_HPFClickEnable)
    LMS330DLC_ReadReg                        0x080058c1   Thumb Code    64  lsm330dlc_driver.o(i.LMS330DLC_ReadReg)
    LMS330DLC_ResetInt1Latch                 0x08005901   Thumb Code    20  lsm330dlc_driver.o(i.LMS330DLC_ResetInt1Latch)
    LMS330DLC_SetAxis                        0x08005915   Thumb Code    60  lsm330dlc_driver.o(i.LMS330DLC_SetAxis)
    LMS330DLC_SetBLE                         0x08005951   Thumb Code    60  lsm330dlc_driver.o(i.LMS330DLC_SetBLE)
    LMS330DLC_SetFilterDataSel               0x0800598d   Thumb Code    60  lsm330dlc_driver.o(i.LMS330DLC_SetFilterDataSel)
    LMS330DLC_SetFullScale                   0x080059c9   Thumb Code    60  lsm330dlc_driver.o(i.LMS330DLC_SetFullScale)
    LMS330DLC_SetHPFCutOFF                   0x08005a05   Thumb Code    68  lsm330dlc_driver.o(i.LMS330DLC_SetHPFCutOFF)
    LMS330DLC_SetHPFMode                     0x08005a49   Thumb Code    60  lsm330dlc_driver.o(i.LMS330DLC_SetHPFMode)
    LMS330DLC_SetInt1Duration                0x08005a85   Thumb Code    30  lsm330dlc_driver.o(i.LMS330DLC_SetInt1Duration)
    LMS330DLC_SetInt1Pin                     0x08005aa3   Thumb Code    48  lsm330dlc_driver.o(i.LMS330DLC_SetInt1Pin)
    LMS330DLC_SetInt1Threshold               0x08005ad3   Thumb Code    30  lsm330dlc_driver.o(i.LMS330DLC_SetInt1Threshold)
    LMS330DLC_SetIntConfiguration            0x08005af1   Thumb Code    54  lsm330dlc_driver.o(i.LMS330DLC_SetIntConfiguration)
    LMS330DLC_SetIntMode                     0x08005b27   Thumb Code    60  lsm330dlc_driver.o(i.LMS330DLC_SetIntMode)
    LMS330DLC_SetMode                        0x08005b65   Thumb Code   208  lsm330dlc_driver.o(i.LMS330DLC_SetMode)
    LMS330DLC_SetODR                         0x08005c39   Thumb Code    60  lsm330dlc_driver.o(i.LMS330DLC_SetODR)
    LMS330DLC_SetTriggerInt                  0x08005c75   Thumb Code    60  lsm330dlc_driver.o(i.LMS330DLC_SetTriggerInt)
    LMS330DLC_WriteReg                       0x08005cb1   Thumb Code    48  lsm330dlc_driver.o(i.LMS330DLC_WriteReg)
    LMS330DLC_init                           0x08005ce1   Thumb Code   274  lsm330dlc_driver.o(i.LMS330DLC_init)
    NMI_Handler                              0x08005df9   Thumb Code     2  stm32f0xx_it.o(i.NMI_Handler)
    NVIC_Init                                0x08005dfd   Thumb Code   106  stm32f0xx_misc.o(i.NVIC_Init)
    PWR_BackupAccessCmd                      0x08005ee5   Thumb Code    36  stm32f0xx_pwr.o(i.PWR_BackupAccessCmd)
    PWR_EnterSTOPMode                        0x08005f0d   Thumb Code    60  stm32f0xx_pwr.o(i.PWR_EnterSTOPMode)
    PendSV_Handler                           0x08005f51   Thumb Code     2  stm32f0xx_it.o(i.PendSV_Handler)
    PrintATF                                 0x08005f55   Thumb Code   108  set_system_use_uart.o(i.PrintATF)
    RCC_AHBPeriphClockCmd                    0x08005fe5   Thumb Code    28  stm32f0xx_rcc.o(i.RCC_AHBPeriphClockCmd)
    RCC_APB1PeriphClockCmd                   0x08006005   Thumb Code    28  stm32f0xx_rcc.o(i.RCC_APB1PeriphClockCmd)
    RCC_APB1PeriphResetCmd                   0x08006025   Thumb Code    28  stm32f0xx_rcc.o(i.RCC_APB1PeriphResetCmd)
    RCC_APB2PeriphClockCmd                   0x08006045   Thumb Code    28  stm32f0xx_rcc.o(i.RCC_APB2PeriphClockCmd)
    RCC_APB2PeriphResetCmd                   0x08006065   Thumb Code    28  stm32f0xx_rcc.o(i.RCC_APB2PeriphResetCmd)
    RCC_BackupResetCmd                       0x08006085   Thumb Code    36  stm32f0xx_rcc.o(i.RCC_BackupResetCmd)
    RCC_GetClocksFreq                        0x080060ad   Thumb Code   340  stm32f0xx_rcc.o(i.RCC_GetClocksFreq)
    RCC_GetFlagStatus                        0x08006219   Thumb Code    68  stm32f0xx_rcc.o(i.RCC_GetFlagStatus)
    RCC_LSICmd                               0x08006261   Thumb Code    32  stm32f0xx_rcc.o(i.RCC_LSICmd)
    RCC_RTCCLKCmd                            0x08006285   Thumb Code    36  stm32f0xx_rcc.o(i.RCC_RTCCLKCmd)
    RCC_RTCCLKConfig                         0x080062ad   Thumb Code    12  stm32f0xx_rcc.o(i.RCC_RTCCLKConfig)
    RING_EXTI0_Config                        0x080062bd   Thumb Code    98  led.o(i.RING_EXTI0_Config)
    RTC_AlarmCmd                             0x08006325   Thumb Code   106  stm32f0xx_rtc.o(i.RTC_AlarmCmd)
    RTC_ClearITPendingBit                    0x080063cd   Thumb Code    30  stm32f0xx_rtc.o(i.RTC_ClearITPendingBit)
    RTC_Config                               0x080063f1   Thumb Code   244  main.o(i.RTC_Config)
    RTC_EnterInitMode                        0x080064e5   Thumb Code    82  stm32f0xx_rtc.o(i.RTC_EnterInitMode)
    RTC_ExitInitMode                         0x0800653d   Thumb Code    14  stm32f0xx_rtc.o(i.RTC_ExitInitMode)
    RTC_GetITStatus                          0x08006551   Thumb Code    72  stm32f0xx_rtc.o(i.RTC_GetITStatus)
    RTC_IRQHandler                           0x0800659d   Thumb Code    42  stm32f0xx_it.o(i.RTC_IRQHandler)
    RTC_ITConfig                             0x080065cd   Thumb Code    94  stm32f0xx_rtc.o(i.RTC_ITConfig)
    RTC_Init                                 0x08006631   Thumb Code    84  stm32f0xx_rtc.o(i.RTC_Init)
    RTC_SetAlarm                             0x08006689   Thumb Code   210  stm32f0xx_rtc.o(i.RTC_SetAlarm)
    RTC_SetTime                              0x08006761   Thumb Code   208  stm32f0xx_rtc.o(i.RTC_SetTime)
    RTC_WaitForSynchro                       0x08006839   Thumb Code   104  stm32f0xx_rtc.o(i.RTC_WaitForSynchro)
    RestoreSystem                            0x080068a5   Thumb Code   240  main.o(i.RestoreSystem)
    SVC_Handler                              0x080069cd   Thumb Code     2  stm32f0xx_it.o(i.SVC_Handler)
    SYSCFG_EXTILineConfig                    0x080069d1   Thumb Code    60  stm32f0xx_syscfg.o(i.SYSCFG_EXTILineConfig)
    SYSCLKConfig_STOP                        0x08006a11   Thumb Code   118  main.o(i.SYSCLKConfig_STOP)
    SendALARMSMS1                            0x08006a91   Thumb Code    16  gsm.o(i.SendALARMSMS1)
    SendGprs                                 0x08006aa9   Thumb Code   244  gprs.o(i.SendGprs)
    SendLocaSMS                              0x08006bc9   Thumb Code   522  gsm.o(i.SendLocaSMS)
    SendLocaSMS1                             0x08006e01   Thumb Code    18  gsm.o(i.SendLocaSMS1)
    SendMsg                                  0x08006e15   Thumb Code   196  gsm.o(i.SendMsg)
    SendMsg_UCS2                             0x08006ee5   Thumb Code   246  gsm.o(i.SendMsg_UCS2)
    Send_lowpower_LocaSMS                    0x08006ff9   Thumb Code    16  gsm.o(i.Send_lowpower_LocaSMS)
    Send_speed_ALARMSMS                      0x08007015   Thumb Code   104  gsm.o(i.Send_speed_ALARMSMS)
    SetGPRS                                  0x08007085   Thumb Code   208  gprs.o(i.SetGPRS)
    StartGPRS                                0x080071fd   Thumb Code   728  gsm.o(i.StartGPRS)
    Store_System_Para                        0x080076ad   Thumb Code   124  main.o(i.Store_System_Para)
    SysTick_Handler                          0x08007769   Thumb Code   302  stm32f0xx_it.o(i.SysTick_Handler)
    SystemInit                               0x080078ed   Thumb Code   110  system_stm32f0xx.o(i.SystemInit)
    TIM3_IRQHandler                          0x08007969   Thumb Code   280  stm32f0xx_it.o(i.TIM3_IRQHandler)
    TIM_ClearITPendingBit                    0x08007ab9   Thumb Code     6  stm32f0xx_tim.o(i.TIM_ClearITPendingBit)
    TIM_Cmd                                  0x08007ac1   Thumb Code    24  stm32f0xx_tim.o(i.TIM_Cmd)
    TIM_Config                               0x08007add   Thumb Code   100  main.o(i.TIM_Config)
    TIM_GetCapture3                          0x08007b55   Thumb Code     6  stm32f0xx_tim.o(i.TIM_GetCapture3)
    TIM_GetITStatus                          0x08007b5b   Thumb Code    38  stm32f0xx_tim.o(i.TIM_GetITStatus)
    TIM_ITConfig                             0x08007b81   Thumb Code    20  stm32f0xx_tim.o(i.TIM_ITConfig)
    TIM_PrescalerConfig                      0x08007b95   Thumb Code     6  stm32f0xx_tim.o(i.TIM_PrescalerConfig)
    TIM_SetCompare3                          0x08007b9b   Thumb Code     4  stm32f0xx_tim.o(i.TIM_SetCompare3)
    TIM_TimeBaseInit                         0x08007ba1   Thumb Code    90  stm32f0xx_tim.o(i.TIM_TimeBaseInit)
    UART0_ReceiveData                        0x08007c1d   Thumb Code    54  usart1.o(i.UART0_ReceiveData)
    UDPSendData                              0x08007c5d   Thumb Code   278  gsm.o(i.UDPSendData)
    USART1_IRQHandler                        0x08007d99   Thumb Code   448  usart1.o(i.USART1_IRQHandler)
    USART2_IRQHandler                        0x08007fb1   Thumb Code   428  usart1.o(i.USART2_IRQHandler)
    USART_ClearITPendingBit                  0x080081b5   Thumb Code    18  stm32f0xx_usart.o(i.USART_ClearITPendingBit)
    USART_Cmd                                0x080081c7   Thumb Code    24  stm32f0xx_usart.o(i.USART_Cmd)
    USART_DeInit                             0x080081e1   Thumb Code    56  stm32f0xx_usart.o(i.USART_DeInit)
    USART_GetITStatus                        0x08008221   Thumb Code    78  stm32f0xx_usart.o(i.USART_GetITStatus)
    USART_ITConfig                           0x0800826f   Thumb Code    66  stm32f0xx_usart.o(i.USART_ITConfig)
    USART_Init                               0x080082b1   Thumb Code   234  stm32f0xx_usart.o(i.USART_Init)
    USART_ReceiveData                        0x080083a5   Thumb Code    10  stm32f0xx_usart.o(i.USART_ReceiveData)
    USART_SendData                           0x080083af   Thumb Code     8  stm32f0xx_usart.o(i.USART_SendData)
    UbxConfig                                0x080083b9   Thumb Code   148  usart1.o(i.UbxConfig)
    WaitGSMOK                                0x08008469   Thumb Code    98  gsm.o(i.WaitGSMOK)
    WaitGSMOK1                               0x080084f1   Thumb Code   108  gsm.o(i.WaitGSMOK1)
    __ARM_common_switch8                     0x08008581   Thumb Code    28  smscmd.o(i.__ARM_common_switch8)
    analysis                                 0x0800859d   Thumb Code   172  gprs.o(i.analysis)
    analysis_sms                             0x08008649   Thumb Code  3092  smscmd.o(i.analysis_sms)
    asciitodate                              0x080092b1   Thumb Code   688  gprs.o(i.asciitodate)
    asciitodirection                         0x08009561   Thumb Code   156  gprs.o(i.asciitodirection)
    asciitohex                               0x080095fd   Thumb Code   266  gsm.o(i.asciitohex)
    asciitolatitude                          0x08009709   Thumb Code   174  gprs.o(i.asciitolatitude)
    asciitospeed                             0x080097c9   Thumb Code   188  gprs.o(i.asciitospeed)
    cmd_0002                                 0x08009889   Thumb Code   114  gprs.o(i.cmd_0002)
    cmd_0200                                 0x0800990d   Thumb Code    66  gprs.o(i.cmd_0200)
    cmd_CHINESE_POSITION_rece                0x08009961   Thumb Code   110  gprs.o(i.cmd_CHINESE_POSITION_rece)
    cmd_CSKMG                                0x080099e5   Thumb Code    50  smscmd.o(i.cmd_CSKMG)
    cmd_GENERAL_RESPONSION                   0x08009a49   Thumb Code   148  gprs.o(i.cmd_GENERAL_RESPONSION)
    cmd_INQUIRE_CHINESE_POSITION             0x08009af5   Thumb Code   384  gprs.o(i.cmd_INQUIRE_CHINESE_POSITION)
    cmd_INQUIRE_ONE_TERMINAL_PARAMETER       0x08009c99   Thumb Code  1176  gprs.o(i.cmd_INQUIRE_ONE_TERMINAL_PARAMETER)
    cmd_INQUIRE_POSITION                     0x0800a139   Thumb Code    54  gprs.o(i.cmd_INQUIRE_POSITION)
    cmd_INQUIRE_TERMINAL_PARAMETER           0x0800a17d   Thumb Code  1032  gprs.o(i.cmd_INQUIRE_TERMINAL_PARAMETER)
    cmd_OIL_BREAK                            0x0800a585   Thumb Code   122  gprs.o(i.cmd_OIL_BREAK)
    cmd_SET_GPRS_SERVICER                    0x0800a61d   Thumb Code     2  gprs.o(i.cmd_SET_GPRS_SERVICER)
    cmd_SET_TERMINAL_PARAMETER               0x0800a621   Thumb Code   736  gprs.o(i.cmd_SET_TERMINAL_PARAMETER)
    constructor                              0x0800a90d   Thumb Code   184  gprs.o(i.constructor)
    ddi_uart_Write                           0x0800a9c5   Thumb Code    92  usart1.o(i.ddi_uart_Write)
    ddi_uart_init                            0x0800aa21   Thumb Code   268  usart1.o(i.ddi_uart_init)
    ddi_uart_open                            0x0800ab3d   Thumb Code   254  usart1.o(i.ddi_uart_open)
    delayms                                  0x0800ac71   Thumb Code    66  i2c_lsm330.o(i.delayms)
    delayus                                  0x0800acb9   Thumb Code    56  i2c_lsm330.o(i.delayus)
    energy                                   0x0800acf1   Thumb Code   776  main.o(i.energy)
    get_ACC_CHECK_status                     0x0800b05d   Thumb Code    26  led.o(i.get_ACC_CHECK_status)
    get_ALARM_status                         0x0800b077   Thumb Code    26  led.o(i.get_ALARM_status)
    get_GSM_RING_status                      0x0800b091   Thumb Code    22  led.o(i.get_GSM_RING_status)
    get_SHAKE_status                         0x0800b0ad   Thumb Code    20  led.o(i.get_SHAKE_status)
    hex2BCD_ASCII                            0x0800b0c5   Thumb Code   324  gsm.o(i.hex2BCD_ASCII)
    hex2BCD_ASCII1                           0x0800b20d   Thumb Code    32  gsm.o(i.hex2BCD_ASCII1)
    hextoascii                               0x0800b22d   Thumb Code    86  gsm.o(i.hextoascii)
    lsm330_SDA_IN                            0x0800b285   Thumb Code    36  i2c_lsm330.o(i.lsm330_SDA_IN)
    lsm330_SDA_OUT                           0x0800b2ad   Thumb Code    40  i2c_lsm330.o(i.lsm330_SDA_OUT)
    main                                     0x0800b2d9   Thumb Code  2118  main.o(i.main)
    porttou32                                0x0800bc2d   Thumb Code    48  gprs.o(i.porttou32)
    send_chinese_sms                         0x0800bc5d   Thumb Code   170  gsm.o(i.send_chinese_sms)
    send_location_gprs                       0x0800bda9   Thumb Code  1222  gprs.o(i.send_location_gprs)
    setSMS                                   0x0800c2c9   Thumb Code   294  smscmd.o(i.setSMS)
    set_GPS_POWERON                          0x0800c409   Thumb Code    32  led.o(i.set_GPS_POWERON)
    set_GSM_SLEEP                            0x0800c429   Thumb Code    32  led.o(i.set_GSM_SLEEP)
    set_Impact                               0x0800c44d   Thumb Code    38  lsm330dlc_driver.o(i.set_Impact)
    set_OIL_BREAK                            0x0800c473   Thumb Code    36  led.o(i.set_OIL_BREAK)
    sub_cxcs                                 0x0800c499   Thumb Code  1104  smscmd.o(i.sub_cxcs)
    swapHLchar                               0x0800c8e9   Thumb Code    38  gprs.o(i.swapHLchar)
    sys_Init                                 0x0800c911   Thumb Code    78  main.o(i.sys_Init)
    u32toport                                0x0800c96d   Thumb Code   150  gprs.o(i.u32toport)
    __aeabi_fmul                             0x0800ca0d   Thumb Code     0  fmul.o(x$fpl$fmul)
    _fmul                                    0x0800ca0d   Thumb Code   172  fmul.o(x$fpl$fmul)
    DEVICEID                                 0x0800cabc   Data           6  main.o(.constdata)
    __I$use$fp                               0x0800cabc   Number         0  usenofp.o(x$fpl$usenofp)
    PASSWD                                   0x0800cac2   Data           7  main.o(.constdata)
    IPADDR                                   0x0800cac9   Data          13  main.o(.constdata)
    IPPORT                                   0x0800cad6   Data           5  main.o(.constdata)
    g_ucVERSION                              0x0800cadb   Data          18  main.o(.constdata)
    acceleration_para                        0x0800caed   Data           3  main.o(.constdata)
    impact_time_para                         0x0800caf0   Data           3  main.o(.constdata)
    sirf4_cmd00                              0x0800cb12   Data          26  usart1.o(.constdata)
    sirf4_cmd01                              0x0800cb2c   Data          26  usart1.o(.constdata)
    sirf4_cmd02                              0x0800cb46   Data          26  usart1.o(.constdata)
    sirf4_cmd03                              0x0800cb60   Data          26  usart1.o(.constdata)
    sirf4_cmd04                              0x0800cb7a   Data          26  usart1.o(.constdata)
    sirf4_cmd05                              0x0800cb94   Data          26  usart1.o(.constdata)
    sirf4_cmd06                              0x0800cbae   Data          26  usart1.o(.constdata)
    Region$$Table$$Base                      0x0800ccfc   Number         0  anon$$obj.o(Region$$Table)
    Region$$Table$$Limit                     0x0800cd1c   Number         0  anon$$obj.o(Region$$Table)
    g_ucSysMode                              0x20000000   Data           1  main.o(.data)
    g_ucSim900Status                         0x20000001   Data           1  main.o(.data)
    g_ucCurrentNum                           0x20000002   Data          11  main.o(.data)
    g_ucUART6RXUsed                          0x2000000d   Data           1  main.o(.data)
    g_ucTaskList                             0x2000000e   Data           1  main.o(.data)
    g_ucCurrentSMSNum                        0x2000000f   Data           2  main.o(.data)
    g_ucInitSettingFlag                      0x20000011   Data           1  main.o(.data)
    g_ucChargingFlag                         0x20000012   Data           1  main.o(.data)
    g_ucUpdateFlag                           0x20000013   Data           1  main.o(.data)
    g_ucLowPowerFlag                         0x20000014   Data           1  main.o(.data)
    g_ucFStatus                              0x20000015   Data           1  main.o(.data)
    g_ucHeartUpdateFlag                      0x20000016   Data           1  main.o(.data)
    g_usCurrentSpeed                         0x20000018   Data           2  main.o(.data)
    entersleepflag                           0x2000001a   Data           1  main.o(.data)
    rtc_wakeup_timer                         0x2000001c   Data           2  main.o(.data)
    g_ucGotoSleepFlag                        0x2000001e   Data           1  main.o(.data)
    REGNUMbeSET                              0x2000001f   Data           1  main.o(.data)
    TimeUpLdCnt                              0x20000020   Data           2  main.o(.data)
    g_ucGPRSCmdMissionFlag                   0x20000022   Data           1  main.o(.data)
    g_ucSMSCmdMissionFlag                    0x20000023   Data           1  main.o(.data)
    g_ucACC                                  0x20000024   Data           1  main.o(.data)
    g_ucSpeedLimitAlarm                      0x20000025   Data           1  main.o(.data)
    g_ucAlarm                                0x20000026   Data           1  main.o(.data)
    g_FlagENERGY                             0x20000027   Data           1  main.o(.data)
    ACCCount                                 0x20000028   Data           2  main.o(.data)
    ShakerCount                              0x2000002a   Data           2  main.o(.data)
    EN_initialize                            0x2000002c   Data           1  main.o(.data)
    LOWPOWERCount                            0x2000002e   Data           2  main.o(.data)
    intflag                                  0x20000030   Data           1  main.o(.data)
    GPRSCmdFlag                              0x20000031   Data           1  main.o(.data)
    voltage                                  0x20000032   Data           2  main.o(.data)
    shakeon                                  0x20000034   Data           1  main.o(.data)
    ring_sms                                 0x20000035   Data           1  main.o(.data)
    CCR3_Val                                 0x20000036   Data           2  main.o(.data)
    CCR4_Val                                 0x20000038   Data           2  main.o(.data)
    PrescalerValue                           0x2000003a   Data           2  main.o(.data)
    GPIO_InitStructure                       0x2000003c   Data           8  main.o(.data)
    testshake                                0x20000048   Data           1  main.o(.data)
    ADC1ConvertedValue                       0x2000004a   Data           2  main.o(.data)
    ADC1ConvertedVoltage                     0x2000004c   Data           2  main.o(.data)
    lowbattcount                             0x20000050   Data           4  main.o(.data)
    chinesesmsflag                           0x20000054   Data           1  main.o(.data)
    startchinesesms                          0x20000055   Data           1  main.o(.data)
    gps_gate                                 0x20000056   Data           1  main.o(.data)
    gps_copy                                 0x20000057   Data           1  main.o(.data)
    lowbatt_flag                             0x20000058   Data           1  main.o(.data)
    server_ack_flag                          0x20000059   Data           1  main.o(.data)
    server_noack_counter                     0x2000005a   Data           2  main.o(.data)
    rst_gsm_flag                             0x2000005c   Data           1  main.o(.data)
    readio                                   0x2000005d   Data           1  main.o(.data)
    capture                                  0x20000060   Data           2  stm32f0xx_it.o(.data)
    delayms_counter                          0x20000064   Data           4  stm32f0xx_it.o(.data)
    secondcounter                            0x20000068   Data           4  stm32f0xx_it.o(.data)
    Impact_flag                              0x2000006c   Data           1  stm32f0xx_it.o(.data)
    send_alarm_flag                          0x2000006d   Data           1  stm32f0xx_it.o(.data)
    ring_start_flag                          0x2000006e   Data           1  stm32f0xx_it.o(.data)
    ring_counter                             0x20000070   Data           4  stm32f0xx_it.o(.data)
    back_g_usHeartAternationTime             0x20000074   Data           4  stm32f0xx_it.o(.data)
    back_g_usGPRSUpLoadAternationTime        0x20000078   Data           4  stm32f0xx_it.o(.data)
    back_g_usGPRSUpLoadTime                  0x2000007c   Data           4  stm32f0xx_it.o(.data)
    RTC_ALARM_timer                          0x20000080   Data           2  stm32f0xx_it.o(.data)
    Impact_time                              0x20000084   Data           4  stm32f0xx_it.o(.data)
    flag_start_duage_g_ucAlarm               0x20000088   Data           1  stm32f0xx_it.o(.data)
    duage_g_ucAlarm_counter                  0x2000008c   Data           4  stm32f0xx_it.o(.data)
    start_accoff                             0x20000090   Data           1  stm32f0xx_it.o(.data)
    accoff_counter                           0x20000094   Data           4  stm32f0xx_it.o(.data)
    shake_gate                               0x20000098   Data           1  stm32f0xx_it.o(.data)
    alarm_in_flag                            0x20000099   Data           1  stm32f0xx_it.o(.data)
    SystemCoreClock                          0x200000a0   Data           4  system_stm32f0xx.o(.data)
    AHBPrescTable                            0x200000a4   Data          16  system_stm32f0xx.o(.data)
    ManualRx0                                0x200000b4   Data           1  usart1.o(.data)
    gUart0RxCnt                              0x200000b5   Data           1  usart1.o(.data)
    gps_reclen                               0x200000b6   Data           1  usart1.o(.data)
    GPRSCmdCount                             0x200000b7   Data           1  usart1.o(.data)
    proGPRSCmdFlag                           0x200000b8   Data           1  usart1.o(.data)
    dial_status                              0x200000bb   Data           1  gsm.o(.data)
    net_status                               0x200000bc   Data           1  gsm.o(.data)
    flowwater                                0x200000c0   Data           2  gprs.o(.data)
    flowwater_form_table                     0x200000c2   Data           2  gprs.o(.data)
    message_id_from_table                    0x200000c4   Data           2  gprs.o(.data)
    mbnumber                                 0x200000c6   Data           6  gprs.o(.data)
    timegpserror                             0x200000e0   Data           2  gps.o(.data)
    dingwei_flag                             0x200000e2   Data           1  gps.o(.data)
    dingweied_flag                           0x200000e3   Data           1  gps.o(.data)
    WakeTime1                                0x200000e4   Data           1  smscmd.o(.data)
    pStart                                   0x200000e8   Data           4  smscmd.o(.data)
    p1                                       0x200000ec   Data           4  smscmd.o(.data)
    pEnd                                     0x200000f0   Data           4  smscmd.o(.data)
    data11                                   0x200000f4   Data           6  lsm330dlc_driver.o(.data)
    jiaodu                                   0x200000fa   Data           2  lsm330dlc_driver.o(.data)
    system_para                              0x20000110   Data         132  main.o(.bss)
    g_ucSim900Buff                           0x20000194   Data         256  main.o(.bss)
    g_ucNeo6QBuff                            0x20000294   Data          75  main.o(.bss)
    backup_g_ucNeo6QBuff                     0x200002df   Data          75  main.o(.bss)
    g_ucGPRSDataBuff                         0x2000032a   Data         150  main.o(.bss)
    g_ucGPRSCmdBuff                          0x200003c0   Data         384  main.o(.bss)
    g_ucGPRSCmdBuffback                      0x20000540   Data         384  main.o(.bss)
    TIM_TimeBaseStructure                    0x200006c0   Data          12  main.o(.bss)
    TIM_OCInitStructure                      0x200006cc   Data          20  main.o(.bss)
    UART1_ctl_t                              0x200006e0   Data          16  usart1.o(.bss)
    UART2_ctl_t                              0x200006f0   Data          16  usart1.o(.bss)
    UART1_tbuf                               0x20000700   Data         512  usart1.o(.bss)
    UART2_rbuf                               0x20000900   Data         128  usart1.o(.bss)
    smsdatareg                               0x20000980   Data         217  smscmd.o(.bss)
    __libspace_start                         0x20000a5c   Data          96  libspace.o(.bss)
    __temporary_stack_top$libspace           0x20000abc   Data           0  libspace.o(.bss)



==============================================================================

Memory Map of the image

  Image Entry point : 0x080000c1

  Load Region LR_IROM1 (Base: 0x08000000, Size: 0x0000ce2c, Max: 0x00010000, ABSOLUTE)

    Execution Region ER_IROM1 (Base: 0x08000000, Size: 0x0000cd1c, Max: 0x00010000, ABSOLUTE)

    Base Addr    Size         Type   Attr      Idx    E Section Name        Object

    0x08000000   0x000000c0   Data   RO          148    RESET               startup_stm32f0xx.o
    0x080000c0   0x00000008   Code   RO         4706  * !!!main             c_p.l(__main.o)
    0x080000c8   0x0000003c   Code   RO         4890    !!!scatter          c_p.l(__scatter.o)
    0x08000104   0x0000001a   Code   RO         4892    !!handler_copy      c_p.l(__scatter_copy.o)
    0x0800011e   0x00000002   PAD
    0x08000120   0x0000001c   Code   RO         4894    !!handler_zi        c_p.l(__scatter_zi.o)
    0x0800013c   0x00000002   Code   RO         4760    .ARM.Collect$$libinit$$00000000  c_p.l(libinit.o)
    0x0800013e   0x00000000   Code   RO         4774    .ARM.Collect$$libinit$$00000002  c_p.l(libinit2.o)
    0x0800013e   0x00000000   Code   RO         4776    .ARM.Collect$$libinit$$00000004  c_p.l(libinit2.o)
    0x0800013e   0x00000000   Code   RO         4779    .ARM.Collect$$libinit$$0000000A  c_p.l(libinit2.o)
    0x0800013e   0x00000000   Code   RO         4781    .ARM.Collect$$libinit$$0000000C  c_p.l(libinit2.o)
    0x0800013e   0x00000000   Code   RO         4783    .ARM.Collect$$libinit$$0000000E  c_p.l(libinit2.o)
    0x0800013e   0x00000000   Code   RO         4786    .ARM.Collect$$libinit$$00000011  c_p.l(libinit2.o)
    0x0800013e   0x00000000   Code   RO         4788    .ARM.Collect$$libinit$$00000013  c_p.l(libinit2.o)
    0x0800013e   0x00000000   Code   RO         4790    .ARM.Collect$$libinit$$00000015  c_p.l(libinit2.o)
    0x0800013e   0x00000000   Code   RO         4792    .ARM.Collect$$libinit$$00000017  c_p.l(libinit2.o)
    0x0800013e   0x00000000   Code   RO         4794    .ARM.Collect$$libinit$$00000019  c_p.l(libinit2.o)
    0x0800013e   0x00000000   Code   RO         4796    .ARM.Collect$$libinit$$0000001B  c_p.l(libinit2.o)
    0x0800013e   0x00000000   Code   RO         4798    .ARM.Collect$$libinit$$0000001D  c_p.l(libinit2.o)
    0x0800013e   0x00000000   Code   RO         4800    .ARM.Collect$$libinit$$0000001F  c_p.l(libinit2.o)
    0x0800013e   0x00000000   Code   RO         4802    .ARM.Collect$$libinit$$00000021  c_p.l(libinit2.o)
    0x0800013e   0x00000000   Code   RO         4804    .ARM.Collect$$libinit$$00000023  c_p.l(libinit2.o)
    0x0800013e   0x00000000   Code   RO         4806    .ARM.Collect$$libinit$$00000025  c_p.l(libinit2.o)
    0x0800013e   0x00000000   Code   RO         4810    .ARM.Collect$$libinit$$0000002C  c_p.l(libinit2.o)
    0x0800013e   0x00000000   Code   RO         4812    .ARM.Collect$$libinit$$0000002E  c_p.l(libinit2.o)
    0x0800013e   0x00000000   Code   RO         4814    .ARM.Collect$$libinit$$00000030  c_p.l(libinit2.o)
    0x0800013e   0x00000000   Code   RO         4816    .ARM.Collect$$libinit$$00000032  c_p.l(libinit2.o)
    0x0800013e   0x00000002   Code   RO         4817    .ARM.Collect$$libinit$$00000033  c_p.l(libinit2.o)
    0x08000140   0x00000002   Code   RO         4848    .ARM.Collect$$libshutdown$$00000000  c_p.l(libshutdown.o)
    0x08000142   0x00000000   Code   RO         4875    .ARM.Collect$$libshutdown$$00000003  c_p.l(libshutdown2.o)
    0x08000142   0x00000000   Code   RO         4878    .ARM.Collect$$libshutdown$$00000006  c_p.l(libshutdown2.o)
    0x08000142   0x00000000   Code   RO         4881    .ARM.Collect$$libshutdown$$00000009  c_p.l(libshutdown2.o)
    0x08000142   0x00000000   Code   RO         4883    .ARM.Collect$$libshutdown$$0000000B  c_p.l(libshutdown2.o)
    0x08000142   0x00000000   Code   RO         4886    .ARM.Collect$$libshutdown$$0000000E  c_p.l(libshutdown2.o)
    0x08000142   0x00000002   Code   RO         4887    .ARM.Collect$$libshutdown$$0000000F  c_p.l(libshutdown2.o)
    0x08000144   0x00000000   Code   RO         4723    .ARM.Collect$$rtentry$$00000000  c_p.l(__rtentry.o)
    0x08000144   0x00000000   Code   RO         4730    .ARM.Collect$$rtentry$$00000002  c_p.l(__rtentry2.o)
    0x08000144   0x00000006   Code   RO         4742    .ARM.Collect$$rtentry$$00000004  c_p.l(__rtentry4.o)
    0x0800014a   0x00000000   Code   RO         4732    .ARM.Collect$$rtentry$$00000009  c_p.l(__rtentry2.o)
    0x0800014a   0x00000004   Code   RO         4733    .ARM.Collect$$rtentry$$0000000A  c_p.l(__rtentry2.o)
    0x0800014e   0x00000000   Code   RO         4735    .ARM.Collect$$rtentry$$0000000C  c_p.l(__rtentry2.o)
    0x0800014e   0x00000008   Code   RO         4736    .ARM.Collect$$rtentry$$0000000D  c_p.l(__rtentry2.o)
    0x08000156   0x00000002   Code   RO         4765    .ARM.Collect$$rtexit$$00000000  c_p.l(rtexit.o)
    0x08000158   0x00000000   Code   RO         4821    .ARM.Collect$$rtexit$$00000002  c_p.l(rtexit2.o)
    0x08000158   0x00000004   Code   RO         4822    .ARM.Collect$$rtexit$$00000003  c_p.l(rtexit2.o)
    0x0800015c   0x00000006   Code   RO         4823    .ARM.Collect$$rtexit$$00000004  c_p.l(rtexit2.o)
    0x08000162   0x00000002   PAD
    0x08000164   0x00000038   Code   RO         4692    .emb_text           c_p.l(rt_memcpy.o)
    0x0800019c   0x00000038   Code   RO          149    .text               startup_stm32f0xx.o
    0x080001d4   0x00000024   Code   RO         4682    .text               c_p.l(strncat.o)
    0x080001f8   0x00000028   Code   RO         4684    .text               c_p.l(strstr.o)
    0x08000220   0x00000044   Code   RO         4686    .text               c_p.l(strlen.o)
    0x08000264   0x000000a0   Code   RO         4688    .text               c_p.l(strncmp.o)
    0x08000304   0x00000018   Code   RO         4690    .text               c_p.l(strcat.o)
    0x0800031c   0x00000082   Code   RO         4693    .text               c_p.l(rt_memcpy.o)
    0x0800039e   0x00000040   Code   RO         4696    .text               c_p.l(rt_memclr.o)
    0x080003de   0x00000002   PAD
    0x080003e0   0x0000006c   Code   RO         4698    .text               c_p.l(strncpy.o)
    0x0800044c   0x0000015a   Code   RO         4700    .text               c_p.l(aeabi_sdiv.o)
    0x080005a6   0x00000006   Code   RO         4704    .text               c_p.l(heapauxi.o)
    0x080005ac   0x00000048   Code   RO         4708    .text               fz_ps.l(dfixui.o)
    0x080005f4   0x00000248   Code   RO         4710    .text               fz_ps.l(dmul.o)
    0x0800083c   0x00000054   Code   RO         4712    .text               fz_ps.l(f2d.o)
    0x08000890   0x00000160   Code   RO         4714    .text               fz_ps.l(fdiv.o)
    0x080009f0   0x00000030   Code   RO         4717    .text               fz_ps.l(ffixui.o)
    0x08000a20   0x0000005e   Code   RO         4719    .text               fz_ps.l(fflti.o)
    0x08000a7e   0x0000003e   Code   RO         4746    .text               c_p.l(sys_stackheap_outer.o)
    0x08000abc   0x0000000c   Code   RO         4749    .text               c_p.l(exit.o)
    0x08000ac8   0x00000008   Code   RO         4761    .text               c_p.l(libspace.o)
    0x08000ad0   0x0000000c   Code   RO         4818    .text               c_p.l(sys_exit.o)
    0x08000adc   0x00000002   Code   RO         4837    .text               c_p.l(use_no_semi.o)
    0x08000ade   0x00000000   Code   RO         4839    .text               c_p.l(indicate_semi.o)
    0x08000ade   0x00000002   PAD
    0x08000ae0   0x0000009c   Code   RO         1204    i.ADC1_Config       adc.o
    0x08000b7c   0x0000001c   Code   RO         1587    i.ADC_AutoPowerOffCmd  stm32f0xx_adc.o
    0x08000b98   0x00000018   Code   RO         1588    i.ADC_ChannelConfig  stm32f0xx_adc.o
    0x08000bb0   0x00000018   Code   RO         1591    i.ADC_Cmd           stm32f0xx_adc.o
    0x08000bc8   0x00000020   Code   RO         1595    i.ADC_DeInit        stm32f0xx_adc.o
    0x08000be8   0x0000003c   Code   RO         1597    i.ADC_GetCalibrationFactor  stm32f0xx_adc.o
    0x08000c24   0x00000008   Code   RO         1598    i.ADC_GetConversionValue  stm32f0xx_adc.o
    0x08000c2c   0x00000030   Code   RO         1599    i.ADC_GetFlagStatus  stm32f0xx_adc.o
    0x08000c5c   0x0000002c   Code   RO         1602    i.ADC_Init          stm32f0xx_adc.o
    0x08000c88   0x0000000a   Code   RO         1605    i.ADC_StartOfConversion  stm32f0xx_adc.o
    0x08000c92   0x0000000a   Code   RO         1606    i.ADC_StopOfConversion  stm32f0xx_adc.o
    0x08000c9c   0x0000001c   Code   RO         1611    i.ADC_WaitModeCmd   stm32f0xx_adc.o
    0x08000cb8   0x0000007c   Code   RO          595    i.BatteryStatusGet  gsm.o
    0x08000d34   0x0000001c   Code   RO          597    i.ClrGSMBuff        gsm.o
    0x08000d50   0x00000144   Code   RO          939    i.Cmd_ACC           smscmd.o
    0x08000e94   0x000000c0   Code   RO          940    i.Cmd_CXCS          smscmd.o
    0x08000f54   0x000002e4   Code   RO          941    i.Cmd_CXZD          smscmd.o
    0x08001238   0x00000138   Code   RO          942    i.Cmd_CellID        smscmd.o
    0x08001370   0x00000164   Code   RO          943    i.Cmd_DelAll        smscmd.o
    0x080014d4   0x00000002   Code   RO          944    i.Cmd_DelNum        smscmd.o
    0x080014d6   0x00000002   PAD
    0x080014d8   0x00000318   Code   RO          945    i.Cmd_DeviceInfo    smscmd.o
    0x080017f0   0x0000027c   Code   RO          946    i.Cmd_Duration      smscmd.o
    0x08001a6c   0x0000014c   Code   RO          947    i.Cmd_ENAUTOSMS     smscmd.o
    0x08001bb8   0x00000118   Code   RO          948    i.Cmd_IMEI          smscmd.o
    0x08001cd0   0x000000a4   Code   RO          949    i.Cmd_Initial       smscmd.o
    0x08001d74   0x000001d8   Code   RO          950    i.Cmd_NewNum        smscmd.o
    0x08001f4c   0x00000002   Code   RO          951    i.Cmd_NoLimit       smscmd.o
    0x08001f4e   0x00000002   PAD
    0x08001f50   0x00000094   Code   RO          952    i.Cmd_Position      smscmd.o
    0x08001fe4   0x00000002   Code   RO          953    i.Cmd_ReadSpeedLimit  smscmd.o
    0x08001fe6   0x00000002   PAD
    0x08001fe8   0x00000550   Code   RO          954    i.Cmd_SETM          smscmd.o
    0x08002538   0x00000270   Code   RO          955    i.Cmd_SetMode       smscmd.o
    0x080027a8   0x00000400   Code   RO          956    i.Cmd_SetNET        smscmd.o
    0x08002ba8   0x00000140   Code   RO          957    i.Cmd_SetPsw        smscmd.o
    0x08002ce8   0x00000002   Code   RO          958    i.Cmd_SetUpTime     smscmd.o
    0x08002cea   0x00000002   PAD
    0x08002cec   0x00000214   Code   RO          959    i.Cmd_SetWakeTime   smscmd.o
    0x08002f00   0x00000190   Code   RO          960    i.Cmd_Setmid        smscmd.o
    0x08003090   0x00000128   Code   RO          961    i.Cmd_ShowRegNum    smscmd.o
    0x080031b8   0x00000234   Code   RO          962    i.Cmd_SleepTime     smscmd.o
    0x080033ec   0x00000274   Code   RO          963    i.Cmd_SpeedLimit    smscmd.o
    0x08003660   0x00000134   Code   RO          965    i.Cmd_relay         smscmd.o
    0x08003794   0x00000188   Code   RO          966    i.Cmd_shocks        smscmd.o
    0x0800391c   0x00000002   Code   RO          598    i.DebugOut          gsm.o
    0x0800391e   0x00000014   Code   RO          320    i.EXTI0_1_IRQHandler  stm32f0xx_it.o
    0x08003932   0x00000002   PAD
    0x08003934   0x000001b8   Code   RO          321    i.EXTI4_15_IRQHandler  stm32f0xx_it.o
    0x08003aec   0x0000000c   Code   RO         2206    i.EXTI_ClearITPendingBit  stm32f0xx_exti.o
    0x08003af8   0x00000028   Code   RO         2210    i.EXTI_GetITStatus  stm32f0xx_exti.o
    0x08003b20   0x00000088   Code   RO         2211    i.EXTI_Init         stm32f0xx_exti.o
    0x08003ba8   0x0000000c   Code   RO         2263    i.FLASH_ClearFlag   stm32f0xx_flash.o
    0x08003bb4   0x0000004c   Code   RO         2265    i.FLASH_ErasePage   stm32f0xx_flash.o
    0x08003c00   0x0000003c   Code   RO         2268    i.FLASH_GetStatus   stm32f0xx_flash.o
    0x08003c3c   0x00000014   Code   RO         2270    i.FLASH_Lock        stm32f0xx_flash.o
    0x08003c50   0x0000006c   Code   RO         2288    i.FLASH_ProgramWord  stm32f0xx_flash.o
    0x08003cbc   0x00000024   Code   RO         2290    i.FLASH_Unlock      stm32f0xx_flash.o
    0x08003ce0   0x00000028   Code   RO         2291    i.FLASH_WaitForLastOperation  stm32f0xx_flash.o
    0x08003d08   0x00000090   Code   RO         2448    i.GPIO_Init         stm32f0xx_gpio.o
    0x08003d98   0x00000044   Code   RO         2449    i.GPIO_PinAFConfig  stm32f0xx_gpio.o
    0x08003ddc   0x00000014   Code   RO         2452    i.GPIO_ReadInputDataBit  stm32f0xx_gpio.o
    0x08003df0   0x00000004   Code   RO         2455    i.GPIO_ResetBits    stm32f0xx_gpio.o
    0x08003df4   0x00000004   Code   RO         2456    i.GPIO_SetBits      stm32f0xx_gpio.o
    0x08003df8   0x00000014   Code   RO          527    i.GPS_on            usart1.o
    0x08003e0c   0x000000b8   Code   RO          434    i.GSM_Power         led.o
    0x08003ec4   0x0000001c   Code   RO          435    i.GSM_reset         led.o
    0x08003ee0   0x000000a0   Code   RO          916    i.GetAvailableGPSInfoV  gps.o
    0x08003f80   0x000000a0   Code   RO          600    i.GetGPRSStatus     gsm.o
    0x08004020   0x00000090   Code   RO         1205    i.GetVoltage        adc.o
    0x080040b0   0x00000064   Code   RO         1206    i.Get_Adc           adc.o
    0x08004114   0x00000004   Code   RO          322    i.HardFault_Handler  stm32f0xx_it.o
    0x08004118   0x00000038   Code   RO         1235    i.IIC_lsm330_Ack    i2c_lsm330.o
    0x08004150   0x00000060   Code   RO         1236    i.IIC_lsm330_Init   i2c_lsm330.o
    0x080041b0   0x00000038   Code   RO         1237    i.IIC_lsm330_NAck   i2c_lsm330.o
    0x080041e8   0x0000005c   Code   RO         1238    i.IIC_lsm330_Read_Byte  i2c_lsm330.o
    0x08004244   0x0000006c   Code   RO         1239    i.IIC_lsm330_Send_Byte  i2c_lsm330.o
    0x080042b0   0x00000038   Code   RO         1240    i.IIC_lsm330_Start  i2c_lsm330.o
    0x080042e8   0x00000038   Code   RO         1241    i.IIC_lsm330_Stop   i2c_lsm330.o
    0x08004320   0x00000054   Code   RO         1242    i.IIC_lsm330_Wait_Ack  i2c_lsm330.o
    0x08004374   0x0000018c   Code   RO          436    i.IO_Init           led.o
    0x08004500   0x00000010   Code   RO         2797    i.IWDG_Enable       stm32f0xx_iwdg.o
    0x08004510   0x00000008   Code   RO         1155    i.IWDG_Feed         wdg.o
    0x08004518   0x00000028   Code   RO         1156    i.IWDG_Init         wdg.o
    0x08004540   0x00000010   Code   RO         2799    i.IWDG_ReloadCounter  stm32f0xx_iwdg.o
    0x08004550   0x0000000c   Code   RO         2800    i.IWDG_SetPrescaler  stm32f0xx_iwdg.o
    0x0800455c   0x0000000c   Code   RO         2801    i.IWDG_SetReload    stm32f0xx_iwdg.o
    0x08004568   0x0000000c   Code   RO         2803    i.IWDG_WriteAccessCmd  stm32f0xx_iwdg.o
    0x08004574   0x00000eec   Code   RO         1181    i.InitialSetting    set_system_use_uart.o
    0x08005460   0x0000005c   Code   RO         1317    i.LMS330DLC_AccGetDataRate  lsm330dlc_driver.o
    0x080054bc   0x0000003c   Code   RO         1318    i.LMS330DLC_AccSetIrqDuration  lsm330dlc_driver.o
    0x080054f8   0x000000fc   Code   RO         1319    i.LMS330DLC_AccSetThreshold  lsm330dlc_driver.o
    0x080055f4   0x00000208   Code   RO         1320    i.LMS330DLC_FIFOModeEnable  lsm330dlc_driver.o
    0x080057fc   0x00000016   Code   RO         1331    i.LMS330DLC_GetWHO_AM_I  lsm330dlc_driver.o
    0x08005812   0x00000036   Code   RO         1332    i.LMS330DLC_HPFAOI1Enable  lsm330dlc_driver.o
    0x08005848   0x0000003c   Code   RO         1333    i.LMS330DLC_HPFAOI2Enable  lsm330dlc_driver.o
    0x08005884   0x0000003c   Code   RO         1334    i.LMS330DLC_HPFClickEnable  lsm330dlc_driver.o
    0x080058c0   0x00000040   Code   RO         1335    i.LMS330DLC_ReadReg  lsm330dlc_driver.o
    0x08005900   0x00000014   Code   RO         1336    i.LMS330DLC_ResetInt1Latch  lsm330dlc_driver.o
    0x08005914   0x0000003c   Code   RO         1337    i.LMS330DLC_SetAxis  lsm330dlc_driver.o
    0x08005950   0x0000003c   Code   RO         1338    i.LMS330DLC_SetBLE  lsm330dlc_driver.o
    0x0800598c   0x0000003c   Code   RO         1339    i.LMS330DLC_SetFilterDataSel  lsm330dlc_driver.o
    0x080059c8   0x0000003c   Code   RO         1340    i.LMS330DLC_SetFullScale  lsm330dlc_driver.o
    0x08005a04   0x00000044   Code   RO         1341    i.LMS330DLC_SetHPFCutOFF  lsm330dlc_driver.o
    0x08005a48   0x0000003c   Code   RO         1342    i.LMS330DLC_SetHPFMode  lsm330dlc_driver.o
    0x08005a84   0x0000001e   Code   RO         1343    i.LMS330DLC_SetInt1Duration  lsm330dlc_driver.o
    0x08005aa2   0x00000030   Code   RO         1344    i.LMS330DLC_SetInt1Pin  lsm330dlc_driver.o
    0x08005ad2   0x0000001e   Code   RO         1345    i.LMS330DLC_SetInt1Threshold  lsm330dlc_driver.o
    0x08005af0   0x00000036   Code   RO         1347    i.LMS330DLC_SetIntConfiguration  lsm330dlc_driver.o
    0x08005b26   0x0000003c   Code   RO         1348    i.LMS330DLC_SetIntMode  lsm330dlc_driver.o
    0x08005b62   0x00000002   PAD
    0x08005b64   0x000000d4   Code   RO         1349    i.LMS330DLC_SetMode  lsm330dlc_driver.o
    0x08005c38   0x0000003c   Code   RO         1350    i.LMS330DLC_SetODR  lsm330dlc_driver.o
    0x08005c74   0x0000003c   Code   RO         1353    i.LMS330DLC_SetTriggerInt  lsm330dlc_driver.o
    0x08005cb0   0x00000030   Code   RO         1355    i.LMS330DLC_WriteReg  lsm330dlc_driver.o
    0x08005ce0   0x00000118   Code   RO         1356    i.LMS330DLC_init    lsm330dlc_driver.o
    0x08005df8   0x00000002   Code   RO          323    i.NMI_Handler       stm32f0xx_it.o
    0x08005dfa   0x00000002   PAD
    0x08005dfc   0x00000070   Code   RO         2849    i.NVIC_Init         stm32f0xx_misc.o
    0x08005e6c   0x00000078   Code   RO          155    i.NVIC_SetPriority  main.o
    0x08005ee4   0x00000028   Code   RO         2877    i.PWR_BackupAccessCmd  stm32f0xx_pwr.o
    0x08005f0c   0x00000044   Code   RO         2881    i.PWR_EnterSTOPMode  stm32f0xx_pwr.o
    0x08005f50   0x00000002   Code   RO          324    i.PendSV_Handler    stm32f0xx_it.o
    0x08005f52   0x00000002   PAD
    0x08005f54   0x00000090   Code   RO         1182    i.PrintATF          set_system_use_uart.o
    0x08005fe4   0x00000020   Code   RO         2948    i.RCC_AHBPeriphClockCmd  stm32f0xx_rcc.o
    0x08006004   0x00000020   Code   RO         2950    i.RCC_APB1PeriphClockCmd  stm32f0xx_rcc.o
    0x08006024   0x00000020   Code   RO         2951    i.RCC_APB1PeriphResetCmd  stm32f0xx_rcc.o
    0x08006044   0x00000020   Code   RO         2952    i.RCC_APB2PeriphClockCmd  stm32f0xx_rcc.o
    0x08006064   0x00000020   Code   RO         2953    i.RCC_APB2PeriphResetCmd  stm32f0xx_rcc.o
    0x08006084   0x00000028   Code   RO         2956    i.RCC_BackupResetCmd  stm32f0xx_rcc.o
    0x080060ac   0x0000016c   Code   RO         2962    i.RCC_GetClocksFreq  stm32f0xx_rcc.o
    0x08006218   0x00000048   Code   RO         2963    i.RCC_GetFlagStatus  stm32f0xx_rcc.o
    0x08006260   0x00000024   Code   RO         2975    i.RCC_LSICmd        stm32f0xx_rcc.o
    0x08006284   0x00000028   Code   RO         2981    i.RCC_RTCCLKCmd     stm32f0xx_rcc.o
    0x080062ac   0x00000010   Code   RO         2982    i.RCC_RTCCLKConfig  stm32f0xx_rcc.o
    0x080062bc   0x00000068   Code   RO          437    i.RING_EXTI0_Config  led.o
    0x08006324   0x00000070   Code   RO         3193    i.RTC_AlarmCmd      stm32f0xx_rtc.o
    0x08006394   0x0000001a   Code   RO         3196    i.RTC_Bcd2ToByte    stm32f0xx_rtc.o
    0x080063ae   0x0000001c   Code   RO         3198    i.RTC_ByteToBcd2    stm32f0xx_rtc.o
    0x080063ca   0x00000002   PAD
    0x080063cc   0x00000024   Code   RO         3202    i.RTC_ClearITPendingBit  stm32f0xx_rtc.o
    0x080063f0   0x000000f4   Code   RO          156    i.RTC_Config        main.o
    0x080064e4   0x00000058   Code   RO         3206    i.RTC_EnterInitMode  stm32f0xx_rtc.o
    0x0800653c   0x00000014   Code   RO         3207    i.RTC_ExitInitMode  stm32f0xx_rtc.o
    0x08006550   0x0000004c   Code   RO         3212    i.RTC_GetITStatus   stm32f0xx_rtc.o
    0x0800659c   0x00000030   Code   RO          325    i.RTC_IRQHandler    stm32f0xx_it.o
    0x080065cc   0x00000064   Code   RO         3218    i.RTC_ITConfig      stm32f0xx_rtc.o
    0x08006630   0x00000058   Code   RO         3219    i.RTC_Init          stm32f0xx_rtc.o
    0x08006688   0x000000d8   Code   RO         3224    i.RTC_SetAlarm      stm32f0xx_rtc.o
    0x08006760   0x000000d8   Code   RO         3226    i.RTC_SetTime       stm32f0xx_rtc.o
    0x08006838   0x0000006c   Code   RO         3239    i.RTC_WaitForSynchro  stm32f0xx_rtc.o
    0x080068a4   0x00000128   Code   RO          157    i.RestoreSystem     main.o
    0x080069cc   0x00000002   Code   RO          326    i.SVC_Handler       stm32f0xx_it.o
    0x080069ce   0x00000002   PAD
    0x080069d0   0x00000040   Code   RO         3695    i.SYSCFG_EXTILineConfig  stm32f0xx_syscfg.o
    0x08006a10   0x00000080   Code   RO          158    i.SYSCLKConfig_STOP  main.o
    0x08006a90   0x00000018   Code   RO          601    i.SendALARMSMS1     gsm.o
    0x08006aa8   0x00000120   Code   RO          754    i.SendGprs          gprs.o
    0x08006bc8   0x00000238   Code   RO          602    i.SendLocaSMS       gsm.o
    0x08006e00   0x00000012   Code   RO          603    i.SendLocaSMS1      gsm.o
    0x08006e12   0x00000002   PAD
    0x08006e14   0x000000d0   Code   RO          604    i.SendMsg           gsm.o
    0x08006ee4   0x00000114   Code   RO          605    i.SendMsg_UCS2      gsm.o
    0x08006ff8   0x0000001c   Code   RO          606    i.Send_lowpower_LocaSMS  gsm.o
    0x08007014   0x00000070   Code   RO          607    i.Send_speed_ALARMSMS  gsm.o
    0x08007084   0x000000f0   Code   RO          755    i.SetGPRS           gprs.o
    0x08007174   0x00000088   Code   RO          401    i.SetSysClock       system_stm32f0xx.o
    0x080071fc   0x000004b0   Code   RO          608    i.StartGPRS         gsm.o
    0x080076ac   0x00000084   Code   RO          159    i.Store_System_Para  main.o
    0x08007730   0x00000038   Code   RO          160    i.SysTick_Config    main.o
    0x08007768   0x00000184   Code   RO          327    i.SysTick_Handler   stm32f0xx_it.o
    0x080078ec   0x0000007c   Code   RO          403    i.SystemInit        system_stm32f0xx.o
    0x08007968   0x00000150   Code   RO          328    i.TIM3_IRQHandler   stm32f0xx_it.o
    0x08007ab8   0x00000006   Code   RO         3760    i.TIM_ClearITPendingBit  stm32f0xx_tim.o
    0x08007abe   0x00000002   PAD
    0x08007ac0   0x0000001c   Code   RO         3765    i.TIM_Cmd           stm32f0xx_tim.o
    0x08007adc   0x00000078   Code   RO          162    i.TIM_Config        main.o
    0x08007b54   0x00000006   Code   RO         3782    i.TIM_GetCapture3   stm32f0xx_tim.o
    0x08007b5a   0x00000026   Code   RO         3786    i.TIM_GetITStatus   stm32f0xx_tim.o
    0x08007b80   0x00000014   Code   RO         3790    i.TIM_ITConfig      stm32f0xx_tim.o
    0x08007b94   0x00000006   Code   RO         3814    i.TIM_PrescalerConfig  stm32f0xx_tim.o
    0x08007b9a   0x00000004   Code   RO         3830    i.TIM_SetCompare3   stm32f0xx_tim.o
    0x08007b9e   0x00000002   PAD
    0x08007ba0   0x0000007c   Code   RO         3838    i.TIM_TimeBaseInit  stm32f0xx_tim.o
    0x08007c1c   0x00000040   Code   RO          528    i.UART0_ReceiveData  usart1.o
    0x08007c5c   0x0000013c   Code   RO          610    i.UDPSendData       gsm.o
    0x08007d98   0x00000218   Code   RO          529    i.USART1_IRQHandler  usart1.o
    0x08007fb0   0x00000204   Code   RO          530    i.USART2_IRQHandler  usart1.o
    0x080081b4   0x00000012   Code   RO         4318    i.USART_ClearITPendingBit  stm32f0xx_usart.o
    0x080081c6   0x00000018   Code   RO         4321    i.USART_Cmd         stm32f0xx_usart.o
    0x080081de   0x00000002   PAD
    0x080081e0   0x00000040   Code   RO         4327    i.USART_DeInit      stm32f0xx_usart.o
    0x08008220   0x0000004e   Code   RO         4330    i.USART_GetITStatus  stm32f0xx_usart.o
    0x0800826e   0x00000042   Code   RO         4332    i.USART_ITConfig    stm32f0xx_usart.o
    0x080082b0   0x000000f4   Code   RO         4333    i.USART_Init        stm32f0xx_usart.o
    0x080083a4   0x0000000a   Code   RO         4345    i.USART_ReceiveData  stm32f0xx_usart.o
    0x080083ae   0x00000008   Code   RO         4350    i.USART_SendData    stm32f0xx_usart.o
    0x080083b6   0x00000002   PAD
    0x080083b8   0x000000b0   Code   RO          531    i.UbxConfig         usart1.o
    0x08008468   0x00000088   Code   RO          611    i.WaitGSMOK         gsm.o
    0x080084f0   0x00000090   Code   RO          612    i.WaitGSMOK1        gsm.o
    0x08008580   0x0000001c   Code   RO         1141    i.__ARM_common_switch8  smscmd.o
    0x0800859c   0x000000ac   Code   RO          756    i.analysis          gprs.o
    0x08008648   0x00000c68   Code   RO          967    i.analysis_sms      smscmd.o
    0x080092b0   0x000002b0   Code   RO          757    i.asciitodate       gprs.o
    0x08009560   0x0000009c   Code   RO          758    i.asciitodirection  gprs.o
    0x080095fc   0x0000010a   Code   RO          613    i.asciitohex        gsm.o
    0x08009706   0x00000002   PAD
    0x08009708   0x000000c0   Code   RO          759    i.asciitolatitude   gprs.o
    0x080097c8   0x000000c0   Code   RO          761    i.asciitospeed      gprs.o
    0x08009888   0x00000084   Code   RO          762    i.cmd_0002          gprs.o
    0x0800990c   0x00000054   Code   RO          763    i.cmd_0200          gprs.o
    0x08009960   0x00000084   Code   RO          764    i.cmd_CHINESE_POSITION_rece  gprs.o
    0x080099e4   0x00000064   Code   RO          968    i.cmd_CSKMG         smscmd.o
    0x08009a48   0x000000ac   Code   RO          765    i.cmd_GENERAL_RESPONSION  gprs.o
    0x08009af4   0x000001a4   Code   RO          766    i.cmd_INQUIRE_CHINESE_POSITION  gprs.o
    0x08009c98   0x000004a0   Code   RO          767    i.cmd_INQUIRE_ONE_TERMINAL_PARAMETER  gprs.o
    0x0800a138   0x00000044   Code   RO          768    i.cmd_INQUIRE_POSITION  gprs.o
    0x0800a17c   0x00000408   Code   RO          769    i.cmd_INQUIRE_TERMINAL_PARAMETER  gprs.o
    0x0800a584   0x00000098   Code   RO          770    i.cmd_OIL_BREAK     gprs.o
    0x0800a61c   0x00000002   Code   RO          771    i.cmd_SET_GPRS_SERVICER  gprs.o
    0x0800a61e   0x00000002   PAD
    0x0800a620   0x000002ec   Code   RO          772    i.cmd_SET_TERMINAL_PARAMETER  gprs.o
    0x0800a90c   0x000000b8   Code   RO          773    i.constructor       gprs.o
    0x0800a9c4   0x0000005c   Code   RO          532    i.ddi_uart_Write    usart1.o
    0x0800aa20   0x0000011c   Code   RO          533    i.ddi_uart_init     usart1.o
    0x0800ab3c   0x00000134   Code   RO          534    i.ddi_uart_open     usart1.o
    0x0800ac70   0x00000048   Code   RO         1243    i.delayms           i2c_lsm330.o
    0x0800acb8   0x00000038   Code   RO         1244    i.delayus           i2c_lsm330.o
    0x0800acf0   0x0000036c   Code   RO          163    i.energy            main.o
    0x0800b05c   0x0000001a   Code   RO          438    i.get_ACC_CHECK_status  led.o
    0x0800b076   0x0000001a   Code   RO          439    i.get_ALARM_status  led.o
    0x0800b090   0x0000001c   Code   RO          440    i.get_GSM_RING_status  led.o
    0x0800b0ac   0x00000018   Code   RO          441    i.get_SHAKE_status  led.o
    0x0800b0c4   0x00000148   Code   RO          614    i.hex2BCD_ASCII     gsm.o
    0x0800b20c   0x00000020   Code   RO          615    i.hex2BCD_ASCII1    gsm.o
    0x0800b22c   0x00000056   Code   RO          616    i.hextoascii        gsm.o
    0x0800b282   0x00000002   PAD
    0x0800b284   0x00000028   Code   RO         1245    i.lsm330_SDA_IN     i2c_lsm330.o
    0x0800b2ac   0x0000002c   Code   RO         1246    i.lsm330_SDA_OUT    i2c_lsm330.o
    0x0800b2d8   0x00000954   Code   RO          164    i.main              main.o
    0x0800bc2c   0x00000030   Code   RO          774    i.porttou32         gprs.o
    0x0800bc5c   0x0000014c   Code   RO          617    i.send_chinese_sms  gsm.o
    0x0800bda8   0x00000520   Code   RO          775    i.send_location_gprs  gprs.o
    0x0800c2c8   0x00000140   Code   RO          969    i.setSMS            smscmd.o
    0x0800c408   0x00000020   Code   RO          442    i.set_GPS_POWERON   led.o
    0x0800c428   0x00000024   Code   RO          444    i.set_GSM_SLEEP     led.o
    0x0800c44c   0x00000026   Code   RO         1357    i.set_Impact        lsm330dlc_driver.o
    0x0800c472   0x00000024   Code   RO          445    i.set_OIL_BREAK     led.o
    0x0800c496   0x00000002   PAD
    0x0800c498   0x00000450   Code   RO          970    i.sub_cxcs          smscmd.o
    0x0800c8e8   0x00000026   Code   RO          776    i.swapHLchar        gprs.o
    0x0800c90e   0x00000002   PAD
    0x0800c910   0x0000005c   Code   RO          165    i.sys_Init          main.o
    0x0800c96c   0x000000a0   Code   RO          777    i.u32toport         gprs.o
    0x0800ca0c   0x000000b0   Code   RO         4721    x$fpl$fmul          fz_ps.l(fmul.o)
    0x0800cabc   0x00000000   Code   RO         4728    x$fpl$usenofp       fz_ps.l(usenofp.o)
    0x0800cabc   0x00000056   Data   RO          167    .constdata          main.o
    0x0800cb12   0x000000b6   Data   RO          536    .constdata          usart1.o
    0x0800cbc8   0x00000067   Data   RO          618    .constdata          gsm.o
    0x0800cc2f   0x00000040   Data   RO         4715    .constdata          fz_ps.l(fdiv.o)
    0x0800cc6f   0x00000001   PAD
    0x0800cc70   0x00000044   Data   RO          168    .conststring        main.o
    0x0800ccb4   0x00000045   Data   RO          778    .conststring        gprs.o
    0x0800ccf9   0x00000003   PAD
    0x0800ccfc   0x00000020   Data   RO         4888    Region$$Table       anon$$obj.o


    Execution Region RW_IRAM1 (Base: 0x20000000, Size: 0x00001ac8, Max: 0x00002000, ABSOLUTE)

    Base Addr    Size         Type   Attr      Idx    E Section Name        Object

    0x20000000   0x0000005e   Data   RW          169    .data               main.o
    0x2000005e   0x00000002   PAD
    0x20000060   0x0000003d   Data   RW          329    .data               stm32f0xx_it.o
    0x2000009d   0x00000003   PAD
    0x200000a0   0x00000014   Data   RW          404    .data               system_stm32f0xx.o
    0x200000b4   0x00000007   Data   RW          537    .data               usart1.o
    0x200000bb   0x00000002   Data   RW          619    .data               gsm.o
    0x200000bd   0x00000003   PAD
    0x200000c0   0x00000020   Data   RW          779    .data               gprs.o
    0x200000e0   0x00000004   Data   RW          917    .data               gps.o
    0x200000e4   0x00000010   Data   RW          972    .data               smscmd.o
    0x200000f4   0x00000009   Data   RW         1358    .data               lsm330dlc_driver.o
    0x200000fd   0x00000010   Data   RW         2986    .data               stm32f0xx_rcc.o
    0x2000010d   0x00000003   PAD
    0x20000110   0x000005d0   Zero   RW          166    .bss                main.o
    0x200006e0   0x000002a0   Zero   RW          535    .bss                usart1.o
    0x20000980   0x000000d9   Zero   RW          971    .bss                smscmd.o
    0x20000a59   0x00000003   PAD
    0x20000a5c   0x00000060   Zero   RW         4762    .bss                c_p.l(libspace.o)
    0x20000abc   0x00000004   PAD
    0x20000ac0   0x00000002   Zero   RW          147    HEAP                startup_stm32f0xx.o
    0x20000ac2   0x00000006   PAD
    0x20000ac8   0x00001000   Zero   RW          146    STACK               startup_stm32f0xx.o

