ARM Linker, 5.03 [Build 76] [MDK-ARM Professional]

==============================================================================

Section Cross References

    stm32f0_discovery.o(i.STM_EVAL_LEDInit) refers to stm32f0xx_rcc.o(i.RCC_AHBPeriphClockCmd) for RCC_AHBPeriphClockCmd
    stm32f0_discovery.o(i.STM_EVAL_LEDInit) refers to stm32f0xx_gpio.o(i.GPIO_Init) for GPIO_Init
    stm32f0_discovery.o(i.STM_EVAL_LEDInit) refers to led.o(.constdata) for GPIO_CLK
    stm32f0_discovery.o(i.STM_EVAL_LEDInit) refers to led.o(.data) for GPIO_PORT
    stm32f0_discovery.o(i.STM_EVAL_LEDOff) refers to led.o(.constdata) for GPIO_PIN
    stm32f0_discovery.o(i.STM_EVAL_LEDOff) refers to led.o(.data) for GPIO_PORT
    stm32f0_discovery.o(i.STM_EVAL_LEDOn) refers to led.o(.constdata) for GPIO_PIN
    stm32f0_discovery.o(i.STM_EVAL_LEDOn) refers to led.o(.data) for GPIO_PORT
    stm32f0_discovery.o(i.STM_EVAL_LEDToggle) refers to led.o(.data) for GPIO_PORT
    stm32f0_discovery.o(i.STM_EVAL_LEDToggle) refers to led.o(.constdata) for GPIO_PIN
    stm32f0_discovery.o(i.STM_EVAL_PBGetState) refers to stm32f0xx_gpio.o(i.GPIO_ReadInputDataBit) for GPIO_ReadInputDataBit
    stm32f0_discovery.o(i.STM_EVAL_PBGetState) refers to stm32f0_discovery.o(.constdata) for BUTTON_PIN
    stm32f0_discovery.o(i.STM_EVAL_PBGetState) refers to stm32f0_discovery.o(.data) for BUTTON_PORT
    stm32f0_discovery.o(i.STM_EVAL_PBInit) refers to stm32f0xx_rcc.o(i.RCC_AHBPeriphClockCmd) for RCC_AHBPeriphClockCmd
    stm32f0_discovery.o(i.STM_EVAL_PBInit) refers to stm32f0xx_rcc.o(i.RCC_APB2PeriphClockCmd) for RCC_APB2PeriphClockCmd
    stm32f0_discovery.o(i.STM_EVAL_PBInit) refers to stm32f0xx_gpio.o(i.GPIO_Init) for GPIO_Init
    stm32f0_discovery.o(i.STM_EVAL_PBInit) refers to stm32f0xx_syscfg.o(i.SYSCFG_EXTILineConfig) for SYSCFG_EXTILineConfig
    stm32f0_discovery.o(i.STM_EVAL_PBInit) refers to stm32f0xx_exti.o(i.EXTI_Init) for EXTI_Init
    stm32f0_discovery.o(i.STM_EVAL_PBInit) refers to stm32f0xx_misc.o(i.NVIC_Init) for NVIC_Init
    stm32f0_discovery.o(i.STM_EVAL_PBInit) refers to stm32f0_discovery.o(.constdata) for BUTTON_CLK
    stm32f0_discovery.o(i.STM_EVAL_PBInit) refers to stm32f0_discovery.o(.data) for BUTTON_PORT
    startup_stm32f0xx.o(RESET) refers to startup_stm32f0xx.o(STACK) for __initial_sp
    startup_stm32f0xx.o(RESET) refers to startup_stm32f0xx.o(.text) for Reset_Handler
    startup_stm32f0xx.o(RESET) refers to stm32f0xx_it.o(i.NMI_Handler) for NMI_Handler
    startup_stm32f0xx.o(RESET) refers to stm32f0xx_it.o(i.HardFault_Handler) for HardFault_Handler
    startup_stm32f0xx.o(RESET) refers to stm32f0xx_it.o(i.SVC_Handler) for SVC_Handler
    startup_stm32f0xx.o(RESET) refers to stm32f0xx_it.o(i.PendSV_Handler) for PendSV_Handler
    startup_stm32f0xx.o(RESET) refers to stm32f0xx_it.o(i.SysTick_Handler) for SysTick_Handler
    startup_stm32f0xx.o(RESET) refers to stm32f0xx_it.o(i.RTC_IRQHandler) for RTC_IRQHandler
    startup_stm32f0xx.o(RESET) refers to stm32f0xx_it.o(i.EXTI0_1_IRQHandler) for EXTI0_1_IRQHandler
    startup_stm32f0xx.o(RESET) refers to stm32f0xx_it.o(i.EXTI4_15_IRQHandler) for EXTI4_15_IRQHandler
    startup_stm32f0xx.o(RESET) refers to stm32f0xx_it.o(i.TIM3_IRQHandler) for TIM3_IRQHandler
    startup_stm32f0xx.o(RESET) refers to usart1.o(i.USART1_IRQHandler) for USART1_IRQHandler
    startup_stm32f0xx.o(RESET) refers to usart1.o(i.USART2_IRQHandler) for USART2_IRQHandler
    startup_stm32f0xx.o(.text) refers to system_stm32f0xx.o(i.SystemInit) for SystemInit
    startup_stm32f0xx.o(.text) refers to entry.o(.ARM.Collect$$$$00000000) for __main
    smscmd.o(i.Cmd_ACC) refers to strstr.o(.text) for strstr
    smscmd.o(i.Cmd_ACC) refers to strncmp.o(.text) for strncmp
    smscmd.o(i.Cmd_ACC) refers to gsm.o(i.SendMsg_Password_error) for SendMsg_Password_error
    smscmd.o(i.Cmd_ACC) refers to gsm.o(i.SendMsg_Parameter_error) for SendMsg_Parameter_error
    smscmd.o(i.Cmd_ACC) refers to gsm.o(i.SendMsg) for SendMsg
    smscmd.o(i.Cmd_ACC) refers to main.o(i.Store_System_Para) for Store_System_Para
    smscmd.o(i.Cmd_ACC) refers to main.o(i.sys_Init) for sys_Init
    smscmd.o(i.Cmd_ACC) refers to main.o(.bss) for g_ucSim900Buff
    smscmd.o(i.Cmd_CXCS) refers to memseta.o(.text) for __aeabi_memclr4
    smscmd.o(i.Cmd_CXCS) refers to smscmd.o(i.sub_cxcs) for sub_cxcs
    smscmd.o(i.Cmd_CXCS) refers to strncat.o(.text) for strncat
    smscmd.o(i.Cmd_CXCS) refers to strlen.o(.text) for strlen
    smscmd.o(i.Cmd_CXCS) refers to strncpy.o(.text) for strncpy
    smscmd.o(i.Cmd_CXCS) refers to gsm.o(i.deal_g_ucSim900Status) for deal_g_ucSim900Status
    smscmd.o(i.Cmd_CXCS) refers to usart1.o(i.ddi_uart_Write) for ddi_uart_Write
    smscmd.o(i.Cmd_CXCS) refers to gsm.o(i.WaitGSMOK1) for WaitGSMOK1
    smscmd.o(i.Cmd_CXCS) refers to gsm.o(i.WaitGSMOK2) for WaitGSMOK2
    smscmd.o(i.Cmd_CXCS) refers to i2c_lsm330.o(i.delayms) for delayms
    smscmd.o(i.Cmd_CXCS) refers to main.o(.bss) for g_ucCurrentNum
[...]
    i.constructor                            0x0800b4b4   Section        0  gprs.o(i.constructor)
    i.ddi_uart1_init                         0x0800b574   Section        0  usart1.o(i.ddi_uart1_init)
    i.ddi_uart2_init                         0x0800b644   Section        0  usart1.o(i.ddi_uart2_init)
    i.ddi_uart_Write                         0x0800b6e0   Section        0  usart1.o(i.ddi_uart_Write)
    i.ddi_uart_open                          0x0800b73c   Section        0  usart1.o(i.ddi_uart_open)
    i.deal_g_ucSim900Status                  0x0800b870   Section        0  gsm.o(i.deal_g_ucSim900Status)
    i.delayms                                0x0800b8a0   Section        0  i2c_lsm330.o(i.delayms)
    i.delayms_nodog                          0x0800b8c0   Section        0  main.o(i.delayms_nodog)
    i.delayus                                0x0800b8d6   Section        0  i2c_lsm330.o(i.delayus)
    i.energy                                 0x0800b910   Section        0  main.o(i.energy)
    i.flash_copy                             0x0800bc0c   Section        0  ddi_norflash.o(i.flash_copy)
    i.get_ACC_CHECK_status                   0x0800bc58   Section        0  led.o(i.get_ACC_CHECK_status)
    i.get_ALARM_status                       0x0800bc72   Section        0  led.o(i.get_ALARM_status)
    i.get_GSM_RING_status                    0x0800bc8c   Section        0  led.o(i.get_GSM_RING_status)
    i.get_ID                                 0x0800bca8   Section        0  gprs.o(i.get_ID)
    i.get_lac_gps                            0x0800be08   Section        0  gprs.o(i.get_lac_gps)
    i.hex2BCD_ASCII                          0x0800beb8   Section        0  gsm.o(i.hex2BCD_ASCII)
    i.hex2BCD_ASCII1                         0x0800c000   Section        0  gsm.o(i.hex2BCD_ASCII1)
    i.hextoascii                             0x0800c020   Section        0  gsm.o(i.hextoascii)
    i.isdigit_w                              0x0800c076   Section        0  gsm.o(i.isdigit_w)
    i.isdigtit_len                           0x0800c088   Section        0  gsm.o(i.isdigtit_len)
    i.lsm330_SDA_IN                          0x0800c0c0   Section        0  i2c_lsm330.o(i.lsm330_SDA_IN)
    i.lsm330_SDA_OUT                         0x0800c0e8   Section        0  i2c_lsm330.o(i.lsm330_SDA_OUT)
    i.main                                   0x0800c114   Section        0  main.o(i.main)
    i.mileage_flash_init                     0x0800c960   Section        0  ddi_norflash.o(i.mileage_flash_init)
    i.mileage_init                           0x0800c9ec   Section        0  ddi_norflash.o(i.mileage_init)
    i.mileage_read                           0x0800cab0   Section        0  ddi_norflash.o(i.mileage_read)
    i.mileage_write                          0x0800cb28   Section        0  ddi_norflash.o(i.mileage_write)
    i.porttou32                              0x0800cd04   Section        0  gprs.o(i.porttou32)
    i.reset_gps                              0x0800cd34   Section        0  gps.o(i.reset_gps)
    i.send_chinese_sms                       0x0800cd60   Section        0  gsm.o(i.send_chinese_sms)
    i.send_location_gprs                     0x0800cea8   Section        0  gprs.o(i.send_location_gprs)
    i.setSMS                                 0x0800d36c   Section        0  smscmd.o(i.setSMS)
    i.set_GPS_POWERON                        0x0800d4b4   Section        0  led.o(i.set_GPS_POWERON)
    i.set_Impact                             0x0800d4d4   Section        0  lsm330dlc_driver.o(i.set_Impact)
    i.set_OIL_BREAK                          0x0800d4fa   Section        0  led.o(i.set_OIL_BREAK)
    i.sub_cxcs                               0x0800d520   Section        0  smscmd.o(i.sub_cxcs)
    i.swapHLchar                             0x0800d9d0   Section        0  gprs.o(i.swapHLchar)
    i.sys_Init                               0x0800d9f8   Section        0  main.o(i.sys_Init)
    i.test_a_gps                             0x0800da98   Section        0  gprs.o(i.test_a_gps)
    i.u32toport                              0x0800dcfc   Section        0  gprs.o(i.u32toport)
    i.uploadLAC_InquireChinese               0x0800dd9c   Section        0  gprs.o(i.uploadLAC_InquireChinese)
    .constdata                               0x0800de8c   Section       11  smscmd.o(.constdata)
    .constdata                               0x0800de97   Section       24  gprs.o(.constdata)
    .constdata                               0x0800deb0   Section      255  gsm.o(.constdata)
    .constdata                               0x0800dfb0   Section       28  led.o(.constdata)
    .constdata                               0x0800dfcc   Section      118  main.o(.constdata)
    .data                                    0x20000000   Section       16  smscmd.o(.data)
    .data                                    0x20000010   Section       75  stm32f0xx_it.o(.data)
    proGPRSCmdFlag_counter                   0x20000047   Data           1  stm32f0xx_it.o(.data)
    tencounter                               0x2000004a   Data           1  stm32f0xx_it.o(.data)
    backup_mileage_64                        0x20000050   Data           8  stm32f0xx_it.o(.data)
    alarm_counter                            0x20000058   Data           1  stm32f0xx_it.o(.data)
    ACC_counter_ON                           0x20000059   Data           1  stm32f0xx_it.o(.data)
    ACC_counter_Off                          0x2000005a   Data           1  stm32f0xx_it.o(.data)
    .data                                    0x2000005c   Section       20  system_stm32f0xx.o(.data)
    .data                                    0x20000070   Section      104  gprs.o(.data)
    latitude_b                               0x20000074   Data           4  gprs.o(.data)
    longitude_b                              0x20000078   Data           4  gprs.o(.data)
    Lac_b                                    0x2000007c   Data           4  gprs.o(.data)
    LacID_b                                  0x20000080   Data           4  gprs.o(.data)
    i                                        0x200000a8   Data           4  gprs.o(.data)
    ptmp                                     0x200000ac   Data           4  gprs.o(.data)
    SMS_speed_turn                           0x200000b0   Data           1  gprs.o(.data)
    daycnt                                   0x200000b2   Data           2  gprs.o(.data)
    i                                        0x200000b4   Data           4  gprs.o(.data)
    ptmp                                     0x200000b8   Data           4  gprs.o(.data)
    SMS_speed_turn                           0x200000bc   Data           1  gprs.o(.data)
    ptmp                                     0x200000c0   Data           4  gprs.o(.data)
    i                                        0x200000c4   Data           4  gprs.o(.data)
    ptmp                                     0x200000c8   Data           4  gprs.o(.data)
    .data                                    0x200000d8   Section        5  gps.o(.data)
    .data                                    0x200000e0   Section        9  gsm.o(.data)
    .data                                    0x200000ec   Section       96  main.o(.data)
    TimingDelay                              0x20000148   Data           4  main.o(.data)
    .data                                    0x2000014c   Section        1  set_system_use_uart.o(.data)
    paraset_flag                             0x2000014c   Data           1  set_system_use_uart.o(.data)
    .data                                    0x20000150   Section        4  i2c_lsm330.o(.data)
    .data                                    0x20000154   Section       31  usart1.o(.data)
    first                                    0x2000016e   Data           1  usart1.o(.data)
    dollar                                   0x2000016f   Data           1  usart1.o(.data)
    gprmc                                    0x20000170   Data           1  usart1.o(.data)
    recv_complete_flag                       0x20000171   Data           1  usart1.o(.data)
    V_counter                                0x20000172   Data           1  usart1.o(.data)
    .data                                    0x20000173   Section       16  stm32f0xx_rcc.o(.data)
    APBAHBPrescTable                         0x20000173   Data          16  stm32f0xx_rcc.o(.data)
    .bss                                     0x20000184   Section      490  smscmd.o(.bss)
    .bss                                     0x2000036e   Section       10  gprs.o(.bss)
    .bss                                     0x20000378   Section       52  gps.o(.bss)
    .bss                                     0x200003b0   Section     1912  main.o(.bss)
    .bss                                     0x20000b28   Section      672  usart1.o(.bss)
    STACK                                    0x20000dc8   Section     4096  startup_stm32f0xx.o(STACK)

    Global Symbols

    Symbol Name                              Value     Ov Type        Size  Object(Section)

    BuildAttributes$$THM_ISAv3M$S$PE$A:L22$X:L11$S22$IEEE1$IW$USESV6$~STKCKD$USESV7$~SHL$OTIME$ROPI$IEEEX$EBA8$MICROLIB$REQ8$PRES8$EABIv2 0x00000000   Number         0  anon$$obj.o ABSOLUTE
    __ARM_use_no_argv                        0x00000000   Number         0  main.o ABSOLUTE
    __cpp_initialize__aeabi_                  - Undefined Weak Reference
    __cxa_finalize                            - Undefined Weak Reference
    _clock_init                               - Undefined Weak Reference
    _microlib_exit                            - Undefined Weak Reference
    __Vectors_Size                           0x000000c0   Number         0  startup_stm32f0xx.o ABSOLUTE
    __Vectors                                0x08000000   Data           4  startup_stm32f0xx.o(RESET)
    __Vectors_End                            0x080000c0   Data           0  startup_stm32f0xx.o(RESET)
    __main                                   0x080000c1   Thumb Code     0  entry.o(.ARM.Collect$$$$00000000)
    _main_stk                                0x080000c1   Thumb Code     0  entry2.o(.ARM.Collect$$$$00000001)
    _main_scatterload                        0x080000c5   Thumb Code     0  entry5.o(.ARM.Collect$$$$00000004)
    __main_after_scatterload                 0x080000c9   Thumb Code     0  entry5.o(.ARM.Collect$$$$00000004)
    _main_clock                              0x080000c9   Thumb Code     0  entry7b.o(.ARM.Collect$$$$00000008)
    _main_cpp_init                           0x080000c9   Thumb Code     0  entry8b.o(.ARM.Collect$$$$0000000A)
    _main_init                               0x080000c9   Thumb Code     0  entry9a.o(.ARM.Collect$$$$0000000B)
    __rt_final_cpp                           0x080000d1   Thumb Code     0  entry10a.o(.ARM.Collect$$$$0000000D)
    __rt_final_exit                          0x080000d1   Thumb Code     0  entry11a.o(.ARM.Collect$$$$0000000F)
    Reset_Handler                            0x080000d5   Thumb Code     8  startup_stm32f0xx.o(.text)
    ADC1_COMP_IRQHandler                     0x080000e7   Thumb Code     0  startup_stm32f0xx.o(.text)
    CEC_IRQHandler                           0x080000e7   Thumb Code     0  startup_stm32f0xx.o(.text)
    DMA1_Channel1_IRQHandler                 0x080000e7   Thumb Code     0  startup_stm32f0xx.o(.text)
    DMA1_Channel2_3_IRQHandler               0x080000e7   Thumb Code     0  startup_stm32f0xx.o(.text)
    DMA1_Channel4_5_IRQHandler               0x080000e7   Thumb Code     0  startup_stm32f0xx.o(.text)
    EXTI2_3_IRQHandler                       0x080000e7   Thumb Code     0  startup_stm32f0xx.o(.text)
    FLASH_IRQHandler                         0x080000e7   Thumb Code     0  startup_stm32f0xx.o(.text)
    I2C1_IRQHandler                          0x080000e7   Thumb Code     0  startup_stm32f0xx.o(.text)
    I2C2_IRQHandler                          0x080000e7   Thumb Code     0  startup_stm32f0xx.o(.text)
    PVD_IRQHandler                           0x080000e7   Thumb Code     0  startup_stm32f0xx.o(.text)
    RCC_IRQHandler                           0x080000e7   Thumb Code     0  startup_stm32f0xx.o(.text)
    SPI1_IRQHandler                          0x080000e7   Thumb Code     0  startup_stm32f0xx.o(.text)
    SPI2_IRQHandler                          0x080000e7   Thumb Code     0  startup_stm32f0xx.o(.text)
    TIM14_IRQHandler                         0x080000e7   Thumb Code     0  startup_stm32f0xx.o(.text)
    TIM15_IRQHandler                         0x080000e7   Thumb Code     0  startup_stm32f0xx.o(.text)
    TIM16_IRQHandler                         0x080000e7   Thumb Code     0  startup_stm32f0xx.o(.text)
    TIM17_IRQHandler                         0x080000e7   Thumb Code     0  startup_stm32f0xx.o(.text)
    TIM1_BRK_UP_TRG_COM_IRQHandler           0x080000e7   Thumb Code     0  startup_stm32f0xx.o(.text)
    TIM1_CC_IRQHandler                       0x080000e7   Thumb Code     0  startup_stm32f0xx.o(.text)
    TIM2_IRQHandler                          0x080000e7   Thumb Code     0  startup_stm32f0xx.o(.text)
    TIM6_DAC_IRQHandler                      0x080000e7   Thumb Code     0  startup_stm32f0xx.o(.text)
    TS_IRQHandler                            0x080000e7   Thumb Code     0  startup_stm32f0xx.o(.text)
    WWDG_IRQHandler                          0x080000e7   Thumb Code     0  startup_stm32f0xx.o(.text)
    __aeabi_uidiv                            0x080000f1   Thumb Code     0  uidiv.o(.text)
    __aeabi_uidivmod                         0x080000f1   Thumb Code    44  uidiv.o(.text)
    __aeabi_idiv                             0x0800011d   Thumb Code     0  idiv.o(.text)
    __aeabi_idivmod                          0x0800011d   Thumb Code    40  idiv.o(.text)
    __aeabi_uldivmod                         0x08000145   Thumb Code    96  uldiv.o(.text)
    __aeabi_memcpy                           0x080001a5   Thumb Code    36  memcpya.o(.text)
    __aeabi_memcpy4                          0x080001a5   Thumb Code     0  memcpya.o(.text)
    __aeabi_memcpy8                          0x080001a5   Thumb Code     0  memcpya.o(.text)
    __aeabi_memset                           0x080001c9   Thumb Code    14  memseta.o(.text)
    __aeabi_memset4                          0x080001c9   Thumb Code     0  memseta.o(.text)
    __aeabi_memset8                          0x080001c9   Thumb Code     0  memseta.o(.text)
    __aeabi_memclr                           0x080001d7   Thumb Code     4  memseta.o(.text)
    __aeabi_memclr4                          0x080001d7   Thumb Code     0  memseta.o(.text)
    __aeabi_memclr8                          0x080001d7   Thumb Code     0  memseta.o(.text)
    _memset$wrapper                          0x080001db   Thumb Code    18  memseta.o(.text)
    strcat                                   0x080001ed   Thumb Code    24  strcat.o(.text)
    strstr                                   0x08000205   Thumb Code    40  strstr.o(.text)
    strncpy                                  0x0800022d   Thumb Code    26  strncpy.o(.text)
    strlen                                   0x08000247   Thumb Code    14  strlen.o(.text)
    strncat                                  0x08000255   Thumb Code    40  strncat.o(.text)
    strcpy                                   0x0800027d   Thumb Code    18  strcpy.o(.text)
    strncmp                                  0x0800028f   Thumb Code    30  strncmp.o(.text)
    __aeabi_uread4                           0x080002ad   Thumb Code    20  uread4.o(.text)
    __rt_uread4                              0x080002ad   Thumb Code     0  uread4.o(.text)
    _uread4                                  0x080002ad   Thumb Code     0  uread4.o(.text)
    __aeabi_uwrite4                          0x080002c1   Thumb Code    18  uwrite4.o(.text)
    __rt_uwrite4                             0x080002c1   Thumb Code     0  uwrite4.o(.text)
    _uwrite4                                 0x080002c1   Thumb Code     0  uwrite4.o(.text)
    __aeabi_fmul                             0x080002d3   Thumb Code   122  fmul.o(.text)
    __aeabi_fdiv                             0x0800034d   Thumb Code   124  fdiv.o(.text)
    __aeabi_ui2f                             0x080003c9   Thumb Code    14  ffltui.o(.text)
    __aeabi_f2uiz                            0x080003d7   Thumb Code    40  ffixui.o(.text)
    __aeabi_llsl                             0x080003ff   Thumb Code    32  llshl.o(.text)
    _ll_shift_l                              0x080003ff   Thumb Code     0  llshl.o(.text)
    __aeabi_llsr                             0x0800041f   Thumb Code    34  llushr.o(.text)
    _ll_ushift_r                             0x0800041f   Thumb Code     0  llushr.o(.text)
    __I$use$fp                               0x08000441   Thumb Code     0  iusefp.o(.text)
    _float_round                             0x08000441   Thumb Code    16  fepilogue.o(.text)
    _float_epilogue                          0x08000451   Thumb Code   116  fepilogue.o(.text)
    __scatterload                            0x080004c5   Thumb Code    28  init.o(.text)
    __scatterload_rt2                        0x080004c5   Thumb Code     0  init.o(.text)
    __decompress                             0x080004e9   Thumb Code     0  __dczerorl.o(.text)
    __decompress0                            0x080004e9   Thumb Code    58  __dczerorl.o(.text)
    ADC1_Config                              0x08000525   Thumb Code   146  adc.o(i.ADC1_Config)
    ADC_AutoPowerOffCmd                      0x080005c1   Thumb Code    28  stm32f0xx_adc.o(i.ADC_AutoPowerOffCmd)
    ADC_ChannelConfig                        0x080005dd   Thumb Code    24  stm32f0xx_adc.o(i.ADC_ChannelConfig)
    ADC_Cmd                                  0x080005f5   Thumb Code    24  stm32f0xx_adc.o(i.ADC_Cmd)
    ADC_DeInit                               0x0800060d   Thumb Code    28  stm32f0xx_adc.o(i.ADC_DeInit)
    ADC_GetCalibrationFactor                 0x0800062d   Thumb Code    58  stm32f0xx_adc.o(i.ADC_GetCalibrationFactor)
    ADC_GetConversionValue                   0x08000667   Thumb Code     8  stm32f0xx_adc.o(i.ADC_GetConversionValue)
    ADC_GetFlagStatus                        0x0800066f   Thumb Code    44  stm32f0xx_adc.o(i.ADC_GetFlagStatus)
    ADC_Init                                 0x0800069d   Thumb Code    40  stm32f0xx_adc.o(i.ADC_Init)
    ADC_StartOfConversion                    0x080006c9   Thumb Code    10  stm32f0xx_adc.o(i.ADC_StartOfConversion)
    ADC_StopOfConversion                     0x080006d3   Thumb Code    10  stm32f0xx_adc.o(i.ADC_StopOfConversion)
    ADC_WaitModeCmd                          0x080006dd   Thumb Code    28  stm32f0xx_adc.o(i.ADC_WaitModeCmd)
    Backup_Store_System_Para                 0x080006f9   Thumb Code   126  main.o(i.Backup_Store_System_Para)
    BatteryStatusGet                         0x08000781   Thumb Code    98  gsm.o(i.BatteryStatusGet)
    CheckSum                                 0x080007fd   Thumb Code    94  gps.o(i.CheckSum)
    Check_AT                                 0x0800085d   Thumb Code    68  led.o(i.Check_AT)
    Clear_All_GSM_flag                       0x080008b5   Thumb Code    16  led.o(i.Clear_All_GSM_flag)
    ClrGSMBuff                               0x080008d1   Thumb Code    20  gsm.o(i.ClrGSMBuff)
    Cmd_ACC                                  0x080008ed   Thumb Code   212  smscmd.o(i.Cmd_ACC)
    Cmd_CXCS                                 0x080009f5   Thumb Code   188  smscmd.o(i.Cmd_CXCS)
    Cmd_CXZD                                 0x08000ac9   Thumb Code   526  smscmd.o(i.Cmd_CXZD)
    Cmd_CellID                               0x08000d7d   Thumb Code   200  smscmd.o(i.Cmd_CellID)
    Cmd_DeviceInfo                           0x08000e95   Thumb Code   666  smscmd.o(i.Cmd_DeviceInfo)
    Cmd_Duration                             0x080011ad   Thumb Code   510  smscmd.o(i.Cmd_Duration)
    Cmd_ENAUTOSMS                            0x08001405   Thumb Code   208  smscmd.o(i.Cmd_ENAUTOSMS)
    Cmd_IMEI                                 0x08001515   Thumb Code   186  smscmd.o(i.Cmd_IMEI)
    Cmd_Initial                              0x080015fd   Thumb Code    80  smscmd.o(i.Cmd_Initial)
    Cmd_NewNum                               0x08001671   Thumb Code   346  smscmd.o(i.Cmd_NewNum)
    Cmd_Position                             0x08001811   Thumb Code    70  smscmd.o(i.Cmd_Position)
    Cmd_SETM                                 0x08001875   Thumb Code  1498  smscmd.o(i.Cmd_SETM)
    Cmd_SetMode                              0x08001e59   Thumb Code   288  smscmd.o(i.Cmd_SetMode)
    Cmd_SetNET                               0x08002021   Thumb Code   992  smscmd.o(i.Cmd_SetNET)
    Cmd_SetPsw                               0x08002489   Thumb Code   178  smscmd.o(i.Cmd_SetPsw)
    Cmd_SetWakeTime                          0x08002599   Thumb Code   430  smscmd.o(i.Cmd_SetWakeTime)
    Cmd_Setmid                               0x08002785   Thumb Code   268  smscmd.o(i.Cmd_Setmid)
    Cmd_ShowRegNum                           0x080028e5   Thumb Code   236  smscmd.o(i.Cmd_ShowRegNum)
    Cmd_SleepTime                            0x08002a05   Thumb Code   438  smscmd.o(i.Cmd_SleepTime)
    Cmd_SpeedLimit                           0x08002c15   Thumb Code   514  smscmd.o(i.Cmd_SpeedLimit)
    Cmd_relay                                0x08002e75   Thumb Code   204  smscmd.o(i.Cmd_relay)
    Cmd_shocks                               0x08002f79   Thumb Code   288  smscmd.o(i.Cmd_shocks)
    Configuration_TEXT_SMS                   0x080030c1   Thumb Code   182  gsm.o(i.Configuration_TEXT_SMS)
    Deal_GSMRTC                              0x08003225   Thumb Code   170  gsm.o(i.Deal_GSMRTC)
    Deal_GSM_LAC                             0x080032f9   Thumb Code    86  gprs.o(i.Deal_GSM_LAC)
    Deal_SMS                                 0x0800335d   Thumb Code   456  main.o(i.Deal_SMS)
    EXTI0_1_IRQHandler                       0x080035a9   Thumb Code    20  stm32f0xx_it.o(i.EXTI0_1_IRQHandler)
    EXTI4_15_IRQHandler                      0x080035bd   Thumb Code   232  stm32f0xx_it.o(i.EXTI4_15_IRQHandler)
    EXTI_ClearITPendingBit                   0x080036d1   Thumb Code     6  stm32f0xx_exti.o(i.EXTI_ClearITPendingBit)
    EXTI_GetITStatus                         0x080036dd   Thumb Code    34  stm32f0xx_exti.o(i.EXTI_GetITStatus)
    EXTI_Init                                0x08003705   Thumb Code   132  stm32f0xx_exti.o(i.EXTI_Init)
    FLASH_ClearFlag                          0x0800378d   Thumb Code     6  stm32f0xx_flash.o(i.FLASH_ClearFlag)
    FLASH_ErasePage                          0x08003799   Thumb Code    72  stm32f0xx_flash.o(i.FLASH_ErasePage)
    FLASH_ErasePage_Complete                 0x080037e5   Thumb Code    36  main.o(i.FLASH_ErasePage_Complete)
    FLASH_GetStatus                          0x08003809   Thumb Code    48  stm32f0xx_flash.o(i.FLASH_GetStatus)
    FLASH_Lock                               0x0800383d   Thumb Code    14  stm32f0xx_flash.o(i.FLASH_Lock)
    FLASH_ProgramWord                        0x08003851   Thumb Code   104  stm32f0xx_flash.o(i.FLASH_ProgramWord)
    FLASH_Unlock                             0x080038bd   Thumb Code    22  stm32f0xx_flash.o(i.FLASH_Unlock)
    FLASH_WaitForLastOperation               0x080038e1   Thumb Code    40  stm32f0xx_flash.o(i.FLASH_WaitForLastOperation)
    GC65_CGATT                               0x08003909   Thumb Code    82  gsm.o(i.GC65_CGATT)
    GC65_CPIN                                0x08003981   Thumb Code    72  gsm.o(i.GC65_CPIN)
    GPIO_Init                                0x080039f1   Thumb Code   144  stm32f0xx_gpio.o(i.GPIO_Init)
    GPIO_PinAFConfig                         0x08003a81   Thumb Code    68  stm32f0xx_gpio.o(i.GPIO_PinAFConfig)
    GPIO_ReadInputDataBit                    0x08003ac5   Thumb Code    18  stm32f0xx_gpio.o(i.GPIO_ReadInputDataBit)
    GPIO_ResetBits                           0x08003ad7   Thumb Code     4  stm32f0xx_gpio.o(i.GPIO_ResetBits)
    GPIO_SetBits                             0x08003adb   Thumb Code     4  stm32f0xx_gpio.o(i.GPIO_SetBits)
    GPS_Deal                                 0x08003ae1   Thumb Code   358  gprs.o(i.GPS_Deal)
    GSM_Power                                0x08003c79   Thumb Code   330  led.o(i.GSM_Power)
    GSM_QICLOSED                             0x08003e1d   Thumb Code   104  gsm.o(i.GSM_QICLOSED)
    GSM_reset                                0x08003e91   Thumb Code    44  led.o(i.GSM_reset)
    GetAvailableGPSInfoV                     0x08003ebd   Thumb Code   478  gps.o(i.GetAvailableGPSInfoV)
    GetAvailableGPSInfoV_N                   0x080040c9   Thumb Code    48  gsm.o(i.GetAvailableGPSInfoV_N)
    GetGPRSStatus                            0x080040fd   Thumb Code   174  gsm.o(i.GetGPRSStatus)
    GetVoltage                               0x08004205   Thumb Code   138  adc.o(i.GetVoltage)
    Get_Adc                                  0x08004295   Thumb Code    96  adc.o(i.Get_Adc)
    Get_GPS_module                           0x080042f9   Thumb Code    96  usart1.o(i.Get_GPS_module)
    HardFault_Handler                        0x08004385   Thumb Code    48  stm32f0xx_it.o(i.HardFault_Handler)
    IIC_lsm330_Ack                           0x080043bd   Thumb Code    52  i2c_lsm330.o(i.IIC_lsm330_Ack)
    IIC_lsm330_NAck                          0x080043f5   Thumb Code    52  i2c_lsm330.o(i.IIC_lsm330_NAck)
    IIC_lsm330_Read_Byte                     0x0800442d   Thumb Code    88  i2c_lsm330.o(i.IIC_lsm330_Read_Byte)
    IIC_lsm330_Send_Byte                     0x08004489   Thumb Code   102  i2c_lsm330.o(i.IIC_lsm330_Send_Byte)
    IIC_lsm330_Start                         0x080044f5   Thumb Code    52  i2c_lsm330.o(i.IIC_lsm330_Start)
    IIC_lsm330_Stop                          0x0800452d   Thumb Code    52  i2c_lsm330.o(i.IIC_lsm330_Stop)
    IIC_lsm330_Wait_Ack                      0x08004565   Thumb Code    78  i2c_lsm330.o(i.IIC_lsm330_Wait_Ack)
    IO_Init                                  0x080045b9   Thumb Code   258  led.o(i.IO_Init)
    IWDG_Enable                              0x080046c9   Thumb Code     8  stm32f0xx_iwdg.o(i.IWDG_Enable)
    IWDG_Feed                                0x080046d9   Thumb Code     8  wdg.o(i.IWDG_Feed)
    IWDG_Init                                0x080046e1   Thumb Code    34  wdg.o(i.IWDG_Init)
    IWDG_ReloadCounter                       0x08004709   Thumb Code     8  stm32f0xx_iwdg.o(i.IWDG_ReloadCounter)
    IWDG_SetPrescaler                        0x08004719   Thumb Code     6  stm32f0xx_iwdg.o(i.IWDG_SetPrescaler)
    IWDG_SetReload                           0x08004725   Thumb Code     6  stm32f0xx_iwdg.o(i.IWDG_SetReload)
    IWDG_WriteAccessCmd                      0x08004731   Thumb Code     6  stm32f0xx_iwdg.o(i.IWDG_WriteAccessCmd)
    InitialSetting                           0x0800473d   Thumb Code  4424  set_system_use_uart.o(i.InitialSetting)
    Is_Leap_Year                             0x0800592d   Thumb Code    60  gprs.o(i.Is_Leap_Year)
    LMS330DLC_AccGetDataRate                 0x08005969   Thumb Code    88  lsm330dlc_driver.o(i.LMS330DLC_AccGetDataRate)
    LMS330DLC_AccSetIrqDuration              0x080059c5   Thumb Code    56  lsm330dlc_driver.o(i.LMS330DLC_AccSetIrqDuration)
    LMS330DLC_AccSetThreshold                0x08005a01   Thumb Code    24  lsm330dlc_driver.o(i.LMS330DLC_AccSetThreshold)
    LMS330DLC_ReadReg                        0x08005a19   Thumb Code    64  lsm330dlc_driver.o(i.LMS330DLC_ReadReg)
    LMS330DLC_SetInt1Duration                0x08005a59   Thumb Code    30  lsm330dlc_driver.o(i.LMS330DLC_SetInt1Duration)
    LMS330DLC_SetInt1Threshold               0x08005a77   Thumb Code    30  lsm330dlc_driver.o(i.LMS330DLC_SetInt1Threshold)
    LMS330DLC_WriteReg                       0x08005a95   Thumb Code    48  lsm330dlc_driver.o(i.LMS330DLC_WriteReg)
    NMI_Handler                              0x08005ac5   Thumb Code     2  stm32f0xx_it.o(i.NMI_Handler)
    NVIC_Init                                0x08005ac9   Thumb Code   106  stm32f0xx_misc.o(i.NVIC_Init)
    PWR_BackupAccessCmd                      0x08005bb1   Thumb Code    36  stm32f0xx_pwr.o(i.PWR_BackupAccessCmd)
    PWR_EnterSTOPMode                        0x08005bd9   Thumb Code    60  stm32f0xx_pwr.o(i.PWR_EnterSTOPMode)
    PendSV_Handler                           0x08005c1d   Thumb Code     2  stm32f0xx_it.o(i.PendSV_Handler)
    PrintATF                                 0x08005c21   Thumb Code   108  set_system_use_uart.o(i.PrintATF)
    RCC_AHBPeriphClockCmd                    0x08005cb1   Thumb Code    28  stm32f0xx_rcc.o(i.RCC_AHBPeriphClockCmd)
    RCC_APB1PeriphClockCmd                   0x08005cd1   Thumb Code    28  stm32f0xx_rcc.o(i.RCC_APB1PeriphClockCmd)
    RCC_APB1PeriphResetCmd                   0x08005cf1   Thumb Code    28  stm32f0xx_rcc.o(i.RCC_APB1PeriphResetCmd)
    RCC_APB2PeriphClockCmd                   0x08005d11   Thumb Code    28  stm32f0xx_rcc.o(i.RCC_APB2PeriphClockCmd)
    RCC_APB2PeriphResetCmd                   0x08005d31   Thumb Code    28  stm32f0xx_rcc.o(i.RCC_APB2PeriphResetCmd)
    RCC_BackupResetCmd                       0x08005d51   Thumb Code    36  stm32f0xx_rcc.o(i.RCC_BackupResetCmd)
    RCC_GetClocksFreq                        0x08005d79   Thumb Code   338  stm32f0xx_rcc.o(i.RCC_GetClocksFreq)
    RCC_GetFlagStatus                        0x08005ee5   Thumb Code    66  stm32f0xx_rcc.o(i.RCC_GetFlagStatus)
    RCC_LSICmd                               0x08005f2d   Thumb Code    32  stm32f0xx_rcc.o(i.RCC_LSICmd)
    RCC_RTCCLKCmd                            0x08005f51   Thumb Code    36  stm32f0xx_rcc.o(i.RCC_RTCCLKCmd)
    RCC_RTCCLKConfig                         0x08005f79   Thumb Code    12  stm32f0xx_rcc.o(i.RCC_RTCCLKConfig)
    RING_EXTI0_Config                        0x08005f89   Thumb Code    98  led.o(i.RING_EXTI0_Config)
    RTC2Position_time                        0x08005ff1   Thumb Code    74  gprs.o(i.RTC2Position_time)
    RTC_AlarmCmd                             0x08006041   Thumb Code   104  stm32f0xx_rtc.o(i.RTC_AlarmCmd)
    RTC_Bcd2ToByte                           0x080060ad   Thumb Code    26  stm32f0xx_rtc.o(i.RTC_Bcd2ToByte)
    RTC_ByteToBcd2                           0x080060c7   Thumb Code    28  stm32f0xx_rtc.o(i.RTC_ByteToBcd2)
    RTC_ClearITPendingBit                    0x080060e5   Thumb Code    30  stm32f0xx_rtc.o(i.RTC_ClearITPendingBit)
    RTC_Config                               0x08006109   Thumb Code   244  main.o(i.RTC_Config)
    RTC_EnterInitMode                        0x080061fd   Thumb Code    78  stm32f0xx_rtc.o(i.RTC_EnterInitMode)
    RTC_ExitInitMode                         0x08006251   Thumb Code    14  stm32f0xx_rtc.o(i.RTC_ExitInitMode)
    RTC_Get                                  0x08006265   Thumb Code   318  gprs.o(i.RTC_Get)
    RTC_GetITStatus                          0x080063bd   Thumb Code    72  stm32f0xx_rtc.o(i.RTC_GetITStatus)
    RTC_IRQHandler                           0x08006409   Thumb Code    42  stm32f0xx_it.o(i.RTC_IRQHandler)
    RTC_ITConfig                             0x08006439   Thumb Code    94  stm32f0xx_rtc.o(i.RTC_ITConfig)
    RTC_Init                                 0x0800649d   Thumb Code    84  stm32f0xx_rtc.o(i.RTC_Init)
    RTC_Set                                  0x080064f5   Thumb Code   160  gprs.o(i.RTC_Set)
    RTC_SetAlarm                             0x080065b5   Thumb Code   208  stm32f0xx_rtc.o(i.RTC_SetAlarm)
    RTC_SetTime                              0x08006689   Thumb Code   196  stm32f0xx_rtc.o(i.RTC_SetTime)
    RTC_WaitForSynchro                       0x08006755   Thumb Code   100  stm32f0xx_rtc.o(i.RTC_WaitForSynchro)
    RestoreSystem                            0x080067bd   Thumb Code   224  main.o(i.RestoreSystem)
    SET_APN                                  0x080068c9   Thumb Code   148  gsm.o(i.SET_APN)
    SVC_Handler                              0x08006971   Thumb Code     2  stm32f0xx_it.o(i.SVC_Handler)
    SYSCFG_EXTILineConfig                    0x08006975   Thumb Code    60  stm32f0xx_syscfg.o(i.SYSCFG_EXTILineConfig)
    SYSCLKConfig_STOP                        0x080069b5   Thumb Code   116  main.o(i.SYSCLKConfig_STOP)
    SendALARMSMS1                            0x08006a31   Thumb Code    16  gsm.o(i.SendALARMSMS1)
    SendGprs_Index                           0x08006a49   Thumb Code   364  gprs.o(i.SendGprs_Index)
    SendLocaSMS                              0x08006c01   Thumb Code   534  gsm.o(i.SendLocaSMS)
    SendLocaSMS1                             0x08006e45   Thumb Code    18  gsm.o(i.SendLocaSMS1)
    SendMsg                                  0x08006e59   Thumb Code   210  gsm.o(i.SendMsg)
    SendMsg_Parameter_error                  0x08006f39   Thumb Code    14  gsm.o(i.SendMsg_Parameter_error)
    SendMsg_Password_error                   0x08006f61   Thumb Code    14  gsm.o(i.SendMsg_Password_error)
    SendMsg_UCS2                             0x08006f85   Thumb Code   252  gsm.o(i.SendMsg_UCS2)
    Send_lowpower_LocaSMS                    0x08007099   Thumb Code    16  gsm.o(i.Send_lowpower_LocaSMS)
    Send_speed_ALARMSMS                      0x080070b5   Thumb Code   104  gsm.o(i.Send_speed_ALARMSMS)
    SetGPRS                                  0x08007125   Thumb Code   216  gprs.o(i.SetGPRS)
    Set_Store_System_Para                    0x0800729d   Thumb Code   124  main.o(i.Set_Store_System_Para)
    StartGPRS                                0x08007321   Thumb Code   670  gsm.o(i.StartGPRS)
    StartGPRStoAGPS                          0x08007721   Thumb Code   386  gsm.o(i.StartGPRStoAGPS)
    Store_System_Para                        0x08007949   Thumb Code    78  main.o(i.Store_System_Para)
    SysTick_Handler                          0x080079e1   Thumb Code   464  stm32f0xx_it.o(i.SysTick_Handler)
    SystemInit                               0x08007c21   Thumb Code   110  system_stm32f0xx.o(i.SystemInit)
    TIM3_IRQHandler                          0x08007c9d   Thumb Code   494  stm32f0xx_it.o(i.TIM3_IRQHandler)
    TIM_ClearITPendingBit                    0x08007efd   Thumb Code     6  stm32f0xx_tim.o(i.TIM_ClearITPendingBit)
    TIM_Cmd                                  0x08007f05   Thumb Code    24  stm32f0xx_tim.o(i.TIM_Cmd)
    TIM_Config                               0x08007f21   Thumb Code    98  main.o(i.TIM_Config)
    TIM_GetCapture3                          0x08007f9d   Thumb Code     6  stm32f0xx_tim.o(i.TIM_GetCapture3)
    TIM_GetITStatus                          0x08007fa3   Thumb Code    38  stm32f0xx_tim.o(i.TIM_GetITStatus)
    TIM_ITConfig                             0x08007fc9   Thumb Code    20  stm32f0xx_tim.o(i.TIM_ITConfig)
    TIM_PrescalerConfig                      0x08007fdd   Thumb Code     6  stm32f0xx_tim.o(i.TIM_PrescalerConfig)
    TIM_SetCompare3                          0x08007fe3   Thumb Code     4  stm32f0xx_tim.o(i.TIM_SetCompare3)
    TIM_TimeBaseInit                         0x08007fe9   Thumb Code    90  stm32f0xx_tim.o(i.TIM_TimeBaseInit)
    UART0_ReceiveData                        0x08008065   Thumb Code    54  usart1.o(i.UART0_ReceiveData)
    UDPSendData_Index                        0x080080a5   Thumb Code   260  gsm.o(i.UDPSendData_Index)
    USART1_IRQHandler                        0x080081dd   Thumb Code   554  usart1.o(i.USART1_IRQHandler)
    USART2_IRQHandler                        0x0800847d   Thumb Code   786  usart1.o(i.USART2_IRQHandler)
    USART_ClearITPendingBit                  0x08008835   Thumb Code    18  stm32f0xx_usart.o(i.USART_ClearITPendingBit)
    USART_Cmd                                0x08008847   Thumb Code    24  stm32f0xx_usart.o(i.USART_Cmd)
    USART_DeInit                             0x08008861   Thumb Code    56  stm32f0xx_usart.o(i.USART_DeInit)
    USART_GetITStatus                        0x080088a1   Thumb Code    78  stm32f0xx_usart.o(i.USART_GetITStatus)
    USART_ITConfig                           0x080088ef   Thumb Code    66  stm32f0xx_usart.o(i.USART_ITConfig)
    USART_Init                               0x08008931   Thumb Code   230  stm32f0xx_usart.o(i.USART_Init)
    USART_ReceiveData                        0x08008a21   Thumb Code    10  stm32f0xx_usart.o(i.USART_ReceiveData)
    USART_SendData                           0x08008a2b   Thumb Code     8  stm32f0xx_usart.o(i.USART_SendData)
    UbxConfig                                0x08008a35   Thumb Code   134  usart1.o(i.UbxConfig)
    WaitGSMOK1                               0x08008b1d   Thumb Code   122  gsm.o(i.WaitGSMOK1)
    WaitGSMOK2                               0x08008bc1   Thumb Code   152  gsm.o(i.WaitGSMOK2)
    WaitGSM_ReadyCOPS                        0x08008ca1   Thumb Code   206  gsm.o(i.WaitGSM_ReadyCOPS)
    WaitGSM_ReadyNet                         0x08008dc5   Thumb Code   136  gsm.o(i.WaitGSM_ReadyNet)
    WaitGSM_ReadyQIMUX                       0x08008e8d   Thumb Code    94  gsm.o(i.WaitGSM_ReadyQIMUX)
    __ARM_common_switch8                     0x08008f19   Thumb Code    28  smscmd.o(i.__ARM_common_switch8)
    __scatterload_copy                       0x08008f35   Thumb Code    14  handlers.o(i.__scatterload_copy)
    __scatterload_null                       0x08008f43   Thumb Code     2  handlers.o(i.__scatterload_null)
    __scatterload_zeroinit                   0x08008f45   Thumb Code    14  handlers.o(i.__scatterload_zeroinit)
    all_ascii0                               0x08008f53   Thumb Code    30  smscmd.o(i.all_ascii0)
    analysis                                 0x08008f71   Thumb Code   172  gprs.o(i.analysis)
    analysis_sms                             0x0800901d   Thumb Code  3194  smscmd.o(i.analysis_sms)
    asciitodate                              0x08009ced   Thumb Code   756  gprs.o(i.asciitodate)
    asciitodirection                         0x08009fe1   Thumb Code   156  gprs.o(i.asciitodirection)
    asciitohex                               0x0800a07d   Thumb Code   266  gsm.o(i.asciitohex)
    asciitolatitude                          0x0800a189   Thumb Code   152  gprs.o(i.asciitolatitude)
    asciitospeed                             0x0800a22d   Thumb Code   188  gprs.o(i.asciitospeed)
    check_sleep_state                        0x0800a2ed   Thumb Code    48  main.o(i.check_sleep_state)
    cmd_0002                                 0x0800a329   Thumb Code   106  gprs.o(i.cmd_0002)
    cmd_0200                                 0x0800a3a1   Thumb Code    62  gprs.o(i.cmd_0200)
    cmd_CHINESE_POSITION_rece                0x0800a3f9   Thumb Code   110  gprs.o(i.cmd_CHINESE_POSITION_rece)
    cmd_CSKMG                                0x0800a47d   Thumb Code   102  smscmd.o(i.cmd_CSKMG)
    cmd_GENERAL_RESPONSION                   0x0800a519   Thumb Code   146  gprs.o(i.cmd_GENERAL_RESPONSION)
    cmd_INQUIRE_CHINESE_POSITION             0x0800a5c1   Thumb Code   374  gprs.o(i.cmd_INQUIRE_CHINESE_POSITION)
    cmd_INQUIRE_ONE_TERMINAL_PARAMETER       0x0800a75d   Thumb Code  1176  gprs.o(i.cmd_INQUIRE_ONE_TERMINAL_PARAMETER)
    cmd_INQUIRE_POSITION                     0x0800abfd   Thumb Code    48  gprs.o(i.cmd_INQUIRE_POSITION)
    cmd_INQUIRE_TERMINAL_PARAMETER           0x0800ac41   Thumb Code  1032  gprs.o(i.cmd_INQUIRE_TERMINAL_PARAMETER)
    cmd_OIL_BREAK                            0x0800b049   Thumb Code   142  gprs.o(i.cmd_OIL_BREAK)
    cmd_SET_GPRS_SERVICER                    0x0800b0fd   Thumb Code     2  gprs.o(i.cmd_SET_GPRS_SERVICER)
    cmd_SET_TERMINAL_PARAMETER               0x0800b101   Thumb Code   828  gprs.o(i.cmd_SET_TERMINAL_PARAMETER)
    cmd_TEMPORARY_POSTION                    0x0800b455   Thumb Code    80  gprs.o(i.cmd_TEMPORARY_POSTION)
    constructor                              0x0800b4b5   Thumb Code   192  gprs.o(i.constructor)
    ddi_uart1_init                           0x0800b575   Thumb Code   198  usart1.o(i.ddi_uart1_init)
    ddi_uart2_init                           0x0800b645   Thumb Code   146  usart1.o(i.ddi_uart2_init)
    ddi_uart_Write                           0x0800b6e1   Thumb Code    92  usart1.o(i.ddi_uart_Write)
    ddi_uart_open                            0x0800b73d   Thumb Code   254  usart1.o(i.ddi_uart_open)
    deal_g_ucSim900Status                    0x0800b871   Thumb Code    44  gsm.o(i.deal_g_ucSim900Status)
    delayms                                  0x0800b8a1   Thumb Code    28  i2c_lsm330.o(i.delayms)
    delayms_nodog                            0x0800b8c1   Thumb Code    22  main.o(i.delayms_nodog)
    delayus                                  0x0800b8d7   Thumb Code    56  i2c_lsm330.o(i.delayus)
    energy                                   0x0800b911   Thumb Code   662  main.o(i.energy)
    flash_copy                               0x0800bc0d   Thumb Code    76  ddi_norflash.o(i.flash_copy)
    get_ACC_CHECK_status                     0x0800bc59   Thumb Code    26  led.o(i.get_ACC_CHECK_status)
    get_ALARM_status                         0x0800bc73   Thumb Code    26  led.o(i.get_ALARM_status)
    get_GSM_RING_status                      0x0800bc8d   Thumb Code    22  led.o(i.get_GSM_RING_status)
    get_ID                                   0x0800bca9   Thumb Code   306  gprs.o(i.get_ID)
    get_lac_gps                              0x0800be09   Thumb Code   122  gprs.o(i.get_lac_gps)
    hex2BCD_ASCII                            0x0800beb9   Thumb Code   324  gsm.o(i.hex2BCD_ASCII)
    hex2BCD_ASCII1                           0x0800c001   Thumb Code    32  gsm.o(i.hex2BCD_ASCII1)
    hextoascii                               0x0800c021   Thumb Code    86  gsm.o(i.hextoascii)
    isdigit_w                                0x0800c077   Thumb Code    18  gsm.o(i.isdigit_w)
    isdigtit_len                             0x0800c089   Thumb Code    54  gsm.o(i.isdigtit_len)
    lsm330_SDA_IN                            0x0800c0c1   Thumb Code    36  i2c_lsm330.o(i.lsm330_SDA_IN)
    lsm330_SDA_OUT                           0x0800c0e9   Thumb Code    40  i2c_lsm330.o(i.lsm330_SDA_OUT)
    main                                     0x0800c115   Thumb Code  1968  main.o(i.main)
    mileage_flash_init                       0x0800c961   Thumb Code   128  ddi_norflash.o(i.mileage_flash_init)
    mileage_init                             0x0800c9ed   Thumb Code   184  ddi_norflash.o(i.mileage_init)
    mileage_read                             0x0800cab1   Thumb Code   114  ddi_norflash.o(i.mileage_read)
    mileage_write                            0x0800cb29   Thumb Code   464  ddi_norflash.o(i.mileage_write)
    porttou32                                0x0800cd05   Thumb Code    48  gprs.o(i.porttou32)
    reset_gps                                0x0800cd35   Thumb Code    44  gps.o(i.reset_gps)
    send_chinese_sms                         0x0800cd61   Thumb Code   170  gsm.o(i.send_chinese_sms)
    send_location_gprs                       0x0800cea9   Thumb Code  1210  gprs.o(i.send_location_gprs)
    setSMS                                   0x0800d36d   Thumb Code   300  smscmd.o(i.setSMS)
    set_GPS_POWERON                          0x0800d4b5   Thumb Code    32  led.o(i.set_GPS_POWERON)
    set_Impact                               0x0800d4d5   Thumb Code    38  lsm330dlc_driver.o(i.set_Impact)
    set_OIL_BREAK                            0x0800d4fb   Thumb Code    36  led.o(i.set_OIL_BREAK)
    sub_cxcs                                 0x0800d521   Thumb Code  1192  smscmd.o(i.sub_cxcs)
    swapHLchar                               0x0800d9d1   Thumb Code    38  gprs.o(i.swapHLchar)
    sys_Init                                 0x0800d9f9   Thumb Code   144  main.o(i.sys_Init)
    test_a_gps                               0x0800da99   Thumb Code   412  gprs.o(i.test_a_gps)
    u32toport                                0x0800dcfd   Thumb Code   150  gprs.o(i.u32toport)
    uploadLAC_InquireChinese                 0x0800dd9d   Thumb Code   212  gprs.o(i.uploadLAC_InquireChinese)
    zero_ascii                               0x0800de8c   Data          11  smscmd.o(.constdata)
    table_week                               0x0800de97   Data          12  gprs.o(.constdata)
    mon_table                                0x0800dea3   Data          12  gprs.o(.constdata)
    GPIO_PIN                                 0x0800dfb0   Data           6  led.o(.constdata)
    GPIO_CLK                                 0x0800dfb8   Data          12  led.o(.constdata)
    DEVICEID                                 0x0800dfcc   Data           7  main.o(.constdata)
    PASSWD                                   0x0800dfd3   Data           7  main.o(.constdata)
    IPADDR                                   0x0800dfda   Data          13  main.o(.constdata)
    IPPORT                                   0x0800dfe7   Data           5  main.o(.constdata)
    g_ucVERSION                              0x0800dfec   Data          18  main.o(.constdata)
    acceleration_para                        0x0800dffe   Data           3  main.o(.constdata)
    impact_time_para                         0x0800e001   Data           3  main.o(.constdata)
    Region$$Table$$Base                      0x0800e044   Number         0  anon$$obj.o(Region$$Table)
    Region$$Table$$Limit                     0x0800e064   Number         0  anon$$obj.o(Region$$Table)
    WakeTime1                                0x20000000   Data           1  smscmd.o(.data)
    pStart                                   0x20000004   Data           4  smscmd.o(.data)
    p1                                       0x20000008   Data           4  smscmd.o(.data)
    pEnd                                     0x2000000c   Data           4  smscmd.o(.data)
    capture                                  0x20000010   Data           2  stm32f0xx_it.o(.data)
    delayms_counter                          0x20000014   Data           4  stm32f0xx_it.o(.data)
    secondcounter                            0x20000018   Data           4  stm32f0xx_it.o(.data)
    Impact_flag                              0x2000001c   Data           1  stm32f0xx_it.o(.data)
    send_alarm_flag                          0x2000001d   Data           1  stm32f0xx_it.o(.data)
    ring_start_flag                          0x2000001e   Data           1  stm32f0xx_it.o(.data)
    ring_counter                             0x20000020   Data           4  stm32f0xx_it.o(.data)
    back_g_usHeartAternationTime             0x20000024   Data           4  stm32f0xx_it.o(.data)
    back_g_usGPRSUpLoadAternationTime        0x20000028   Data           4  stm32f0xx_it.o(.data)
    back_g_usGPRSUpLoadTime                  0x2000002c   Data           4  stm32f0xx_it.o(.data)
    RTC_ALARM_timer                          0x20000030   Data           2  stm32f0xx_it.o(.data)
    Impact_time_LED                          0x20000032   Data           1  stm32f0xx_it.o(.data)
    Impact_time_conut                        0x20000033   Data           1  stm32f0xx_it.o(.data)
    Impact_Alarm_flag                        0x20000034   Data           1  stm32f0xx_it.o(.data)
    Impact_Alarm_8s                          0x20000035   Data           1  stm32f0xx_it.o(.data)
    flag_start_duage_g_ucAlarm               0x20000036   Data           1  stm32f0xx_it.o(.data)
    duage_g_ucAlarm_counter                  0x20000038   Data           4  stm32f0xx_it.o(.data)
    start_accoff                             0x2000003c   Data           1  stm32f0xx_it.o(.data)
    accoff_counter                           0x20000040   Data           4  stm32f0xx_it.o(.data)
    shake_gate                               0x20000044   Data           1  stm32f0xx_it.o(.data)
    alarm_in_flag                            0x20000045   Data           1  stm32f0xx_it.o(.data)
    flag_mileage_save                        0x20000046   Data           1  stm32f0xx_it.o(.data)
    shake_num                                0x20000048   Data           2  stm32f0xx_it.o(.data)
    SystemCoreClock                          0x2000005c   Data           4  system_stm32f0xx.o(.data)
    AHBPrescTable                            0x20000060   Data          16  system_stm32f0xx.o(.data)
    flowwater                                0x20000070   Data           2  gprs.o(.data)
    ACC_GPS_flag                             0x20000072   Data           1  gprs.o(.data)
    ACC_GSM_flag                             0x20000073   Data           1  gprs.o(.data)
    time_gps_rtc                             0x20000084   Data           6  gprs.o(.data)
    backsecondforRTC                         0x2000008c   Data           4  gprs.o(.data)
    RTC_timeavalibe_flag                     0x20000090   Data           1  gprs.o(.data)
    RTC_seccount                             0x20000094   Data           4  gprs.o(.data)
    send_gps_gsm_flag                        0x20000098   Data           1  gprs.o(.data)
    in_agps                                  0x20000099   Data           1  gprs.o(.data)
    get_GC65_LL_Flag                         0x2000009a   Data           1  gprs.o(.data)
    AGPS_rec_len                             0x2000009c   Data           2  gprs.o(.data)
    Lac_g                                    0x200000a0   Data           4  gprs.o(.data)
    LacId_g                                  0x200000a4   Data           4  gprs.o(.data)
    flowwater_form_table                     0x200000cc   Data           2  gprs.o(.data)
    message_id_from_table                    0x200000ce   Data           2  gprs.o(.data)
    T_P_g_usGPRSUpLoadAternationTime         0x200000d0   Data           2  gprs.o(.data)
    T_P_time                                 0x200000d4   Data           4  gprs.o(.data)
    timegpserror                             0x200000d8   Data           2  gps.o(.data)
    dingwei_flag                             0x200000da   Data           1  gps.o(.data)
    dingweied_flag                           0x200000db   Data           1  gps.o(.data)
    GPS_module                               0x200000dc   Data           1  gps.o(.data)
    dial_status                              0x200000e0   Data           1  gsm.o(.data)
    net_status                               0x200000e1   Data           1  gsm.o(.data)
    CPIN_READY_flag                          0x200000e2   Data           1  gsm.o(.data)
    cops_flag                                0x200000e3   Data           1  gsm.o(.data)
    cops_flag_timer                          0x200000e4   Data           4  gsm.o(.data)
    SMS_StartGSM_Flag                        0x200000e8   Data           1  gsm.o(.data)
    g_ucSim900Status                         0x200000ec   Data           1  main.o(.data)
    g_ucUART6RXUsed                          0x200000ed   Data           1  main.o(.data)
    g_ucTaskList                             0x200000ee   Data           1  main.o(.data)
    g_ucCurrentSMSNum                        0x200000ef   Data           2  main.o(.data)
    g_ucInitSettingFlag                      0x200000f1   Data           1  main.o(.data)
    g_ucChargingFlag                         0x200000f2   Data           1  main.o(.data)
    g_ucUpdateFlag                           0x200000f3   Data           1  main.o(.data)
    g_ucLowPowerFlag                         0x200000f4   Data           1  main.o(.data)
    g_ucFStatus                              0x200000f5   Data           1  main.o(.data)
    g_ucHeartUpdateFlag                      0x200000f6   Data           1  main.o(.data)
    g_ucACCFlag                              0x200000f7   Data           1  main.o(.data)
    g_usCurrentSpeed                         0x200000f8   Data           2  main.o(.data)
    entersleepflag                           0x200000fa   Data           1  main.o(.data)
    rtc_wakeup_timer                         0x200000fc   Data           2  main.o(.data)
    g_ucGotoSleepFlag                        0x200000fe   Data           1  main.o(.data)
    REGNUMbeSET                              0x200000ff   Data           1  main.o(.data)
    TimeUpLdCnt                              0x20000100   Data           2  main.o(.data)
    g_ucGPRSCmdMissionFlag                   0x20000102   Data           1  main.o(.data)
    g_ucSMSCmdMissionFlag                    0x20000103   Data           1  main.o(.data)
    g_ucACC                                  0x20000104   Data           1  main.o(.data)
    g_ucSpeedLimitAlarm                      0x20000105   Data           1  main.o(.data)
    g_ucAlarm                                0x20000106   Data           1  main.o(.data)
    g_FlagENERGY                             0x20000107   Data           1  main.o(.data)
    ACCCount                                 0x20000108   Data           2  main.o(.data)
    ShakerCount                              0x2000010a   Data           2  main.o(.data)
    EN_initialize                            0x2000010c   Data           1  main.o(.data)
    LOWPOWERCount                            0x2000010e   Data           2  main.o(.data)
    intflag                                  0x20000110   Data           1  main.o(.data)
    bit_flag                                 0x20000111   Data           1  main.o(.data)
    CCR3_Val                                 0x20000112   Data           2  main.o(.data)
    CCR4_Val                                 0x20000114   Data           2  main.o(.data)
    PrescalerValue                           0x20000116   Data           2  main.o(.data)
    ADC1ConvertedValue                       0x20000118   Data           2  main.o(.data)
    ADC1ConvertedVoltage                     0x2000011a   Data           2  main.o(.data)
    lowbattcount                             0x2000011c   Data           4  main.o(.data)
    chinesesmsflag                           0x20000120   Data           1  main.o(.data)
    startchinesesms                          0x20000121   Data           1  main.o(.data)
    gps_gate                                 0x20000122   Data           1  main.o(.data)
    gps_copy                                 0x20000123   Data           1  main.o(.data)
    lowbatt_flag                             0x20000124   Data           1  main.o(.data)
    server_ack_flag                          0x20000125   Data           1  main.o(.data)
    server_noack_counter                     0x20000126   Data           2  main.o(.data)
    rst_gsm_flag                             0x20000128   Data           1  main.o(.data)
    mileage_tmp                              0x2000012a   Data           2  main.o(.data)
    MobileCompany                            0x2000012c   Data           4  main.o(.data)
    readio                                   0x20000130   Data           1  main.o(.data)
    alarm_interval_timer                     0x20000134   Data           4  main.o(.data)
    alarm_count                              0x20000138   Data           1  main.o(.data)
    g_ucSysMode                              0x20000139   Data           1  main.o(.data)
    voltage                                  0x2000013a   Data           2  main.o(.data)
    shakeon                                  0x2000013c   Data           1  main.o(.data)
    ring_sms                                 0x2000013d   Data           1  main.o(.data)
    BitFlag                                  0x2000013e   Data           1  main.o(.data)
    GPIO_InitStructure                       0x20000140   Data           8  main.o(.data)
    TimingDelay                              0x20000150   Data           4  i2c_lsm330.o(.data)
    ManualRx0                                0x20000154   Data           1  usart1.o(.data)
    gUart0RxCnt                              0x20000156   Data           2  usart1.o(.data)
    gps_reclen                               0x20000158   Data           1  usart1.o(.data)
    GPRSCmdCount                             0x2000015a   Data           2  usart1.o(.data)
    proGPRSCmdFlag                           0x2000015c   Data           1  usart1.o(.data)
    agps_len_to_send                         0x2000015e   Data           2  usart1.o(.data)
    AGPS_ov                                  0x20000160   Data           4  usart1.o(.data)
    fB5                                      0x20000164   Data           4  usart1.o(.data)
    fB5s                                     0x20000168   Data           4  usart1.o(.data)
    GPS_BaudRate_FLAG                        0x2000016c   Data           1  usart1.o(.data)
    in_gpsModule                             0x2000016d   Data           1  usart1.o(.data)
    smsdatareg                               0x20000184   Data         490  smscmd.o(.bss)
    timer                                    0x2000036e   Data          10  gprs.o(.bss)
    gps_ascii                                0x20000378   Data          52  gps.o(.bss)
    g_ucCurrentNum                           0x200003b0   Data          32  main.o(.bss)
    system_para                              0x200003d0   Data         232  main.o(.bss)
    g_ucSim900Buff                           0x200004b8   Data         512  main.o(.bss)
    g_ucNeo6QBuff                            0x200006b8   Data          85  main.o(.bss)
    backup_g_ucNeo6QBuff                     0x2000070d   Data          85  main.o(.bss)
    g_ucGPRSDataBuff                         0x20000762   Data         150  main.o(.bss)
    g_ucGPRSCmdBuff                          0x200007f8   Data         384  main.o(.bss)
    g_ucGPRSCmdBuffback                      0x20000978   Data         384  main.o(.bss)
    TIM_TimeBaseStructure                    0x20000af8   Data          12  main.o(.bss)
    TIM_OCInitStructure                      0x20000b04   Data          20  main.o(.bss)
    wzw_mileage                              0x20000b18   Data          16  main.o(.bss)
    UART1_ctl_t                              0x20000b28   Data          16  usart1.o(.bss)
    UART2_ctl_t                              0x20000b38   Data          16  usart1.o(.bss)
    UART1_tbuf                               0x20000b48   Data         512  usart1.o(.bss)
    UART2_rbuf                               0x20000d48   Data         128  usart1.o(.bss)
    __initial_sp                             0x20001dc8   Data           0  startup_stm32f0xx.o(STACK)



==============================================================================

Memory Map of the image

  Image Entry point : 0x080000c1

  Load Region LR_IROM1 (Base: 0x08000000, Size: 0x0000e1e8, Max: 0x00010000, ABSOLUTE, COMPRESSED[0x0000e098])

    Execution Region ER_IROM1 (Base: 0x08000000, Size: 0x0000e064, Max: 0x00010000, ABSOLUTE)

    Base Addr    Size         Type   Attr      Idx    E Section Name        Object

    0x08000000   0x000000c0   Data   RO          148    RESET               startup_stm32f0xx.o
    0x080000c0   0x00000000   Code   RO         5050  * .ARM.Collect$$$$00000000  mc_p.l(entry.o)
    0x080000c0   0x00000004   Code   RO         5116    .ARM.Collect$$$$00000001  mc_p.l(entry2.o)
    0x080000c4   0x00000004   Code   RO         5119    .ARM.Collect$$$$00000004  mc_p.l(entry5.o)
    0x080000c8   0x00000000   Code   RO         5121    .ARM.Collect$$$$00000008  mc_p.l(entry7b.o)
    0x080000c8   0x00000000   Code   RO         5123    .ARM.Collect$$$$0000000A  mc_p.l(entry8b.o)
    0x080000c8   0x00000008   Code   RO         5124    .ARM.Collect$$$$0000000B  mc_p.l(entry9a.o)
    0x080000d0   0x00000000   Code   RO         5126    .ARM.Collect$$$$0000000D  mc_p.l(entry10a.o)
    0x080000d0   0x00000000   Code   RO         5128    .ARM.Collect$$$$0000000F  mc_p.l(entry11a.o)
    0x080000d0   0x00000004   Code   RO         5117    .ARM.Collect$$$$00002712  mc_p.l(entry2.o)
    0x080000d4   0x0000001c   Code   RO          149    .text               startup_stm32f0xx.o
    0x080000f0   0x0000002c   Code   RO         5053    .text               mc_p.l(uidiv.o)
    0x0800011c   0x00000028   Code   RO         5055    .text               mc_p.l(idiv.o)
    0x08000144   0x00000060   Code   RO         5057    .text               mc_p.l(uldiv.o)
    0x080001a4   0x00000024   Code   RO         5059    .text               mc_p.l(memcpya.o)
    0x080001c8   0x00000024   Code   RO         5061    .text               mc_p.l(memseta.o)
    0x080001ec   0x00000018   Code   RO         5063    .text               mc_p.l(strcat.o)
    0x08000204   0x00000028   Code   RO         5065    .text               mc_p.l(strstr.o)
    0x0800022c   0x0000001a   Code   RO         5067    .text               mc_p.l(strncpy.o)
    0x08000246   0x0000000e   Code   RO         5069    .text               mc_p.l(strlen.o)
    0x08000254   0x00000028   Code   RO         5071    .text               mc_p.l(strncat.o)
    0x0800027c   0x00000012   Code   RO         5073    .text               mc_p.l(strcpy.o)
    0x0800028e   0x0000001e   Code   RO         5075    .text               mc_p.l(strncmp.o)
    0x080002ac   0x00000014   Code   RO         5079    .text               mc_p.l(uread4.o)
    0x080002c0   0x00000012   Code   RO         5081    .text               mc_p.l(uwrite4.o)
    0x080002d2   0x0000007a   Code   RO         5083    .text               mf_p.l(fmul.o)
    0x0800034c   0x0000007c   Code   RO         5085    .text               mf_p.l(fdiv.o)
    0x080003c8   0x0000000e   Code   RO         5095    .text               mf_p.l(ffltui.o)
    0x080003d6   0x00000028   Code   RO         5097    .text               mf_p.l(ffixui.o)
    0x080003fe   0x00000020   Code   RO         5130    .text               mc_p.l(llshl.o)
    0x0800041e   0x00000022   Code   RO         5132    .text               mc_p.l(llushr.o)
    0x08000440   0x00000000   Code   RO         5143    .text               mc_p.l(iusefp.o)
    0x08000440   0x00000084   Code   RO         5144    .text               mf_p.l(fepilogue.o)
    0x080004c4   0x00000024   Code   RO         5156    .text               mc_p.l(init.o)
    0x080004e8   0x0000003a   Code   RO         5168    .text               mc_p.l(__dczerorl.o)
    0x08000522   0x00000002   PAD
    0x08000524   0x0000009c   Code   RO         1404    i.ADC1_Config       adc.o
    0x080005c0   0x0000001c   Code   RO         1947    i.ADC_AutoPowerOffCmd  stm32f0xx_adc.o
    0x080005dc   0x00000018   Code   RO         1948    i.ADC_ChannelConfig  stm32f0xx_adc.o
    0x080005f4   0x00000018   Code   RO         1951    i.ADC_Cmd           stm32f0xx_adc.o
    0x0800060c   0x00000020   Code   RO         1955    i.ADC_DeInit        stm32f0xx_adc.o
    0x0800062c   0x0000003a   Code   RO         1957    i.ADC_GetCalibrationFactor  stm32f0xx_adc.o
    0x08000666   0x00000008   Code   RO         1958    i.ADC_GetConversionValue  stm32f0xx_adc.o
    0x0800066e   0x0000002c   Code   RO         1959    i.ADC_GetFlagStatus  stm32f0xx_adc.o
    0x0800069a   0x00000002   PAD
    0x0800069c   0x0000002c   Code   RO         1962    i.ADC_Init          stm32f0xx_adc.o
    0x080006c8   0x0000000a   Code   RO         1965    i.ADC_StartOfConversion  stm32f0xx_adc.o
    0x080006d2   0x0000000a   Code   RO         1966    i.ADC_StopOfConversion  stm32f0xx_adc.o
    0x080006dc   0x0000001c   Code   RO         1971    i.ADC_WaitModeCmd   stm32f0xx_adc.o
    0x080006f8   0x00000088   Code   RO         1245    i.Backup_Store_System_Para  main.o
    0x08000780   0x0000007c   Code   RO          853    i.BatteryStatusGet  gsm.o
    0x080007fc   0x0000005e   Code   RO          814    i.CheckSum          gps.o
    0x0800085a   0x00000002   PAD
    0x0800085c   0x00000058   Code   RO         1150    i.Check_AT          led.o
    0x080008b4   0x0000001c   Code   RO         1151    i.Clear_All_GSM_flag  led.o
    0x080008d0   0x0000001c   Code   RO          855    i.ClrGSMBuff        gsm.o
    0x080008ec   0x00000108   Code   RO          154    i.Cmd_ACC           smscmd.o
    0x080009f4   0x000000d4   Code   RO          155    i.Cmd_CXCS          smscmd.o
    0x08000ac8   0x000002b4   Code   RO          156    i.Cmd_CXZD          smscmd.o
    0x08000d7c   0x00000118   Code   RO          157    i.Cmd_CellID        smscmd.o
    0x08000e94   0x00000318   Code   RO          158    i.Cmd_DeviceInfo    smscmd.o
    0x080011ac   0x00000258   Code   RO          159    i.Cmd_Duration      smscmd.o
    0x08001404   0x00000110   Code   RO          160    i.Cmd_ENAUTOSMS     smscmd.o
    0x08001514   0x000000e8   Code   RO          161    i.Cmd_IMEI          smscmd.o
    0x080015fc   0x00000074   Code   RO          162    i.Cmd_Initial       smscmd.o
    0x08001670   0x000001a0   Code   RO          163    i.Cmd_NewNum        smscmd.o
    0x08001810   0x00000064   Code   RO          164    i.Cmd_Position      smscmd.o
    0x08001874   0x000005e4   Code   RO          165    i.Cmd_SETM          smscmd.o
    0x08001e58   0x000001c8   Code   RO          166    i.Cmd_SetMode       smscmd.o
    0x08002020   0x00000468   Code   RO          167    i.Cmd_SetNET        smscmd.o
    0x08002488   0x00000110   Code   RO          168    i.Cmd_SetPsw        smscmd.o
    0x08002598   0x000001ec   Code   RO          169    i.Cmd_SetWakeTime   smscmd.o
    0x08002784   0x00000160   Code   RO          170    i.Cmd_Setmid        smscmd.o
    0x080028e4   0x00000120   Code   RO          171    i.Cmd_ShowRegNum    smscmd.o
    0x08002a04   0x00000210   Code   RO          172    i.Cmd_SleepTime     smscmd.o
    0x08002c14   0x00000260   Code   RO          173    i.Cmd_SpeedLimit    smscmd.o
    0x08002e74   0x00000104   Code   RO          175    i.Cmd_relay         smscmd.o
    0x08002f78   0x00000148   Code   RO          176    i.Cmd_shocks        smscmd.o
    0x080030c0   0x00000164   Code   RO          856    i.Configuration_TEXT_SMS  gsm.o
    0x08003224   0x000000d4   Code   RO          857    i.Deal_GSMRTC       gsm.o
    0x080032f8   0x00000064   Code   RO          558    i.Deal_GSM_LAC      gprs.o
    0x0800335c   0x0000024c   Code   RO         1246    i.Deal_SMS          main.o
    0x080035a8   0x00000014   Code   RO          443    i.EXTI0_1_IRQHandler  stm32f0xx_it.o
    0x080035bc   0x00000114   Code   RO          444    i.EXTI4_15_IRQHandler  stm32f0xx_it.o
    0x080036d0   0x0000000c   Code   RO         2566    i.EXTI_ClearITPendingBit  stm32f0xx_exti.o
    0x080036dc   0x00000028   Code   RO         2570    i.EXTI_GetITStatus  stm32f0xx_exti.o
    0x08003704   0x00000088   Code   RO         2571    i.EXTI_Init         stm32f0xx_exti.o
    0x0800378c   0x0000000c   Code   RO         2623    i.FLASH_ClearFlag   stm32f0xx_flash.o
    0x08003798   0x0000004c   Code   RO         2625    i.FLASH_ErasePage   stm32f0xx_flash.o
    0x080037e4   0x00000024   Code   RO         1248    i.FLASH_ErasePage_Complete  main.o
    0x08003808   0x00000034   Code   RO         2628    i.FLASH_GetStatus   stm32f0xx_flash.o
    0x0800383c   0x00000014   Code   RO         2630    i.FLASH_Lock        stm32f0xx_flash.o
    0x08003850   0x0000006c   Code   RO         2648    i.FLASH_ProgramWord  stm32f0xx_flash.o
    0x080038bc   0x00000024   Code   RO         2650    i.FLASH_Unlock      stm32f0xx_flash.o
    0x080038e0   0x00000028   Code   RO         2651    i.FLASH_WaitForLastOperation  stm32f0xx_flash.o
    0x08003908   0x00000078   Code   RO          860    i.GC65_CGATT        gsm.o
    0x08003980   0x00000070   Code   RO          861    i.GC65_CPIN         gsm.o
    0x080039f0   0x00000090   Code   RO         2808    i.GPIO_Init         stm32f0xx_gpio.o
    0x08003a80   0x00000044   Code   RO         2809    i.GPIO_PinAFConfig  stm32f0xx_gpio.o
    0x08003ac4   0x00000012   Code   RO         2812    i.GPIO_ReadInputDataBit  stm32f0xx_gpio.o
    0x08003ad6   0x00000004   Code   RO         2815    i.GPIO_ResetBits    stm32f0xx_gpio.o
    0x08003ada   0x00000004   Code   RO         2816    i.GPIO_SetBits      stm32f0xx_gpio.o
    0x08003ade   0x00000002   PAD
    0x08003ae0   0x00000198   Code   RO          559    i.GPS_Deal          gprs.o
    0x08003c78   0x000001a4   Code   RO         1152    i.GSM_Power         led.o
    0x08003e1c   0x00000074   Code   RO          864    i.GSM_QICLOSED      gsm.o
    0x08003e90   0x0000002c   Code   RO         1153    i.GSM_reset         led.o
    0x08003ebc   0x0000020c   Code   RO          815    i.GetAvailableGPSInfoV  gps.o
    0x080040c8   0x00000034   Code   RO          865    i.GetAvailableGPSInfoV_N  gsm.o
    0x080040fc   0x00000108   Code   RO          866    i.GetGPRSStatus     gsm.o
    0x08004204   0x00000090   Code   RO         1405    i.GetVoltage        adc.o
    0x08004294   0x00000064   Code   RO         1406    i.Get_Adc           adc.o
    0x080042f8   0x0000008c   Code   RO         1800    i.Get_GPS_module    usart1.o
    0x08004384   0x00000038   Code   RO          445    i.HardFault_Handler  stm32f0xx_it.o
    0x080043bc   0x00000038   Code   RO         1715    i.IIC_lsm330_Ack    i2c_lsm330.o
    0x080043f4   0x00000038   Code   RO         1717    i.IIC_lsm330_NAck   i2c_lsm330.o
    0x0800442c   0x0000005c   Code   RO         1718    i.IIC_lsm330_Read_Byte  i2c_lsm330.o
    0x08004488   0x0000006c   Code   RO         1719    i.IIC_lsm330_Send_Byte  i2c_lsm330.o
    0x080044f4   0x00000038   Code   RO         1720    i.IIC_lsm330_Start  i2c_lsm330.o
    0x0800452c   0x00000038   Code   RO         1721    i.IIC_lsm330_Stop   i2c_lsm330.o
    0x08004564   0x00000054   Code   RO         1722    i.IIC_lsm330_Wait_Ack  i2c_lsm330.o
    0x080045b8   0x00000110   Code   RO         1154    i.IO_Init           led.o
    0x080046c8   0x00000010   Code   RO         3157    i.IWDG_Enable       stm32f0xx_iwdg.o
    0x080046d8   0x00000008   Code   RO         1878    i.IWDG_Feed         wdg.o
    0x080046e0   0x00000028   Code   RO         1879    i.IWDG_Init         wdg.o
    0x08004708   0x00000010   Code   RO         3159    i.IWDG_ReloadCounter  stm32f0xx_iwdg.o
    0x08004718   0x0000000c   Code   RO         3160    i.IWDG_SetPrescaler  stm32f0xx_iwdg.o
    0x08004724   0x0000000c   Code   RO         3161    i.IWDG_SetReload    stm32f0xx_iwdg.o
    0x08004730   0x0000000c   Code   RO         3163    i.IWDG_WriteAccessCmd  stm32f0xx_iwdg.o
    0x0800473c   0x000011f0   Code   RO         1374    i.InitialSetting    set_system_use_uart.o
    0x0800592c   0x0000003c   Code   RO          560    i.Is_Leap_Year      gprs.o
    0x08005968   0x0000005c   Code   RO         1439    i.LMS330DLC_AccGetDataRate  lsm330dlc_driver.o
    0x080059c4   0x0000003c   Code   RO         1440    i.LMS330DLC_AccSetIrqDuration  lsm330dlc_driver.o
    0x08005a00   0x00000018   Code   RO         1441    i.LMS330DLC_AccSetThreshold  lsm330dlc_driver.o
    0x08005a18   0x00000040   Code   RO         1457    i.LMS330DLC_ReadReg  lsm330dlc_driver.o
    0x08005a58   0x0000001e   Code   RO         1465    i.LMS330DLC_SetInt1Duration  lsm330dlc_driver.o
    0x08005a76   0x0000001e   Code   RO         1467    i.LMS330DLC_SetInt1Threshold  lsm330dlc_driver.o
    0x08005a94   0x00000030   Code   RO         1478    i.LMS330DLC_WriteReg  lsm330dlc_driver.o
    0x08005ac4   0x00000002   Code   RO          446    i.NMI_Handler       stm32f0xx_it.o
    0x08005ac6   0x00000002   PAD
    0x08005ac8   0x00000070   Code   RO         3209    i.NVIC_Init         stm32f0xx_misc.o
    0x08005b38   0x00000078   Code   RO         1249    i.NVIC_SetPriority  main.o
    0x08005bb0   0x00000028   Code   RO         3237    i.PWR_BackupAccessCmd  stm32f0xx_pwr.o
    0x08005bd8   0x00000044   Code   RO         3241    i.PWR_EnterSTOPMode  stm32f0xx_pwr.o
    0x08005c1c   0x00000002   Code   RO          447    i.PendSV_Handler    stm32f0xx_it.o
    0x08005c1e   0x00000002   PAD
    0x08005c20   0x00000090   Code   RO         1375    i.PrintATF          set_system_use_uart.o
    0x08005cb0   0x00000020   Code   RO         3308    i.RCC_AHBPeriphClockCmd  stm32f0xx_rcc.o
    0x08005cd0   0x00000020   Code   RO         3310    i.RCC_APB1PeriphClockCmd  stm32f0xx_rcc.o
    0x08005cf0   0x00000020   Code   RO         3311    i.RCC_APB1PeriphResetCmd  stm32f0xx_rcc.o
    0x08005d10   0x00000020   Code   RO         3312    i.RCC_APB2PeriphClockCmd  stm32f0xx_rcc.o
    0x08005d30   0x00000020   Code   RO         3313    i.RCC_APB2PeriphResetCmd  stm32f0xx_rcc.o
    0x08005d50   0x00000028   Code   RO         3316    i.RCC_BackupResetCmd  stm32f0xx_rcc.o
    0x08005d78   0x0000016c   Code   RO         3322    i.RCC_GetClocksFreq  stm32f0xx_rcc.o
    0x08005ee4   0x00000048   Code   RO         3323    i.RCC_GetFlagStatus  stm32f0xx_rcc.o
    0x08005f2c   0x00000024   Code   RO         3335    i.RCC_LSICmd        stm32f0xx_rcc.o
    0x08005f50   0x00000028   Code   RO         3341    i.RCC_RTCCLKCmd     stm32f0xx_rcc.o
    0x08005f78   0x00000010   Code   RO         3342    i.RCC_RTCCLKConfig  stm32f0xx_rcc.o
    0x08005f88   0x00000068   Code   RO         1155    i.RING_EXTI0_Config  led.o
    0x08005ff0   0x00000050   Code   RO          561    i.RTC2Position_time  gprs.o
    0x08006040   0x0000006c   Code   RO         3553    i.RTC_AlarmCmd      stm32f0xx_rtc.o
    0x080060ac   0x0000001a   Code   RO         3556    i.RTC_Bcd2ToByte    stm32f0xx_rtc.o
    0x080060c6   0x0000001c   Code   RO         3558    i.RTC_ByteToBcd2    stm32f0xx_rtc.o
    0x080060e2   0x00000002   PAD
    0x080060e4   0x00000024   Code   RO         3562    i.RTC_ClearITPendingBit  stm32f0xx_rtc.o
    0x08006108   0x000000f4   Code   RO         1250    i.RTC_Config        main.o
    0x080061fc   0x00000054   Code   RO         3566    i.RTC_EnterInitMode  stm32f0xx_rtc.o
    0x08006250   0x00000014   Code   RO         3567    i.RTC_ExitInitMode  stm32f0xx_rtc.o
    0x08006264   0x00000158   Code   RO          562    i.RTC_Get           gprs.o
    0x080063bc   0x0000004c   Code   RO         3572    i.RTC_GetITStatus   stm32f0xx_rtc.o
    0x08006408   0x00000030   Code   RO          448    i.RTC_IRQHandler    stm32f0xx_it.o
    0x08006438   0x00000064   Code   RO         3578    i.RTC_ITConfig      stm32f0xx_rtc.o
    0x0800649c   0x00000058   Code   RO         3579    i.RTC_Init          stm32f0xx_rtc.o
    0x080064f4   0x000000c0   Code   RO          563    i.RTC_Set           gprs.o
    0x080065b4   0x000000d4   Code   RO         3584    i.RTC_SetAlarm      stm32f0xx_rtc.o
    0x08006688   0x000000cc   Code   RO         3586    i.RTC_SetTime       stm32f0xx_rtc.o
    0x08006754   0x00000068   Code   RO         3599    i.RTC_WaitForSynchro  stm32f0xx_rtc.o
    0x080067bc   0x0000010c   Code   RO         1251    i.RestoreSystem     main.o
    0x080068c8   0x000000a8   Code   RO          867    i.SET_APN           gsm.o
    0x08006970   0x00000002   Code   RO          449    i.SVC_Handler       stm32f0xx_it.o
    0x08006972   0x00000002   PAD
    0x08006974   0x00000040   Code   RO         4057    i.SYSCFG_EXTILineConfig  stm32f0xx_syscfg.o
    0x080069b4   0x0000007c   Code   RO         1252    i.SYSCLKConfig_STOP  main.o
    0x08006a30   0x00000018   Code   RO          868    i.SendALARMSMS1     gsm.o
    0x08006a48   0x000001b8   Code   RO          564    i.SendGprs_Index    gprs.o
    0x08006c00   0x00000244   Code   RO          869    i.SendLocaSMS       gsm.o
    0x08006e44   0x00000012   Code   RO          870    i.SendLocaSMS1      gsm.o
    0x08006e56   0x00000002   PAD
    0x08006e58   0x000000e0   Code   RO          871    i.SendMsg           gsm.o
    0x08006f38   0x00000028   Code   RO          872    i.SendMsg_Parameter_error  gsm.o
    0x08006f60   0x00000024   Code   RO          873    i.SendMsg_Password_error  gsm.o
    0x08006f84   0x00000114   Code   RO          874    i.SendMsg_UCS2      gsm.o
    0x08007098   0x0000001c   Code   RO          875    i.Send_lowpower_LocaSMS  gsm.o
    0x080070b4   0x00000070   Code   RO          876    i.Send_speed_ALARMSMS  gsm.o
    0x08007124   0x000000f4   Code   RO          565    i.SetGPRS           gprs.o
    0x08007218   0x00000084   Code   RO          525    i.SetSysClock       system_stm32f0xx.o
    0x0800729c   0x00000084   Code   RO         1253    i.Set_Store_System_Para  main.o
    0x08007320   0x00000400   Code   RO          877    i.StartGPRS         gsm.o
    0x08007720   0x00000228   Code   RO          878    i.StartGPRStoAGPS   gsm.o
    0x08007948   0x00000058   Code   RO         1254    i.Store_System_Para  main.o
    0x080079a0   0x00000040   Code   RO         1255    i.SysTick_Config    main.o
    0x080079e0   0x00000240   Code   RO          450    i.SysTick_Handler   stm32f0xx_it.o
    0x08007c20   0x0000007c   Code   RO          527    i.SystemInit        system_stm32f0xx.o
    0x08007c9c   0x00000260   Code   RO          451    i.TIM3_IRQHandler   stm32f0xx_it.o
    0x08007efc   0x00000006   Code   RO         4122    i.TIM_ClearITPendingBit  stm32f0xx_tim.o
    0x08007f02   0x00000002   PAD
    0x08007f04   0x0000001c   Code   RO         4127    i.TIM_Cmd           stm32f0xx_tim.o
    0x08007f20   0x0000007c   Code   RO         1257    i.TIM_Config        main.o
    0x08007f9c   0x00000006   Code   RO         4144    i.TIM_GetCapture3   stm32f0xx_tim.o
    0x08007fa2   0x00000026   Code   RO         4148    i.TIM_GetITStatus   stm32f0xx_tim.o
    0x08007fc8   0x00000014   Code   RO         4152    i.TIM_ITConfig      stm32f0xx_tim.o
    0x08007fdc   0x00000006   Code   RO         4176    i.TIM_PrescalerConfig  stm32f0xx_tim.o
    0x08007fe2   0x00000004   Code   RO         4192    i.TIM_SetCompare3   stm32f0xx_tim.o
    0x08007fe6   0x00000002   PAD
    0x08007fe8   0x0000007c   Code   RO         4200    i.TIM_TimeBaseInit  stm32f0xx_tim.o
    0x08008064   0x00000040   Code   RO         1801    i.UART0_ReceiveData  usart1.o
    0x080080a4   0x00000138   Code   RO          881    i.UDPSendData_Index  gsm.o
    0x080081dc   0x000002a0   Code   RO         1802    i.USART1_IRQHandler  usart1.o
    0x0800847c   0x000003b8   Code   RO         1803    i.USART2_IRQHandler  usart1.o
    0x08008834   0x00000012   Code   RO         4680    i.USART_ClearITPendingBit  stm32f0xx_usart.o
    0x08008846   0x00000018   Code   RO         4683    i.USART_Cmd         stm32f0xx_usart.o
    0x0800885e   0x00000002   PAD
    0x08008860   0x00000040   Code   RO         4689    i.USART_DeInit      stm32f0xx_usart.o
    0x080088a0   0x0000004e   Code   RO         4692    i.USART_GetITStatus  stm32f0xx_usart.o
    0x080088ee   0x00000042   Code   RO         4694    i.USART_ITConfig    stm32f0xx_usart.o
    0x08008930   0x000000f0   Code   RO         4695    i.USART_Init        stm32f0xx_usart.o
    0x08008a20   0x0000000a   Code   RO         4707    i.USART_ReceiveData  stm32f0xx_usart.o
    0x08008a2a   0x00000008   Code   RO         4712    i.USART_SendData    stm32f0xx_usart.o
    0x08008a32   0x00000002   PAD
    0x08008a34   0x000000e8   Code   RO         1804    i.UbxConfig         usart1.o
    0x08008b1c   0x000000a4   Code   RO          883    i.WaitGSMOK1        gsm.o
    0x08008bc0   0x000000e0   Code   RO          884    i.WaitGSMOK2        gsm.o
    0x08008ca0   0x00000124   Code   RO          885    i.WaitGSM_ReadyCOPS  gsm.o
    0x08008dc4   0x000000c8   Code   RO          886    i.WaitGSM_ReadyNet  gsm.o
    0x08008e8c   0x0000008c   Code   RO          887    i.WaitGSM_ReadyQIMUX  gsm.o
    0x08008f18   0x0000001c   Code   RO          339    i.__ARM_common_switch8  smscmd.o
    0x08008f34   0x0000000e   Code   RO         5162    i.__scatterload_copy  mc_p.l(handlers.o)
    0x08008f42   0x00000002   Code   RO         5163    i.__scatterload_null  mc_p.l(handlers.o)
    0x08008f44   0x0000000e   Code   RO         5164    i.__scatterload_zeroinit  mc_p.l(handlers.o)
    0x08008f52   0x0000001e   Code   RO          177    i.all_ascii0        smscmd.o
    0x08008f70   0x000000ac   Code   RO          566    i.analysis          gprs.o
    0x0800901c   0x00000cd0   Code   RO          178    i.analysis_sms      smscmd.o
    0x08009cec   0x000002f4   Code   RO          567    i.asciitodate       gprs.o
    0x08009fe0   0x0000009c   Code   RO          568    i.asciitodirection  gprs.o
    0x0800a07c   0x0000010a   Code   RO          888    i.asciitohex        gsm.o
    0x0800a186   0x00000002   PAD
    0x0800a188   0x000000a4   Code   RO          569    i.asciitolatitude   gprs.o
    0x0800a22c   0x000000c0   Code   RO          571    i.asciitospeed      gprs.o
    0x0800a2ec   0x0000003c   Code   RO         1258    i.check_sleep_state  main.o
    0x0800a328   0x00000078   Code   RO          572    i.cmd_0002          gprs.o
    0x0800a3a0   0x00000058   Code   RO          573    i.cmd_0200          gprs.o
    0x0800a3f8   0x00000084   Code   RO          574    i.cmd_CHINESE_POSITION_rece  gprs.o
    0x0800a47c   0x0000009c   Code   RO          179    i.cmd_CSKMG         smscmd.o
    0x0800a518   0x000000a8   Code   RO          575    i.cmd_GENERAL_RESPONSION  gprs.o
    0x0800a5c0   0x0000019c   Code   RO          576    i.cmd_INQUIRE_CHINESE_POSITION  gprs.o
    0x0800a75c   0x000004a0   Code   RO          577    i.cmd_INQUIRE_ONE_TERMINAL_PARAMETER  gprs.o
    0x0800abfc   0x00000044   Code   RO          578    i.cmd_INQUIRE_POSITION  gprs.o
    0x0800ac40   0x00000408   Code   RO          579    i.cmd_INQUIRE_TERMINAL_PARAMETER  gprs.o
    0x0800b048   0x000000b4   Code   RO          580    i.cmd_OIL_BREAK     gprs.o
    0x0800b0fc   0x00000002   Code   RO          581    i.cmd_SET_GPRS_SERVICER  gprs.o
    0x0800b0fe   0x00000002   PAD
    0x0800b100   0x00000354   Code   RO          582    i.cmd_SET_TERMINAL_PARAMETER  gprs.o
    0x0800b454   0x00000060   Code   RO          583    i.cmd_TEMPORARY_POSTION  gprs.o
    0x0800b4b4   0x000000c0   Code   RO          584    i.constructor       gprs.o
    0x0800b574   0x000000d0   Code   RO         1805    i.ddi_uart1_init    usart1.o
    0x0800b644   0x0000009c   Code   RO         1806    i.ddi_uart2_init    usart1.o
    0x0800b6e0   0x0000005c   Code   RO         1807    i.ddi_uart_Write    usart1.o
    0x0800b73c   0x00000134   Code   RO         1808    i.ddi_uart_open     usart1.o
    0x0800b870   0x00000030   Code   RO          889    i.deal_g_ucSim900Status  gsm.o
    0x0800b8a0   0x00000020   Code   RO         1723    i.delayms           i2c_lsm330.o
    0x0800b8c0   0x00000016   Code   RO         1259    i.delayms_nodog     main.o
    0x0800b8d6   0x00000038   Code   RO         1724    i.delayus           i2c_lsm330.o
    0x0800b90e   0x00000002   PAD
    0x0800b910   0x000002fc   Code   RO         1260    i.energy            main.o
    0x0800bc0c   0x0000004c   Code   RO         1900    i.flash_copy        ddi_norflash.o
    0x0800bc58   0x0000001a   Code   RO         1156    i.get_ACC_CHECK_status  led.o
    0x0800bc72   0x0000001a   Code   RO         1157    i.get_ALARM_status  led.o
    0x0800bc8c   0x0000001c   Code   RO         1158    i.get_GSM_RING_status  led.o
    0x0800bca8   0x00000160   Code   RO          585    i.get_ID            gprs.o
    0x0800be08   0x000000b0   Code   RO          586    i.get_lac_gps       gprs.o
    0x0800beb8   0x00000148   Code   RO          892    i.hex2BCD_ASCII     gsm.o
    0x0800c000   0x00000020   Code   RO          893    i.hex2BCD_ASCII1    gsm.o
    0x0800c020   0x00000056   Code   RO          895    i.hextoascii        gsm.o
    0x0800c076   0x00000012   Code   RO          896    i.isdigit_w         gsm.o
    0x0800c088   0x00000036   Code   RO          897    i.isdigtit_len      gsm.o
    0x0800c0be   0x00000002   PAD
    0x0800c0c0   0x00000028   Code   RO         1725    i.lsm330_SDA_IN     i2c_lsm330.o
    0x0800c0e8   0x0000002c   Code   RO         1726    i.lsm330_SDA_OUT    i2c_lsm330.o
    0x0800c114   0x0000084c   Code   RO         1261    i.main              main.o
    0x0800c960   0x0000008c   Code   RO         1901    i.mileage_flash_init  ddi_norflash.o
    0x0800c9ec   0x000000c4   Code   RO         1902    i.mileage_init      ddi_norflash.o
    0x0800cab0   0x00000078   Code   RO         1903    i.mileage_read      ddi_norflash.o
    0x0800cb28   0x000001dc   Code   RO         1904    i.mileage_write     ddi_norflash.o
    0x0800cd04   0x00000030   Code   RO          588    i.porttou32         gprs.o
    0x0800cd34   0x0000002c   Code   RO          816    i.reset_gps         gps.o
    0x0800cd60   0x00000148   Code   RO          898    i.send_chinese_sms  gsm.o
    0x0800cea8   0x000004c4   Code   RO          589    i.send_location_gprs  gprs.o
    0x0800d36c   0x00000148   Code   RO          180    i.setSMS            smscmd.o
    0x0800d4b4   0x00000020   Code   RO         1160    i.set_GPS_POWERON   led.o
    0x0800d4d4   0x00000026   Code   RO         1481    i.set_Impact        lsm330dlc_driver.o
    0x0800d4fa   0x00000024   Code   RO         1162    i.set_OIL_BREAK     led.o
    0x0800d51e   0x00000002   PAD
    0x0800d520   0x000004b0   Code   RO          182    i.sub_cxcs          smscmd.o
    0x0800d9d0   0x00000026   Code   RO          591    i.swapHLchar        gprs.o
    0x0800d9f6   0x00000002   PAD
    0x0800d9f8   0x000000a0   Code   RO         1262    i.sys_Init          main.o
    0x0800da98   0x00000264   Code   RO          592    i.test_a_gps        gprs.o
    0x0800dcfc   0x000000a0   Code   RO          593    i.u32toport         gprs.o
    0x0800dd9c   0x000000f0   Code   RO          594    i.uploadLAC_InquireChinese  gprs.o
    0x0800de8c   0x0000000b   Data   RO          184    .constdata          smscmd.o
    0x0800de97   0x00000018   Data   RO          596    .constdata          gprs.o
    0x0800deaf   0x00000001   PAD
    0x0800deb0   0x000000ff   Data   RO          899    .constdata          gsm.o
    0x0800dfaf   0x00000001   PAD
    0x0800dfb0   0x0000001c   Data   RO         1163    .constdata          led.o
    0x0800dfcc   0x00000076   Data   RO         1264    .constdata          main.o
    0x0800e042   0x00000002   PAD
    0x0800e044   0x00000020   Data   RO         5160    Region$$Table       anon$$obj.o


    Execution Region RW_IRAM1 (Base: 0x20000000, Size: 0x00001dc8, Max: 0x00002000, ABSOLUTE, COMPRESSED[0x00000034])

    Base Addr    Size         Type   Attr      Idx    E Section Name        Object

    0x20000000   0x00000010   Data   RW          185    .data               smscmd.o
    0x20000010   0x0000004b   Data   RW          452    .data               stm32f0xx_it.o
    0x2000005b   0x00000001   PAD
    0x2000005c   0x00000014   Data   RW          528    .data               system_stm32f0xx.o
    0x20000070   0x00000068   Data   RW          597    .data               gprs.o
    0x200000d8   0x00000005   Data   RW          818    .data               gps.o
    0x200000dd   0x00000003   PAD
    0x200000e0   0x00000009   Data   RW          900    .data               gsm.o
    0x200000e9   0x00000003   PAD
    0x200000ec   0x00000060   Data   RW         1265    .data               main.o
    0x2000014c   0x00000001   Data   RW         1377    .data               set_system_use_uart.o
    0x2000014d   0x00000003   PAD
    0x20000150   0x00000004   Data   RW         1727    .data               i2c_lsm330.o
    0x20000154   0x0000001f   Data   RW         1811    .data               usart1.o
    0x20000173   0x00000010   Data   RW         3346    .data               stm32f0xx_rcc.o
    0x20000183   0x00000001   PAD
    0x20000184   0x000001ea   Zero   RW          183    .bss                smscmd.o
    0x2000036e   0x0000000a   Zero   RW          595    .bss                gprs.o
    0x20000378   0x00000034   Zero   RW          817    .bss                gps.o
    0x200003ac   0x00000004   PAD
    0x200003b0   0x00000778   Zero   RW         1263    .bss                main.o
    0x20000b28   0x000002a0   Zero   RW         1809    .bss                usart1.o
    0x20000dc8   0x00001000   Zero   RW          146    STACK               startup_stm32f0xx.o


==============================================================================

Image component sizes


      Code (inc. data)   RO Data    RW Data    ZI Data      Debug   Object Name

       400         20          0          0          0       2021   adc.o
      1008         42          0          0          0       3544   ddi_norflash.o
     10680        960         24        104         10      30551   gprs.o
       662         46          0          5         52       3450   gps.o
      6958       1662        255          9          0      22339   gsm.o
       680         44          0          4          0       6743   i2c_lsm330.o
      1104        148         28          0          0       7125   led.o
       386         20          0          0          0       5006   lsm330dlc_driver.o
      5054        724        118         96       1912      19623   main.o
      4736       1372          0          1          0       3452   set_system_use_uart.o
     15218       2194         11         16        490     179318   smscmd.o
        28          8        192          0       4096        644   startup_stm32f0xx.o
         0          0          0          0          0     158684   stm32f0_discovery.o
       310          8          0          0          0       6509   stm32f0xx_adc.o
       188         16          0          0          0       2040   stm32f0xx_exti.o
       344         38          0          0          0       4119   stm32f0xx_flash.o
       238          0          0          0          0       3327   stm32f0xx_gpio.o
      1590        284          0         75          0       5865   stm32f0xx_it.o
        68         34          0          0          0       2370   stm32f0xx_iwdg.o
       112          6          0          0          0        892   stm32f0xx_misc.o
       108         12          0          0          0       1110   stm32f0xx_pwr.o
       728         68          0         16          0       7049   stm32f0xx_rcc.o
      1086         52          0          0          0       8166   stm32f0xx_rtc.o
        64          4          0          0          0        612   stm32f0xx_syscfg.o
       232         38          0          0          0       5008   stm32f0xx_tim.o
       508         18          0          0          0       5736   stm32f0xx_usart.o
       256         22          0         20          0       1441   system_stm32f0xx.o
      2824        510          0         31        672      14281   usart1.o
        48          6          0          0          0        836   wdg.o

    ----------------------------------------------------------------------
     55654       8356        664        388       7236     511861   Object Totals
         0          0         32          0          0          0   (incl. Generated)
        36          0          4         11          4          0   (incl. Padding)

    ----------------------------------------------------------------------

      Code (inc. data)   RO Data    RW Data    ZI Data      Debug   Library Member Name

        58          0          0          0          0          0   __dczerorl.o
         0          0          0          0          0          0   entry.o
         0          0          0          0          0          0   entry10a.o
         0          0          0          0          0          0   entry11a.o
         8          4          0          0          0          0   entry2.o
         4          0          0          0          0          0   entry5.o
         0          0          0          0          0          0   entry7b.o
         0          0          0          0          0          0   entry8b.o
         8          4          0          0          0          0   entry9a.o
        30          0          0          0          0          0   handlers.o
        40          0          0          0          0         72   idiv.o
        36          8          0          0          0         68   init.o
         0          0          0          0          0          0   iusefp.o
        32          0          0          0          0         68   llshl.o
        34          0          0          0          0         68   llushr.o
        36          0          0          0          0         60   memcpya.o
        36          0          0          0          0        100   memseta.o
        24          0          0          0          0         60   strcat.o
        18          0          0          0          0         60   strcpy.o
        14          0          0          0          0         60   strlen.o
        40          0          0          0          0         68   strncat.o
        30          0          0          0          0         72   strncmp.o
        26          0          0          0          0         68   strncpy.o
        40          0          0          0          0         72   strstr.o
        44          0          0          0          0         72   uidiv.o
        96          0          0          0          0         84   uldiv.o
        20          0          0          0          0         60   uread4.o
        18          0          0          0          0         60   uwrite4.o
       124          0          0          0          0         72   fdiv.o
       132          0          0          0          0        144   fepilogue.o
        40          0          0          0          0         60   ffixui.o
        14          0          0          0          0         68   ffltui.o
       122          0          0          0          0         72   fmul.o

    ----------------------------------------------------------------------
      1126         16          0          0          0       1588   Library Totals
         2          0          0          0          0          0   (incl. Padding)

    ----------------------------------------------------------------------

      Code (inc. data)   RO Data    RW Data    ZI Data      Debug   Library Name

       692         16          0          0          0       1172   mc_p.l
       432          0          0          0          0        416   mf_p.l

    ----------------------------------------------------------------------
      1126         16          0          0          0       1588   Library Totals

    ----------------------------------------------------------------------

==============================================================================


      Code (inc. data)   RO Data    RW Data    ZI Data      Debug   

     56780       8372        664        388       7236     501693   Grand Totals
     56780       8372        664         52       7236     501693   ELF Image Totals (compressed)
     56780       8372        664         52          0          0   ROM Totals

==============================================================================

    Total RO  Size (Code + RO Data)                57444 (  56.10kB)
    Total RW  Size (RW Data + ZI Data)              7624 (   7.45kB)
    Total ROM Size (Code + RO Data + RW Data)      57496 (  56.15kB)

==============================================================================

